Archive member included because of file (symbol)

c:/program files/atmel/avr tools/avr toolchain/bin/../lib/gcc/avr/4.6.2/avr5\libgcc.a(_exit.o)
                              c:/program files/atmel/avr tools/avr toolchain/bin/../lib/gcc/avr/4.6.2/../../../../avr/lib/avr5/crtm328p.o (exit)
c:/program files/atmel/avr tools/avr toolchain/bin/../lib/gcc/avr/4.6.2/avr5\libgcc.a(_copy_data.o)
                              wiznetweb.o (__do_copy_data)
c:/program files/atmel/avr tools/avr toolchain/bin/../lib/gcc/avr/4.6.2/avr5\libgcc.a(_clear_bss.o)
                              wiznetweb.o (__do_clear_bss)
c:/program files/atmel/avr tools/avr toolchain/bin/../lib/gcc/avr/4.6.2/avr5\libgcc.a(_div_sf.o)
                              wiznetweb.o (__divsf3)
c:/program files/atmel/avr tools/avr toolchain/bin/../lib/gcc/avr/4.6.2/avr5\libgcc.a(_si_to_sf.o)
                              wiznetweb.o (__floatsisf)
c:/program files/atmel/avr tools/avr toolchain/bin/../lib/gcc/avr/4.6.2/avr5\libgcc.a(_sf_to_si.o)
                              wiznetweb.o (__fixsfsi)
c:/program files/atmel/avr tools/avr toolchain/bin/../lib/gcc/avr/4.6.2/avr5\libgcc.a(_thenan_sf.o)
                              c:/program files/atmel/avr tools/avr toolchain/bin/../lib/gcc/avr/4.6.2/avr5\libgcc.a(_div_sf.o) (__thenan_sf)
c:/program files/atmel/avr tools/avr toolchain/bin/../lib/gcc/avr/4.6.2/avr5\libgcc.a(_prologue.o)
                              c:/program files/atmel/avr tools/avr toolchain/bin/../lib/gcc/avr/4.6.2/avr5\libgcc.a(_div_sf.o) (__prologue_saves__)
c:/program files/atmel/avr tools/avr toolchain/bin/../lib/gcc/avr/4.6.2/avr5\libgcc.a(_epilogue.o)
                              c:/program files/atmel/avr tools/avr toolchain/bin/../lib/gcc/avr/4.6.2/avr5\libgcc.a(_div_sf.o) (__epilogue_restores__)
c:/program files/atmel/avr tools/avr toolchain/bin/../lib/gcc/avr/4.6.2/avr5\libgcc.a(_clzsi2.o)
                              c:/program files/atmel/avr tools/avr toolchain/bin/../lib/gcc/avr/4.6.2/avr5\libgcc.a(_si_to_sf.o) (__clzsi2)
c:/program files/atmel/avr tools/avr toolchain/bin/../lib/gcc/avr/4.6.2/avr5\libgcc.a(_pack_sf.o)
                              c:/program files/atmel/avr tools/avr toolchain/bin/../lib/gcc/avr/4.6.2/avr5\libgcc.a(_div_sf.o) (__pack_f)
c:/program files/atmel/avr tools/avr toolchain/bin/../lib/gcc/avr/4.6.2/avr5\libgcc.a(_unpack_sf.o)
                              c:/program files/atmel/avr tools/avr toolchain/bin/../lib/gcc/avr/4.6.2/avr5\libgcc.a(_div_sf.o) (__unpack_f)
c:/program files/atmel/avr tools/avr toolchain/bin/../lib/gcc/avr/4.6.2/avr5\libgcc.a(_clz.o)
                              c:/program files/atmel/avr tools/avr toolchain/bin/../lib/gcc/avr/4.6.2/avr5\libgcc.a(_clzsi2.o) (__clz_tab)
c:/program files/atmel/avr tools/avr toolchain/bin/../lib/gcc/avr/4.6.2/../../../../avr/lib/avr5\libc.a(strcat_P.o)
                              wiznetweb.o (strcat_P)
c:/program files/atmel/avr tools/avr toolchain/bin/../lib/gcc/avr/4.6.2/../../../../avr/lib/avr5\libc.a(strcpy_P.o)
                              wiznetweb.o (strcpy_P)
c:/program files/atmel/avr tools/avr toolchain/bin/../lib/gcc/avr/4.6.2/../../../../avr/lib/avr5\libc.a(strcat.o)
                              wiznetweb.o (strcat)
c:/program files/atmel/avr tools/avr toolchain/bin/../lib/gcc/avr/4.6.2/../../../../avr/lib/avr5\libc.a(strcpy.o)
                              wiznetweb.o (strcpy)
c:/program files/atmel/avr tools/avr toolchain/bin/../lib/gcc/avr/4.6.2/../../../../avr/lib/avr5\libc.a(strncmp.o)
                              wiznetweb.o (strncmp)
c:/program files/atmel/avr tools/avr toolchain/bin/../lib/gcc/avr/4.6.2/../../../../avr/lib/avr5\libc.a(sprintf.o)
                              wiznetweb.o (sprintf)
c:/program files/atmel/avr tools/avr toolchain/bin/../lib/gcc/avr/4.6.2/../../../../avr/lib/avr5\libc.a(vfprintf_std.o)
                              c:/program files/atmel/avr tools/avr toolchain/bin/../lib/gcc/avr/4.6.2/../../../../avr/lib/avr5\libc.a(sprintf.o) (vfprintf)
c:/program files/atmel/avr tools/avr toolchain/bin/../lib/gcc/avr/4.6.2/../../../../avr/lib/avr5\libc.a(strnlen_P.o)
                              c:/program files/atmel/avr tools/avr toolchain/bin/../lib/gcc/avr/4.6.2/../../../../avr/lib/avr5\libc.a(vfprintf_std.o) (strnlen_P)
c:/program files/atmel/avr tools/avr toolchain/bin/../lib/gcc/avr/4.6.2/../../../../avr/lib/avr5\libc.a(strnlen.o)
                              c:/program files/atmel/avr tools/avr toolchain/bin/../lib/gcc/avr/4.6.2/../../../../avr/lib/avr5\libc.a(vfprintf_std.o) (strnlen)
c:/program files/atmel/avr tools/avr toolchain/bin/../lib/gcc/avr/4.6.2/../../../../avr/lib/avr5\libc.a(fputc.o)
                              c:/program files/atmel/avr tools/avr toolchain/bin/../lib/gcc/avr/4.6.2/../../../../avr/lib/avr5\libc.a(vfprintf_std.o) (fputc)
c:/program files/atmel/avr tools/avr toolchain/bin/../lib/gcc/avr/4.6.2/../../../../avr/lib/avr5\libc.a(ultoa_invert.o)
                              c:/program files/atmel/avr tools/avr toolchain/bin/../lib/gcc/avr/4.6.2/../../../../avr/lib/avr5\libc.a(vfprintf_std.o) (__ultoa_invert)

Allocating common symbols
Common symbol       size              file

ledsign             0x1               wiznetweb.o
tempvalue           0x2               wiznetweb.o
sockreg             0x1               wiznetweb.o
buf                 0x200             wiznetweb.o
ledmode             0x1               wiznetweb.o
ledeye              0x1               wiznetweb.o

Memory Configuration

Name             Origin             Length             Attributes
text             0x00000000         0x00020000         xr
data             0x00800060         0x0000ffa0         rw !x
eeprom           0x00810000         0x00010000         rw !x
fuse             0x00820000         0x00000400         rw !x
lock             0x00830000         0x00000400         rw !x
signature        0x00840000         0x00000400         rw !x
*default*        0x00000000         0xffffffff

Linker script and memory map

Address of section .data set to 0x800100
LOAD c:/program files/atmel/avr tools/avr toolchain/bin/../lib/gcc/avr/4.6.2/../../../../avr/lib/avr5/crtm328p.o
LOAD wiznetweb.o
LOAD c:/program files/atmel/avr tools/avr toolchain/bin/../lib/gcc/avr/4.6.2/avr5\libgcc.a
LOAD c:/program files/atmel/avr tools/avr toolchain/bin/../lib/gcc/avr/4.6.2/../../../../avr/lib/avr5\libc.a
LOAD c:/program files/atmel/avr tools/avr toolchain/bin/../lib/gcc/avr/4.6.2/avr5\libgcc.a

.hash
 *(.hash)

.dynsym
 *(.dynsym)

.dynstr
 *(.dynstr)

.gnu.version
 *(.gnu.version)

.gnu.version_d
 *(.gnu.version_d)

.gnu.version_r
 *(.gnu.version_r)

.rel.init
 *(.rel.init)

.rela.init
 *(.rela.init)

.rel.text
 *(.rel.text)
 *(.rel.text.*)
 *(.rel.gnu.linkonce.t*)

.rela.text
 *(.rela.text)
 *(.rela.text.*)
 *(.rela.gnu.linkonce.t*)

.rel.fini
 *(.rel.fini)

.rela.fini
 *(.rela.fini)

.rel.rodata
 *(.rel.rodata)
 *(.rel.rodata.*)
 *(.rel.gnu.linkonce.r*)

.rela.rodata
 *(.rela.rodata)
 *(.rela.rodata.*)
 *(.rela.gnu.linkonce.r*)

.rel.data
 *(.rel.data)
 *(.rel.data.*)
 *(.rel.gnu.linkonce.d*)

.rela.data
 *(.rela.data)
 *(.rela.data.*)
 *(.rela.gnu.linkonce.d*)

.rel.ctors
 *(.rel.ctors)

.rela.ctors
 *(.rela.ctors)

.rel.dtors
 *(.rel.dtors)

.rela.dtors
 *(.rela.dtors)

.rel.got
 *(.rel.got)

.rela.got
 *(.rela.got)

.rel.bss
 *(.rel.bss)

.rela.bss
 *(.rela.bss)

.rel.plt
 *(.rel.plt)

.rela.plt
 *(.rela.plt)

.text           0x00000000     0x16f0
 *(.vectors)
 .vectors       0x00000000       0x68 c:/program files/atmel/avr tools/avr toolchain/bin/../lib/gcc/avr/4.6.2/../../../../avr/lib/avr5/crtm328p.o
                0x00000000                __vector_default
                0x00000000                __vectors
 *(.vectors)
 *(.progmem.gcc*)
 *(.progmem*)
 .progmem.data  0x00000068      0x1d1 wiznetweb.o
                0x0000023a                . = ALIGN (0x2)
 *fill*         0x00000239        0x1 00
                0x0000023a                __trampolines_start = .
 *(.trampolines)
 .trampolines   0x0000023a        0x0 linker stubs
 *(.trampolines*)
                0x0000023a                __trampolines_end = .
 *(.jumptables)
 *(.jumptables*)
 *(.lowtext)
 *(.lowtext*)
                0x0000023a                __ctors_start = .
 *(.ctors)
                0x0000023a                __ctors_end = .
                0x0000023a                __dtors_start = .
 *(.dtors)
                0x0000023a                __dtors_end = .
 SORT(*)(.ctors)
 SORT(*)(.dtors)
 *(.init0)
 .init0         0x0000023a        0x0 c:/program files/atmel/avr tools/avr toolchain/bin/../lib/gcc/avr/4.6.2/../../../../avr/lib/avr5/crtm328p.o
                0x0000023a                __init
 *(.init0)
 *(.init1)
 *(.init1)
 *(.init2)
 .init2         0x0000023a        0xc c:/program files/atmel/avr tools/avr toolchain/bin/../lib/gcc/avr/4.6.2/../../../../avr/lib/avr5/crtm328p.o
 *(.init2)
 *(.init3)
 *(.init3)
 *(.init4)
 .init4         0x00000246       0x16 c:/program files/atmel/avr tools/avr toolchain/bin/../lib/gcc/avr/4.6.2/avr5\libgcc.a(_copy_data.o)
                0x00000246                __do_copy_data
 .init4         0x0000025c       0x10 c:/program files/atmel/avr tools/avr toolchain/bin/../lib/gcc/avr/4.6.2/avr5\libgcc.a(_clear_bss.o)
                0x0000025c                __do_clear_bss
 *(.init4)
 *(.init5)
 *(.init5)
 *(.init6)
 *(.init6)
 *(.init7)
 *(.init7)
 *(.init8)
 *(.init8)
 *(.init9)
 .init9         0x0000026c        0x8 c:/program files/atmel/avr tools/avr toolchain/bin/../lib/gcc/avr/4.6.2/../../../../avr/lib/avr5/crtm328p.o
 *(.init9)
 *(.text)
 .text          0x00000274        0x4 c:/program files/atmel/avr tools/avr toolchain/bin/../lib/gcc/avr/4.6.2/../../../../avr/lib/avr5/crtm328p.o
                0x00000274                __vector_22
                0x00000274                __vector_1
                0x00000274                __vector_24
                0x00000274                __vector_12
                0x00000274                __bad_interrupt
                0x00000274                __vector_6
                0x00000274                __vector_3
                0x00000274                __vector_23
                0x00000274                __vector_25
                0x00000274                __vector_11
                0x00000274                __vector_13
                0x00000274                __vector_17
                0x00000274                __vector_19
                0x00000274                __vector_7
                0x00000274                __vector_5
                0x00000274                __vector_4
                0x00000274                __vector_9
                0x00000274                __vector_2
                0x00000274                __vector_21
                0x00000274                __vector_15
                0x00000274                __vector_8
                0x00000274                __vector_14
                0x00000274                __vector_10
                0x00000274                __vector_18
                0x00000274                __vector_20
 .text          0x00000278      0x570 wiznetweb.o
                0x00000278                SPI_Write
                0x000002a0                SPI_Read
                0x000002ca                W5100_Init
                0x0000039e                close
                0x000003ba                disconnect
                0x000003d6                socket
                0x0000044a                listen
                0x0000048a                send
                0x00000596                recv
                0x0000065e                recv_size
                0x00000682                strindex
                0x000006ee                __vector_16
 .text          0x000007e8        0x0 c:/program files/atmel/avr tools/avr toolchain/bin/../lib/gcc/avr/4.6.2/avr5\libgcc.a(_exit.o)
 .text          0x000007e8        0x0 c:/program files/atmel/avr tools/avr toolchain/bin/../lib/gcc/avr/4.6.2/avr5\libgcc.a(_copy_data.o)
 .text          0x000007e8        0x0 c:/program files/atmel/avr tools/avr toolchain/bin/../lib/gcc/avr/4.6.2/avr5\libgcc.a(_clear_bss.o)
 .text          0x000007e8      0x156 c:/program files/atmel/avr tools/avr toolchain/bin/../lib/gcc/avr/4.6.2/avr5\libgcc.a(_div_sf.o)
                0x000007e8                __divsf3
 .text          0x0000093e       0xee c:/program files/atmel/avr tools/avr toolchain/bin/../lib/gcc/avr/4.6.2/avr5\libgcc.a(_si_to_sf.o)
                0x0000093e                __floatsisf
 .text          0x00000a2c       0xa2 c:/program files/atmel/avr tools/avr toolchain/bin/../lib/gcc/avr/4.6.2/avr5\libgcc.a(_sf_to_si.o)
                0x00000a2c                __fixsfsi
 .text          0x00000ace        0x0 c:/program files/atmel/avr tools/avr toolchain/bin/../lib/gcc/avr/4.6.2/avr5\libgcc.a(_thenan_sf.o)
 .text          0x00000ace        0x0 c:/program files/atmel/avr tools/avr toolchain/bin/../lib/gcc/avr/4.6.2/avr5\libgcc.a(_prologue.o)
 .text          0x00000ace        0x0 c:/program files/atmel/avr tools/avr toolchain/bin/../lib/gcc/avr/4.6.2/avr5\libgcc.a(_epilogue.o)
 .text          0x00000ace       0xa6 c:/program files/atmel/avr tools/avr toolchain/bin/../lib/gcc/avr/4.6.2/avr5\libgcc.a(_clzsi2.o)
                0x00000ace                __clzsi2
 .text          0x00000b74      0x1ae c:/program files/atmel/avr tools/avr toolchain/bin/../lib/gcc/avr/4.6.2/avr5\libgcc.a(_pack_sf.o)
                0x00000b74                __pack_f
 .text          0x00000d22       0xd2 c:/program files/atmel/avr tools/avr toolchain/bin/../lib/gcc/avr/4.6.2/avr5\libgcc.a(_unpack_sf.o)
                0x00000d22                __unpack_f
 .text          0x00000df4        0x0 c:/program files/atmel/avr tools/avr toolchain/bin/../lib/gcc/avr/4.6.2/avr5\libgcc.a(_clz.o)
 .text          0x00000df4        0x0 c:/program files/atmel/avr tools/avr toolchain/bin/../lib/gcc/avr/4.6.2/../../../../avr/lib/avr5\libc.a(strcat_P.o)
 .text          0x00000df4        0x0 c:/program files/atmel/avr tools/avr toolchain/bin/../lib/gcc/avr/4.6.2/../../../../avr/lib/avr5\libc.a(strcpy_P.o)
 .text          0x00000df4        0x0 c:/program files/atmel/avr tools/avr toolchain/bin/../lib/gcc/avr/4.6.2/../../../../avr/lib/avr5\libc.a(strcat.o)
 .text          0x00000df4        0x0 c:/program files/atmel/avr tools/avr toolchain/bin/../lib/gcc/avr/4.6.2/../../../../avr/lib/avr5\libc.a(strcpy.o)
 .text          0x00000df4        0x0 c:/program files/atmel/avr tools/avr toolchain/bin/../lib/gcc/avr/4.6.2/../../../../avr/lib/avr5\libc.a(strncmp.o)
 .text          0x00000df4        0x0 c:/program files/atmel/avr tools/avr toolchain/bin/../lib/gcc/avr/4.6.2/../../../../avr/lib/avr5\libc.a(sprintf.o)
 .text          0x00000df4        0x0 c:/program files/atmel/avr tools/avr toolchain/bin/../lib/gcc/avr/4.6.2/../../../../avr/lib/avr5\libc.a(vfprintf_std.o)
 .text          0x00000df4        0x0 c:/program files/atmel/avr tools/avr toolchain/bin/../lib/gcc/avr/4.6.2/../../../../avr/lib/avr5\libc.a(strnlen_P.o)
 .text          0x00000df4        0x0 c:/program files/atmel/avr tools/avr toolchain/bin/../lib/gcc/avr/4.6.2/../../../../avr/lib/avr5\libc.a(strnlen.o)
 .text          0x00000df4        0x0 c:/program files/atmel/avr tools/avr toolchain/bin/../lib/gcc/avr/4.6.2/../../../../avr/lib/avr5\libc.a(fputc.o)
 .text          0x00000df4        0x0 c:/program files/atmel/avr tools/avr toolchain/bin/../lib/gcc/avr/4.6.2/../../../../avr/lib/avr5\libc.a(ultoa_invert.o)
                0x00000df4                . = ALIGN (0x2)
 *(.text.*)
 .text.startup  0x00000df4      0x2e6 wiznetweb.o
                0x00000df4                main
 .text.libgcc   0x000010da        0x0 c:/program files/atmel/avr tools/avr toolchain/bin/../lib/gcc/avr/4.6.2/avr5\libgcc.a(_exit.o)
 .text.libgcc   0x000010da        0x0 c:/program files/atmel/avr tools/avr toolchain/bin/../lib/gcc/avr/4.6.2/avr5\libgcc.a(_copy_data.o)
 .text.libgcc   0x000010da        0x0 c:/program files/atmel/avr tools/avr toolchain/bin/../lib/gcc/avr/4.6.2/avr5\libgcc.a(_clear_bss.o)
 .text.libgcc   0x000010da       0x38 c:/program files/atmel/avr tools/avr toolchain/bin/../lib/gcc/avr/4.6.2/avr5\libgcc.a(_prologue.o)
                0x000010da                __prologue_saves__
 .text.libgcc   0x00001112       0x36 c:/program files/atmel/avr tools/avr toolchain/bin/../lib/gcc/avr/4.6.2/avr5\libgcc.a(_epilogue.o)
                0x00001112                __epilogue_restores__
 .text.avr-libc
                0x00001148       0x16 c:/program files/atmel/avr tools/avr toolchain/bin/../lib/gcc/avr/4.6.2/../../../../avr/lib/avr5\libc.a(strcat_P.o)
                0x00001148                strcat_P
 .text.avr-libc
                0x0000115e        0xe c:/program files/atmel/avr tools/avr toolchain/bin/../lib/gcc/avr/4.6.2/../../../../avr/lib/avr5\libc.a(strcpy_P.o)
                0x0000115e                strcpy_P
 .text.avr-libc
                0x0000116c       0x16 c:/program files/atmel/avr tools/avr toolchain/bin/../lib/gcc/avr/4.6.2/../../../../avr/lib/avr5\libc.a(strcat.o)
                0x0000116c                strcat
 .text.avr-libc
                0x00001182        0xe c:/program files/atmel/avr tools/avr toolchain/bin/../lib/gcc/avr/4.6.2/../../../../avr/lib/avr5\libc.a(strcpy.o)
                0x00001182                strcpy
 .text.avr-libc
                0x00001190       0x1c c:/program files/atmel/avr tools/avr toolchain/bin/../lib/gcc/avr/4.6.2/../../../../avr/lib/avr5\libc.a(strncmp.o)
                0x00001190                strncmp
 .text.avr-libc
                0x000011ac       0x44 c:/program files/atmel/avr tools/avr toolchain/bin/../lib/gcc/avr/4.6.2/../../../../avr/lib/avr5\libc.a(sprintf.o)
                0x000011ac                sprintf
 .text.avr-libc
                0x000011f0      0x3bc c:/program files/atmel/avr tools/avr toolchain/bin/../lib/gcc/avr/4.6.2/../../../../avr/lib/avr5\libc.a(vfprintf_std.o)
                0x000011f0                vfprintf
 .text.avr-libc
                0x000015ac       0x16 c:/program files/atmel/avr tools/avr toolchain/bin/../lib/gcc/avr/4.6.2/../../../../avr/lib/avr5\libc.a(strnlen_P.o)
                0x000015ac                strnlen_P
 .text.avr-libc
                0x000015c2       0x16 c:/program files/atmel/avr tools/avr toolchain/bin/../lib/gcc/avr/4.6.2/../../../../avr/lib/avr5\libc.a(strnlen.o)
                0x000015c2                strnlen
 .text.avr-libc
                0x000015d8       0x58 c:/program files/atmel/avr tools/avr toolchain/bin/../lib/gcc/avr/4.6.2/../../../../avr/lib/avr5\libc.a(fputc.o)
                0x000015d8                fputc
 .text.avr-libc
                0x00001630       0xbc c:/program files/atmel/avr tools/avr toolchain/bin/../lib/gcc/avr/4.6.2/../../../../avr/lib/avr5\libc.a(ultoa_invert.o)
                0x00001630                __ultoa_invert
                0x000016ec                . = ALIGN (0x2)
 *(.fini9)
 .fini9         0x000016ec        0x0 c:/program files/atmel/avr tools/avr toolchain/bin/../lib/gcc/avr/4.6.2/avr5\libgcc.a(_exit.o)
                0x000016ec                _exit
                0x000016ec                exit
 *(.fini9)
 *(.fini8)
 *(.fini8)
 *(.fini7)
 *(.fini7)
 *(.fini6)
 *(.fini6)
 *(.fini5)
 *(.fini5)
 *(.fini4)
 *(.fini4)
 *(.fini3)
 *(.fini3)
 *(.fini2)
 *(.fini2)
 *(.fini1)
 *(.fini1)
 *(.fini0)
 .fini0         0x000016ec        0x4 c:/program files/atmel/avr tools/avr toolchain/bin/../lib/gcc/avr/4.6.2/avr5\libgcc.a(_exit.o)
 *(.fini0)
                0x000016f0                _etext = .

.data           0x00800100      0x12a load address 0x000016f0
                0x00800100                PROVIDE (__data_start, .)
 *(.data)
 .data          0x00800100        0x0 c:/program files/atmel/avr tools/avr toolchain/bin/../lib/gcc/avr/4.6.2/../../../../avr/lib/avr5/crtm328p.o
 .data          0x00800100       0x22 wiznetweb.o
 .data          0x00800122        0x0 c:/program files/atmel/avr tools/avr toolchain/bin/../lib/gcc/avr/4.6.2/avr5\libgcc.a(_exit.o)
 .data          0x00800122        0x0 c:/program files/atmel/avr tools/avr toolchain/bin/../lib/gcc/avr/4.6.2/avr5\libgcc.a(_copy_data.o)
 .data          0x00800122        0x0 c:/program files/atmel/avr tools/avr toolchain/bin/../lib/gcc/avr/4.6.2/avr5\libgcc.a(_clear_bss.o)
 .data          0x00800122        0x0 c:/program files/atmel/avr tools/avr toolchain/bin/../lib/gcc/avr/4.6.2/avr5\libgcc.a(_div_sf.o)
 .data          0x00800122        0x0 c:/program files/atmel/avr tools/avr toolchain/bin/../lib/gcc/avr/4.6.2/avr5\libgcc.a(_si_to_sf.o)
 .data          0x00800122        0x0 c:/program files/atmel/avr tools/avr toolchain/bin/../lib/gcc/avr/4.6.2/avr5\libgcc.a(_sf_to_si.o)
 .data          0x00800122        0x8 c:/program files/atmel/avr tools/avr toolchain/bin/../lib/gcc/avr/4.6.2/avr5\libgcc.a(_thenan_sf.o)
                0x00800122                __thenan_sf
 .data          0x0080012a        0x0 c:/program files/atmel/avr tools/avr toolchain/bin/../lib/gcc/avr/4.6.2/avr5\libgcc.a(_prologue.o)
 .data          0x0080012a        0x0 c:/program files/atmel/avr tools/avr toolchain/bin/../lib/gcc/avr/4.6.2/avr5\libgcc.a(_epilogue.o)
 .data          0x0080012a        0x0 c:/program files/atmel/avr tools/avr toolchain/bin/../lib/gcc/avr/4.6.2/avr5\libgcc.a(_clzsi2.o)
 .data          0x0080012a        0x0 c:/program files/atmel/avr tools/avr toolchain/bin/../lib/gcc/avr/4.6.2/avr5\libgcc.a(_pack_sf.o)
 .data          0x0080012a        0x0 c:/program files/atmel/avr tools/avr toolchain/bin/../lib/gcc/avr/4.6.2/avr5\libgcc.a(_unpack_sf.o)
 .data          0x0080012a      0x100 c:/program files/atmel/avr tools/avr toolchain/bin/../lib/gcc/avr/4.6.2/avr5\libgcc.a(_clz.o)
                0x0080012a                __clz_tab
 .data          0x0080022a        0x0 c:/program files/atmel/avr tools/avr toolchain/bin/../lib/gcc/avr/4.6.2/../../../../avr/lib/avr5\libc.a(strcat_P.o)
 .data          0x0080022a        0x0 c:/program files/atmel/avr tools/avr toolchain/bin/../lib/gcc/avr/4.6.2/../../../../avr/lib/avr5\libc.a(strcpy_P.o)
 .data          0x0080022a        0x0 c:/program files/atmel/avr tools/avr toolchain/bin/../lib/gcc/avr/4.6.2/../../../../avr/lib/avr5\libc.a(strcat.o)
 .data          0x0080022a        0x0 c:/program files/atmel/avr tools/avr toolchain/bin/../lib/gcc/avr/4.6.2/../../../../avr/lib/avr5\libc.a(strcpy.o)
 .data          0x0080022a        0x0 c:/program files/atmel/avr tools/avr toolchain/bin/../lib/gcc/avr/4.6.2/../../../../avr/lib/avr5\libc.a(strncmp.o)
 .data          0x0080022a        0x0 c:/program files/atmel/avr tools/avr toolchain/bin/../lib/gcc/avr/4.6.2/../../../../avr/lib/avr5\libc.a(sprintf.o)
 .data          0x0080022a        0x0 c:/program files/atmel/avr tools/avr toolchain/bin/../lib/gcc/avr/4.6.2/../../../../avr/lib/avr5\libc.a(vfprintf_std.o)
 .data          0x0080022a        0x0 c:/program files/atmel/avr tools/avr toolchain/bin/../lib/gcc/avr/4.6.2/../../../../avr/lib/avr5\libc.a(strnlen_P.o)
 .data          0x0080022a        0x0 c:/program files/atmel/avr tools/avr toolchain/bin/../lib/gcc/avr/4.6.2/../../../../avr/lib/avr5\libc.a(strnlen.o)
 .data          0x0080022a        0x0 c:/program files/atmel/avr tools/avr toolchain/bin/../lib/gcc/avr/4.6.2/../../../../avr/lib/avr5\libc.a(fputc.o)
 .data          0x0080022a        0x0 c:/program files/atmel/avr tools/avr toolchain/bin/../lib/gcc/avr/4.6.2/../../../../avr/lib/avr5\libc.a(ultoa_invert.o)
 *(.data*)
 *(.rodata)
 *(.rodata*)
 *(.gnu.linkonce.d*)
                0x0080022a                . = ALIGN (0x2)
                0x0080022a                _edata = .
                0x0080022a                PROVIDE (__data_end, .)

.bss            0x0080022a      0x206
                0x0080022a                PROVIDE (__bss_start, .)
 *(.bss)
 .bss           0x0080022a        0x0 c:/program files/atmel/avr tools/avr toolchain/bin/../lib/gcc/avr/4.6.2/../../../../avr/lib/avr5/crtm328p.o
 .bss           0x0080022a        0x0 wiznetweb.o
 .bss           0x0080022a        0x0 c:/program files/atmel/avr tools/avr toolchain/bin/../lib/gcc/avr/4.6.2/avr5\libgcc.a(_exit.o)
 .bss           0x0080022a        0x0 c:/program files/atmel/avr tools/avr toolchain/bin/../lib/gcc/avr/4.6.2/avr5\libgcc.a(_copy_data.o)
 .bss           0x0080022a        0x0 c:/program files/atmel/avr tools/avr toolchain/bin/../lib/gcc/avr/4.6.2/avr5\libgcc.a(_clear_bss.o)
 .bss           0x0080022a        0x0 c:/program files/atmel/avr tools/avr toolchain/bin/../lib/gcc/avr/4.6.2/avr5\libgcc.a(_div_sf.o)
 .bss           0x0080022a        0x0 c:/program files/atmel/avr tools/avr toolchain/bin/../lib/gcc/avr/4.6.2/avr5\libgcc.a(_si_to_sf.o)
 .bss           0x0080022a        0x0 c:/program files/atmel/avr tools/avr toolchain/bin/../lib/gcc/avr/4.6.2/avr5\libgcc.a(_sf_to_si.o)
 .bss           0x0080022a        0x0 c:/program files/atmel/avr tools/avr toolchain/bin/../lib/gcc/avr/4.6.2/avr5\libgcc.a(_thenan_sf.o)
 .bss           0x0080022a        0x0 c:/program files/atmel/avr tools/avr toolchain/bin/../lib/gcc/avr/4.6.2/avr5\libgcc.a(_prologue.o)
 .bss           0x0080022a        0x0 c:/program files/atmel/avr tools/avr toolchain/bin/../lib/gcc/avr/4.6.2/avr5\libgcc.a(_epilogue.o)
 .bss           0x0080022a        0x0 c:/program files/atmel/avr tools/avr toolchain/bin/../lib/gcc/avr/4.6.2/avr5\libgcc.a(_clzsi2.o)
 .bss           0x0080022a        0x0 c:/program files/atmel/avr tools/avr toolchain/bin/../lib/gcc/avr/4.6.2/avr5\libgcc.a(_pack_sf.o)
 .bss           0x0080022a        0x0 c:/program files/atmel/avr tools/avr toolchain/bin/../lib/gcc/avr/4.6.2/avr5\libgcc.a(_unpack_sf.o)
 .bss           0x0080022a        0x0 c:/program files/atmel/avr tools/avr toolchain/bin/../lib/gcc/avr/4.6.2/avr5\libgcc.a(_clz.o)
 .bss           0x0080022a        0x0 c:/program files/atmel/avr tools/avr toolchain/bin/../lib/gcc/avr/4.6.2/../../../../avr/lib/avr5\libc.a(strcat_P.o)
 .bss           0x0080022a        0x0 c:/program files/atmel/avr tools/avr toolchain/bin/../lib/gcc/avr/4.6.2/../../../../avr/lib/avr5\libc.a(strcpy_P.o)
 .bss           0x0080022a        0x0 c:/program files/atmel/avr tools/avr toolchain/bin/../lib/gcc/avr/4.6.2/../../../../avr/lib/avr5\libc.a(strcat.o)
 .bss           0x0080022a        0x0 c:/program files/atmel/avr tools/avr toolchain/bin/../lib/gcc/avr/4.6.2/../../../../avr/lib/avr5\libc.a(strcpy.o)
 .bss           0x0080022a        0x0 c:/program files/atmel/avr tools/avr toolchain/bin/../lib/gcc/avr/4.6.2/../../../../avr/lib/avr5\libc.a(strncmp.o)
 .bss           0x0080022a        0x0 c:/program files/atmel/avr tools/avr toolchain/bin/../lib/gcc/avr/4.6.2/../../../../avr/lib/avr5\libc.a(sprintf.o)
 .bss           0x0080022a        0x0 c:/program files/atmel/avr tools/avr toolchain/bin/../lib/gcc/avr/4.6.2/../../../../avr/lib/avr5\libc.a(vfprintf_std.o)
 .bss           0x0080022a        0x0 c:/program files/atmel/avr tools/avr toolchain/bin/../lib/gcc/avr/4.6.2/../../../../avr/lib/avr5\libc.a(strnlen_P.o)
 .bss           0x0080022a        0x0 c:/program files/atmel/avr tools/avr toolchain/bin/../lib/gcc/avr/4.6.2/../../../../avr/lib/avr5\libc.a(strnlen.o)
 .bss           0x0080022a        0x0 c:/program files/atmel/avr tools/avr toolchain/bin/../lib/gcc/avr/4.6.2/../../../../avr/lib/avr5\libc.a(fputc.o)
 .bss           0x0080022a        0x0 c:/program files/atmel/avr tools/avr toolchain/bin/../lib/gcc/avr/4.6.2/../../../../avr/lib/avr5\libc.a(ultoa_invert.o)
 *(.bss*)
 *(COMMON)
 COMMON         0x0080022a      0x206 wiznetweb.o
                0x0080022a                ledsign
                0x0080022b                tempvalue
                0x0080022d                sockreg
                0x0080022e                buf
                0x0080042e                ledmode
                0x0080042f                ledeye
                0x00800430                PROVIDE (__bss_end, .)
                0x000016f0                __data_load_start = LOADADDR (.data)
                0x0000181a                __data_load_end = (__data_load_start + SIZEOF (.data))

.noinit         0x00800430        0x0
                0x00800430                PROVIDE (__noinit_start, .)
 *(.noinit*)
                0x00800430                PROVIDE (__noinit_end, .)
                0x00800430                _end = .
                0x00800430                PROVIDE (__heap_start, .)

.eeprom         0x00810000        0x0
 *(.eeprom*)
                0x00810000                __eeprom_end = .

.fuse
 *(.fuse)
 *(.lfuse)
 *(.hfuse)
 *(.efuse)

.lock
 *(.lock*)

.signature
 *(.signature*)

.stab           0x00000000      0xf54
 *(.stab)
 .stab          0x00000000      0x6cc c:/program files/atmel/avr tools/avr toolchain/bin/../lib/gcc/avr/4.6.2/../../../../avr/lib/avr5/crtm328p.o
 .stab          0x000006cc       0x9c c:/program files/atmel/avr tools/avr toolchain/bin/../lib/gcc/avr/4.6.2/../../../../avr/lib/avr5\libc.a(strcat_P.o)
                                 0xa8 (size before relaxing)
 .stab          0x00000768       0x6c c:/program files/atmel/avr tools/avr toolchain/bin/../lib/gcc/avr/4.6.2/../../../../avr/lib/avr5\libc.a(strcpy_P.o)
                                 0x78 (size before relaxing)
 .stab          0x000007d4       0x9c c:/program files/atmel/avr tools/avr toolchain/bin/../lib/gcc/avr/4.6.2/../../../../avr/lib/avr5\libc.a(strcat.o)
                                 0xa8 (size before relaxing)
 .stab          0x00000870       0x6c c:/program files/atmel/avr tools/avr toolchain/bin/../lib/gcc/avr/4.6.2/../../../../avr/lib/avr5\libc.a(strcpy.o)
                                 0x78 (size before relaxing)
 .stab          0x000008dc       0xc0 c:/program files/atmel/avr tools/avr toolchain/bin/../lib/gcc/avr/4.6.2/../../../../avr/lib/avr5\libc.a(strncmp.o)
                                 0xcc (size before relaxing)
 .stab          0x0000099c       0x9c c:/program files/atmel/avr tools/avr toolchain/bin/../lib/gcc/avr/4.6.2/../../../../avr/lib/avr5\libc.a(strnlen_P.o)
                                 0xa8 (size before relaxing)
 .stab          0x00000a38       0x9c c:/program files/atmel/avr tools/avr toolchain/bin/../lib/gcc/avr/4.6.2/../../../../avr/lib/avr5\libc.a(strnlen.o)
                                 0xa8 (size before relaxing)
 .stab          0x00000ad4      0x480 c:/program files/atmel/avr tools/avr toolchain/bin/../lib/gcc/avr/4.6.2/../../../../avr/lib/avr5\libc.a(ultoa_invert.o)
                                0x48c (size before relaxing)

.stabstr        0x00000000      0x3a9
 *(.stabstr)
 .stabstr       0x00000000      0x3a9 c:/program files/atmel/avr tools/avr toolchain/bin/../lib/gcc/avr/4.6.2/../../../../avr/lib/avr5/crtm328p.o

.stab.excl
 *(.stab.excl)

.stab.exclstr
 *(.stab.exclstr)

.stab.index
 *(.stab.index)

.stab.indexstr
 *(.stab.indexstr)

.comment
 *(.comment)

.debug
 *(.debug)

.line
 *(.line)

.debug_srcinfo
 *(.debug_srcinfo)

.debug_sfnames
 *(.debug_sfnames)

.debug_aranges  0x00000000      0x1e8
 *(.debug_aranges)
 .debug_aranges
                0x00000000       0x28 wiznetweb.o
 .debug_aranges
                0x00000028       0x20 c:/program files/atmel/avr tools/avr toolchain/bin/../lib/gcc/avr/4.6.2/avr5\libgcc.a(_exit.o)
 .debug_aranges
                0x00000048       0x20 c:/program files/atmel/avr tools/avr toolchain/bin/../lib/gcc/avr/4.6.2/avr5\libgcc.a(_copy_data.o)
 .debug_aranges
                0x00000068       0x20 c:/program files/atmel/avr tools/avr toolchain/bin/../lib/gcc/avr/4.6.2/avr5\libgcc.a(_clear_bss.o)
 .debug_aranges
                0x00000088       0x20 c:/program files/atmel/avr tools/avr toolchain/bin/../lib/gcc/avr/4.6.2/avr5\libgcc.a(_div_sf.o)
 .debug_aranges
                0x000000a8       0x20 c:/program files/atmel/avr tools/avr toolchain/bin/../lib/gcc/avr/4.6.2/avr5\libgcc.a(_si_to_sf.o)
 .debug_aranges
                0x000000c8       0x20 c:/program files/atmel/avr tools/avr toolchain/bin/../lib/gcc/avr/4.6.2/avr5\libgcc.a(_sf_to_si.o)
 .debug_aranges
                0x000000e8       0x20 c:/program files/atmel/avr tools/avr toolchain/bin/../lib/gcc/avr/4.6.2/avr5\libgcc.a(_prologue.o)
 .debug_aranges
                0x00000108       0x20 c:/program files/atmel/avr tools/avr toolchain/bin/../lib/gcc/avr/4.6.2/avr5\libgcc.a(_epilogue.o)
 .debug_aranges
                0x00000128       0x20 c:/program files/atmel/avr tools/avr toolchain/bin/../lib/gcc/avr/4.6.2/avr5\libgcc.a(_clzsi2.o)
 .debug_aranges
                0x00000148       0x20 c:/program files/atmel/avr tools/avr toolchain/bin/../lib/gcc/avr/4.6.2/avr5\libgcc.a(_pack_sf.o)
 .debug_aranges
                0x00000168       0x20 c:/program files/atmel/avr tools/avr toolchain/bin/../lib/gcc/avr/4.6.2/avr5\libgcc.a(_unpack_sf.o)
 .debug_aranges
                0x00000188       0x20 c:/program files/atmel/avr tools/avr toolchain/bin/../lib/gcc/avr/4.6.2/../../../../avr/lib/avr5\libc.a(sprintf.o)
 .debug_aranges
                0x000001a8       0x20 c:/program files/atmel/avr tools/avr toolchain/bin/../lib/gcc/avr/4.6.2/../../../../avr/lib/avr5\libc.a(vfprintf_std.o)
 .debug_aranges
                0x000001c8       0x20 c:/program files/atmel/avr tools/avr toolchain/bin/../lib/gcc/avr/4.6.2/../../../../avr/lib/avr5\libc.a(fputc.o)

.debug_pubnames
 *(.debug_pubnames)

.debug_info     0x00000000     0x23bc
 *(.debug_info)
 .debug_info    0x00000000      0x853 wiznetweb.o
 .debug_info    0x00000853       0xdd c:/program files/atmel/avr tools/avr toolchain/bin/../lib/gcc/avr/4.6.2/avr5\libgcc.a(_exit.o)
 .debug_info    0x00000930       0xdd c:/program files/atmel/avr tools/avr toolchain/bin/../lib/gcc/avr/4.6.2/avr5\libgcc.a(_copy_data.o)
 .debug_info    0x00000a0d       0xdd c:/program files/atmel/avr tools/avr toolchain/bin/../lib/gcc/avr/4.6.2/avr5\libgcc.a(_clear_bss.o)
 .debug_info    0x00000aea      0x37f c:/program files/atmel/avr tools/avr toolchain/bin/../lib/gcc/avr/4.6.2/avr5\libgcc.a(_div_sf.o)
 .debug_info    0x00000e69      0x22f c:/program files/atmel/avr tools/avr toolchain/bin/../lib/gcc/avr/4.6.2/avr5\libgcc.a(_si_to_sf.o)
 .debug_info    0x00001098      0x2a5 c:/program files/atmel/avr tools/avr toolchain/bin/../lib/gcc/avr/4.6.2/avr5\libgcc.a(_sf_to_si.o)
 .debug_info    0x0000133d      0x15e c:/program files/atmel/avr tools/avr toolchain/bin/../lib/gcc/avr/4.6.2/avr5\libgcc.a(_thenan_sf.o)
 .debug_info    0x0000149b       0xdd c:/program files/atmel/avr tools/avr toolchain/bin/../lib/gcc/avr/4.6.2/avr5\libgcc.a(_prologue.o)
 .debug_info    0x00001578       0xdd c:/program files/atmel/avr tools/avr toolchain/bin/../lib/gcc/avr/4.6.2/avr5\libgcc.a(_epilogue.o)
 .debug_info    0x00001655      0x130 c:/program files/atmel/avr tools/avr toolchain/bin/../lib/gcc/avr/4.6.2/avr5\libgcc.a(_clzsi2.o)
 .debug_info    0x00001785      0x2d5 c:/program files/atmel/avr tools/avr toolchain/bin/../lib/gcc/avr/4.6.2/avr5\libgcc.a(_pack_sf.o)
 .debug_info    0x00001a5a      0x25c c:/program files/atmel/avr tools/avr toolchain/bin/../lib/gcc/avr/4.6.2/avr5\libgcc.a(_unpack_sf.o)
 .debug_info    0x00001cb6       0xa6 c:/program files/atmel/avr tools/avr toolchain/bin/../lib/gcc/avr/4.6.2/avr5\libgcc.a(_clz.o)
 .debug_info    0x00001d5c      0x1b7 c:/program files/atmel/avr tools/avr toolchain/bin/../lib/gcc/avr/4.6.2/../../../../avr/lib/avr5\libc.a(sprintf.o)
 .debug_info    0x00001f13      0x342 c:/program files/atmel/avr tools/avr toolchain/bin/../lib/gcc/avr/4.6.2/../../../../avr/lib/avr5\libc.a(vfprintf_std.o)
 .debug_info    0x00002255      0x167 c:/program files/atmel/avr tools/avr toolchain/bin/../lib/gcc/avr/4.6.2/../../../../avr/lib/avr5\libc.a(fputc.o)
 *(.gnu.linkonce.wi.*)

.debug_abbrev   0x00000000      0xfb0
 *(.debug_abbrev)
 .debug_abbrev  0x00000000      0x2c5 wiznetweb.o
 .debug_abbrev  0x000002c5       0x14 c:/program files/atmel/avr tools/avr toolchain/bin/../lib/gcc/avr/4.6.2/avr5\libgcc.a(_exit.o)
 .debug_abbrev  0x000002d9       0x14 c:/program files/atmel/avr tools/avr toolchain/bin/../lib/gcc/avr/4.6.2/avr5\libgcc.a(_copy_data.o)
 .debug_abbrev  0x000002ed       0x14 c:/program files/atmel/avr tools/avr toolchain/bin/../lib/gcc/avr/4.6.2/avr5\libgcc.a(_clear_bss.o)
 .debug_abbrev  0x00000301      0x1c4 c:/program files/atmel/avr tools/avr toolchain/bin/../lib/gcc/avr/4.6.2/avr5\libgcc.a(_div_sf.o)
 .debug_abbrev  0x000004c5      0x162 c:/program files/atmel/avr tools/avr toolchain/bin/../lib/gcc/avr/4.6.2/avr5\libgcc.a(_si_to_sf.o)
 .debug_abbrev  0x00000627      0x160 c:/program files/atmel/avr tools/avr toolchain/bin/../lib/gcc/avr/4.6.2/avr5\libgcc.a(_sf_to_si.o)
 .debug_abbrev  0x00000787       0xcb c:/program files/atmel/avr tools/avr toolchain/bin/../lib/gcc/avr/4.6.2/avr5\libgcc.a(_thenan_sf.o)
 .debug_abbrev  0x00000852       0x14 c:/program files/atmel/avr tools/avr toolchain/bin/../lib/gcc/avr/4.6.2/avr5\libgcc.a(_prologue.o)
 .debug_abbrev  0x00000866       0x14 c:/program files/atmel/avr tools/avr toolchain/bin/../lib/gcc/avr/4.6.2/avr5\libgcc.a(_epilogue.o)
 .debug_abbrev  0x0000087a       0xc1 c:/program files/atmel/avr tools/avr toolchain/bin/../lib/gcc/avr/4.6.2/avr5\libgcc.a(_clzsi2.o)
 .debug_abbrev  0x0000093b      0x192 c:/program files/atmel/avr tools/avr toolchain/bin/../lib/gcc/avr/4.6.2/avr5\libgcc.a(_pack_sf.o)
 .debug_abbrev  0x00000acd      0x14b c:/program files/atmel/avr tools/avr toolchain/bin/../lib/gcc/avr/4.6.2/avr5\libgcc.a(_unpack_sf.o)
 .debug_abbrev  0x00000c18       0x61 c:/program files/atmel/avr tools/avr toolchain/bin/../lib/gcc/avr/4.6.2/avr5\libgcc.a(_clz.o)
 .debug_abbrev  0x00000c79       0xfd c:/program files/atmel/avr tools/avr toolchain/bin/../lib/gcc/avr/4.6.2/../../../../avr/lib/avr5\libc.a(sprintf.o)
 .debug_abbrev  0x00000d76      0x161 c:/program files/atmel/avr tools/avr toolchain/bin/../lib/gcc/avr/4.6.2/../../../../avr/lib/avr5\libc.a(vfprintf_std.o)
 .debug_abbrev  0x00000ed7       0xd9 c:/program files/atmel/avr tools/avr toolchain/bin/../lib/gcc/avr/4.6.2/../../../../avr/lib/avr5\libc.a(fputc.o)

.debug_line     0x00000000     0x1002
 *(.debug_line)
 .debug_line    0x00000000      0x2a2 wiznetweb.o
 .debug_line    0x000002a2       0x88 c:/program files/atmel/avr tools/avr toolchain/bin/../lib/gcc/avr/4.6.2/avr5\libgcc.a(_exit.o)
 .debug_line    0x0000032a       0x91 c:/program files/atmel/avr tools/avr toolchain/bin/../lib/gcc/avr/4.6.2/avr5\libgcc.a(_copy_data.o)
 .debug_line    0x000003bb       0x8e c:/program files/atmel/avr tools/avr toolchain/bin/../lib/gcc/avr/4.6.2/avr5\libgcc.a(_clear_bss.o)
 .debug_line    0x00000449       0xe2 c:/program files/atmel/avr tools/avr toolchain/bin/../lib/gcc/avr/4.6.2/avr5\libgcc.a(_div_sf.o)
 .debug_line    0x0000052b       0xb9 c:/program files/atmel/avr tools/avr toolchain/bin/../lib/gcc/avr/4.6.2/avr5\libgcc.a(_si_to_sf.o)
 .debug_line    0x000005e4       0xb2 c:/program files/atmel/avr tools/avr toolchain/bin/../lib/gcc/avr/4.6.2/avr5\libgcc.a(_sf_to_si.o)
 .debug_line    0x00000696       0x8e c:/program files/atmel/avr tools/avr toolchain/bin/../lib/gcc/avr/4.6.2/avr5\libgcc.a(_thenan_sf.o)
 .debug_line    0x00000724       0xa2 c:/program files/atmel/avr tools/avr toolchain/bin/../lib/gcc/avr/4.6.2/avr5\libgcc.a(_prologue.o)
 .debug_line    0x000007c6       0xa1 c:/program files/atmel/avr tools/avr toolchain/bin/../lib/gcc/avr/4.6.2/avr5\libgcc.a(_epilogue.o)
 .debug_line    0x00000867       0xb2 c:/program files/atmel/avr tools/avr toolchain/bin/../lib/gcc/avr/4.6.2/avr5\libgcc.a(_clzsi2.o)
 .debug_line    0x00000919       0xe6 c:/program files/atmel/avr tools/avr toolchain/bin/../lib/gcc/avr/4.6.2/avr5\libgcc.a(_pack_sf.o)
 .debug_line    0x000009ff       0xc1 c:/program files/atmel/avr tools/avr toolchain/bin/../lib/gcc/avr/4.6.2/avr5\libgcc.a(_unpack_sf.o)
 .debug_line    0x00000ac0       0x7a c:/program files/atmel/avr tools/avr toolchain/bin/../lib/gcc/avr/4.6.2/avr5\libgcc.a(_clz.o)
 .debug_line    0x00000b3a      0x157 c:/program files/atmel/avr tools/avr toolchain/bin/../lib/gcc/avr/4.6.2/../../../../avr/lib/avr5\libc.a(sprintf.o)
 .debug_line    0x00000c91      0x290 c:/program files/atmel/avr tools/avr toolchain/bin/../lib/gcc/avr/4.6.2/../../../../avr/lib/avr5\libc.a(vfprintf_std.o)
 .debug_line    0x00000f21       0xe1 c:/program files/atmel/avr tools/avr toolchain/bin/../lib/gcc/avr/4.6.2/../../../../avr/lib/avr5\libc.a(fputc.o)

.debug_frame    0x00000000      0x404
 *(.debug_frame)
 .debug_frame   0x00000000      0x1f4 wiznetweb.o
 .debug_frame   0x000001f4       0x38 c:/program files/atmel/avr tools/avr toolchain/bin/../lib/gcc/avr/4.6.2/avr5\libgcc.a(_div_sf.o)
 .debug_frame   0x0000022c       0x48 c:/program files/atmel/avr tools/avr toolchain/bin/../lib/gcc/avr/4.6.2/avr5\libgcc.a(_si_to_sf.o)
 .debug_frame   0x00000274       0x30 c:/program files/atmel/avr tools/avr toolchain/bin/../lib/gcc/avr/4.6.2/avr5\libgcc.a(_sf_to_si.o)
 .debug_frame   0x000002a4       0x44 c:/program files/atmel/avr tools/avr toolchain/bin/../lib/gcc/avr/4.6.2/avr5\libgcc.a(_clzsi2.o)
 .debug_frame   0x000002e8       0x44 c:/program files/atmel/avr tools/avr toolchain/bin/../lib/gcc/avr/4.6.2/avr5\libgcc.a(_pack_sf.o)
 .debug_frame   0x0000032c       0x24 c:/program files/atmel/avr tools/avr toolchain/bin/../lib/gcc/avr/4.6.2/avr5\libgcc.a(_unpack_sf.o)
 .debug_frame   0x00000350       0x30 c:/program files/atmel/avr tools/avr toolchain/bin/../lib/gcc/avr/4.6.2/../../../../avr/lib/avr5\libc.a(sprintf.o)
 .debug_frame   0x00000380       0x4c c:/program files/atmel/avr tools/avr toolchain/bin/../lib/gcc/avr/4.6.2/../../../../avr/lib/avr5\libc.a(vfprintf_std.o)
 .debug_frame   0x000003cc       0x38 c:/program files/atmel/avr tools/avr toolchain/bin/../lib/gcc/avr/4.6.2/../../../../avr/lib/avr5\libc.a(fputc.o)

.debug_str      0x00000000      0x629
 *(.debug_str)
 .debug_str     0x00000000      0x242 wiznetweb.o
                                0x285 (size before relaxing)
 .debug_str     0x00000242      0x198 c:/program files/atmel/avr tools/avr toolchain/bin/../lib/gcc/avr/4.6.2/avr5\libgcc.a(_div_sf.o)
                                0x205 (size before relaxing)
 .debug_str     0x000003da       0x27 c:/program files/atmel/avr tools/avr toolchain/bin/../lib/gcc/avr/4.6.2/avr5\libgcc.a(_si_to_sf.o)
                                0x1b9 (size before relaxing)
 .debug_str     0x00000401        0xa c:/program files/atmel/avr tools/avr toolchain/bin/../lib/gcc/avr/4.6.2/avr5\libgcc.a(_sf_to_si.o)
                                0x1d3 (size before relaxing)
 .debug_str     0x00000000      0x175 c:/program files/atmel/avr tools/avr toolchain/bin/../lib/gcc/avr/4.6.2/avr5\libgcc.a(_thenan_sf.o)
 .debug_str     0x0000040b       0x75 c:/program files/atmel/avr tools/avr toolchain/bin/../lib/gcc/avr/4.6.2/avr5\libgcc.a(_clzsi2.o)
                                0x168 (size before relaxing)
 .debug_str     0x00000480       0x10 c:/program files/atmel/avr tools/avr toolchain/bin/../lib/gcc/avr/4.6.2/avr5\libgcc.a(_pack_sf.o)
                                0x1d2 (size before relaxing)
 .debug_str     0x00000490        0xb c:/program files/atmel/avr tools/avr toolchain/bin/../lib/gcc/avr/4.6.2/avr5\libgcc.a(_unpack_sf.o)
                                0x1b4 (size before relaxing)
 .debug_str     0x00000000      0x14b c:/program files/atmel/avr tools/avr toolchain/bin/../lib/gcc/avr/4.6.2/avr5\libgcc.a(_clz.o)
 .debug_str     0x0000049b       0x94 c:/program files/atmel/avr tools/avr toolchain/bin/../lib/gcc/avr/4.6.2/../../../../avr/lib/avr5\libc.a(sprintf.o)
                                0x121 (size before relaxing)
 .debug_str     0x0000052f       0xa4 c:/program files/atmel/avr tools/avr toolchain/bin/../lib/gcc/avr/4.6.2/../../../../avr/lib/avr5\libc.a(vfprintf_std.o)
                                0x16b (size before relaxing)
 .debug_str     0x000005d3       0x56 c:/program files/atmel/avr tools/avr toolchain/bin/../lib/gcc/avr/4.6.2/../../../../avr/lib/avr5\libc.a(fputc.o)
                                 0xfb (size before relaxing)

.debug_loc      0x00000000     0x15c6
 *(.debug_loc)
 .debug_loc     0x00000000      0x92a wiznetweb.o
 .debug_loc     0x0000092a      0x143 c:/program files/atmel/avr tools/avr toolchain/bin/../lib/gcc/avr/4.6.2/avr5\libgcc.a(_div_sf.o)
 .debug_loc     0x00000a6d      0x123 c:/program files/atmel/avr tools/avr toolchain/bin/../lib/gcc/avr/4.6.2/avr5\libgcc.a(_si_to_sf.o)
 .debug_loc     0x00000b90       0x77 c:/program files/atmel/avr tools/avr toolchain/bin/../lib/gcc/avr/4.6.2/avr5\libgcc.a(_sf_to_si.o)
 .debug_loc     0x00000c07      0x139 c:/program files/atmel/avr tools/avr toolchain/bin/../lib/gcc/avr/4.6.2/avr5\libgcc.a(_clzsi2.o)
 .debug_loc     0x00000d40      0x1ec c:/program files/atmel/avr tools/avr toolchain/bin/../lib/gcc/avr/4.6.2/avr5\libgcc.a(_pack_sf.o)
 .debug_loc     0x00000f2c       0xe5 c:/program files/atmel/avr tools/avr toolchain/bin/../lib/gcc/avr/4.6.2/avr5\libgcc.a(_unpack_sf.o)
 .debug_loc     0x00001011       0x21 c:/program files/atmel/avr tools/avr toolchain/bin/../lib/gcc/avr/4.6.2/../../../../avr/lib/avr5\libc.a(sprintf.o)
 .debug_loc     0x00001032      0x4fb c:/program files/atmel/avr tools/avr toolchain/bin/../lib/gcc/avr/4.6.2/../../../../avr/lib/avr5\libc.a(vfprintf_std.o)
 .debug_loc     0x0000152d       0x99 c:/program files/atmel/avr tools/avr toolchain/bin/../lib/gcc/avr/4.6.2/../../../../avr/lib/avr5\libc.a(fputc.o)

.debug_macinfo
 *(.debug_macinfo)
OUTPUT(wiznetweb.elf elf32-avr)
LOAD linker stubs

.debug_ranges   0x00000000       0x98
 .debug_ranges  0x00000000       0x18 wiznetweb.o
 .debug_ranges  0x00000018       0x38 c:/program files/atmel/avr tools/avr toolchain/bin/../lib/gcc/avr/4.6.2/avr5\libgcc.a(_div_sf.o)
 .debug_ranges  0x00000050       0x18 c:/program files/atmel/avr tools/avr toolchain/bin/../lib/gcc/avr/4.6.2/avr5\libgcc.a(_si_to_sf.o)
 .debug_ranges  0x00000068       0x10 c:/program files/atmel/avr tools/avr toolchain/bin/../lib/gcc/avr/4.6.2/../../../../avr/lib/avr5\libc.a(sprintf.o)
 .debug_ranges  0x00000078       0x10 c:/program files/atmel/avr tools/avr toolchain/bin/../lib/gcc/avr/4.6.2/../../../../avr/lib/avr5\libc.a(vfprintf_std.o)
 .debug_ranges  0x00000088       0x10 c:/program files/atmel/avr tools/avr toolchain/bin/../lib/gcc/avr/4.6.2/../../../../avr/lib/avr5\libc.a(fputc.o)
