Archive member included to satisfy reference by file (symbol)

c:/program files/atmel/avr tools/avr toolchain/bin/../lib/gcc/avr/4.9.2/avr25/tiny-stack\libgcc.a(_exit.o)
                              c:/program files/atmel/avr tools/avr toolchain/bin/../lib/gcc/avr/4.9.2/../../../../avr/lib/avr25/tiny-stack/crtattiny2313a.o (exit)
c:/program files/atmel/avr tools/avr toolchain/bin/../lib/gcc/avr/4.9.2/avr25/tiny-stack\libgcc.a(_copy_data.o)
                              ads1245.o (__do_copy_data)
c:/program files/atmel/avr tools/avr toolchain/bin/../lib/gcc/avr/4.9.2/../../../../avr/lib/avr25/tiny-stack\libc.a(iob.o)
                              ads1245.o (__iob)
c:/program files/atmel/avr tools/avr toolchain/bin/../lib/gcc/avr/4.9.2/../../../../avr/lib/avr25/tiny-stack\libc.a(printf.o)
                              ads1245.o (printf)
c:/program files/atmel/avr tools/avr toolchain/bin/../lib/gcc/avr/4.9.2/../../../../avr/lib/avr25/tiny-stack\libc.a(vfprintf_std.o)
                              c:/program files/atmel/avr tools/avr toolchain/bin/../lib/gcc/avr/4.9.2/../../../../avr/lib/avr25/tiny-stack\libc.a(printf.o) (vfprintf)
c:/program files/atmel/avr tools/avr toolchain/bin/../lib/gcc/avr/4.9.2/../../../../avr/lib/avr25/tiny-stack\libc.a(strnlen_P.o)
                              c:/program files/atmel/avr tools/avr toolchain/bin/../lib/gcc/avr/4.9.2/../../../../avr/lib/avr25/tiny-stack\libc.a(vfprintf_std.o) (strnlen_P)
c:/program files/atmel/avr tools/avr toolchain/bin/../lib/gcc/avr/4.9.2/../../../../avr/lib/avr25/tiny-stack\libc.a(strnlen.o)
                              c:/program files/atmel/avr tools/avr toolchain/bin/../lib/gcc/avr/4.9.2/../../../../avr/lib/avr25/tiny-stack\libc.a(vfprintf_std.o) (strnlen)
c:/program files/atmel/avr tools/avr toolchain/bin/../lib/gcc/avr/4.9.2/../../../../avr/lib/avr25/tiny-stack\libc.a(fputc.o)
                              c:/program files/atmel/avr tools/avr toolchain/bin/../lib/gcc/avr/4.9.2/../../../../avr/lib/avr25/tiny-stack\libc.a(vfprintf_std.o) (fputc)
c:/program files/atmel/avr tools/avr toolchain/bin/../lib/gcc/avr/4.9.2/../../../../avr/lib/avr25/tiny-stack\libc.a(ultoa_invert.o)
                              c:/program files/atmel/avr tools/avr toolchain/bin/../lib/gcc/avr/4.9.2/../../../../avr/lib/avr25/tiny-stack\libc.a(vfprintf_std.o) (__ultoa_invert)
c:/program files/atmel/avr tools/avr toolchain/bin/../lib/gcc/avr/4.9.2/avr25/tiny-stack\libgcc.a(_mulqi3.o)
                              c:/program files/atmel/avr tools/avr toolchain/bin/../lib/gcc/avr/4.9.2/../../../../avr/lib/avr25/tiny-stack\libc.a(vfprintf_std.o) (__mulqi3)
c:/program files/atmel/avr tools/avr toolchain/bin/../lib/gcc/avr/4.9.2/avr25/tiny-stack\libgcc.a(_clear_bss.o)
                              c:/program files/atmel/avr tools/avr toolchain/bin/../lib/gcc/avr/4.9.2/../../../../avr/lib/avr25/tiny-stack\libc.a(iob.o) (__do_clear_bss)
c:/program files/atmel/avr tools/avr toolchain/bin/../lib/gcc/avr/4.9.2/avr25/tiny-stack\libgcc.a(_prologue.o)
                              c:/program files/atmel/avr tools/avr toolchain/bin/../lib/gcc/avr/4.9.2/../../../../avr/lib/avr25/tiny-stack\libc.a(printf.o) (__prologue_saves__)
c:/program files/atmel/avr tools/avr toolchain/bin/../lib/gcc/avr/4.9.2/avr25/tiny-stack\libgcc.a(_epilogue.o)
                              c:/program files/atmel/avr tools/avr toolchain/bin/../lib/gcc/avr/4.9.2/../../../../avr/lib/avr25/tiny-stack\libc.a(printf.o) (__epilogue_restores__)

Allocating common symbols
Common symbol       size              file

__iob               0x6               c:/program files/atmel/avr tools/avr toolchain/bin/../lib/gcc/avr/4.9.2/../../../../avr/lib/avr25/tiny-stack\libc.a(iob.o)

Memory Configuration

Name             Origin             Length             Attributes
text             0x00000000         0x00002000         xr
data             0x00800060         0x0000ffa0         rw !x
eeprom           0x00810000         0x00010000         rw !x
fuse             0x00820000         0x00000003         rw !x
lock             0x00830000         0x00000400         rw !x
signature        0x00840000         0x00000400         rw !x
user_signatures  0x00850000         0x00000400         rw !x
*default*        0x00000000         0xffffffff

Linker script and memory map

LOAD c:/program files/atmel/avr tools/avr toolchain/bin/../lib/gcc/avr/4.9.2/../../../../avr/lib/avr25/tiny-stack/crtattiny2313a.o
LOAD ads1245.o
START GROUP
LOAD c:/program files/atmel/avr tools/avr toolchain/bin/../lib/gcc/avr/4.9.2/avr25/tiny-stack\libgcc.a
LOAD c:/program files/atmel/avr tools/avr toolchain/bin/../lib/gcc/avr/4.9.2/../../../../avr/lib/avr25/tiny-stack\libm.a
LOAD c:/program files/atmel/avr tools/avr toolchain/bin/../lib/gcc/avr/4.9.2/../../../../avr/lib/avr25/tiny-stack\libc.a
LOAD c:/program files/atmel/avr tools/avr toolchain/bin/../lib/gcc/avr/4.9.2/../../../../avr/lib/avr25/tiny-stack\libattiny2313a.a
END GROUP
                0x00002000                __TEXT_REGION_LENGTH__ = DEFINED (__TEXT_REGION_LENGTH__)?__TEXT_REGION_LENGTH__:0x2000
                0x0000ffa0                __DATA_REGION_LENGTH__ = DEFINED (__DATA_REGION_LENGTH__)?__DATA_REGION_LENGTH__:0xffa0
                0x00010000                __EEPROM_REGION_LENGTH__ = DEFINED (__EEPROM_REGION_LENGTH__)?__EEPROM_REGION_LENGTH__:0x10000
                [0x00000003]                __FUSE_REGION_LENGTH__ = DEFINED (__FUSE_REGION_LENGTH__)?__FUSE_REGION_LENGTH__:0x400
                0x00000400                __LOCK_REGION_LENGTH__ = DEFINED (__LOCK_REGION_LENGTH__)?__LOCK_REGION_LENGTH__:0x400
                0x00000400                __SIGNATURE_REGION_LENGTH__ = DEFINED (__SIGNATURE_REGION_LENGTH__)?__SIGNATURE_REGION_LENGTH__:0x400
                0x00000400                __USER_SIGNATURE_REGION_LENGTH__ = DEFINED (__USER_SIGNATURE_REGION_LENGTH__)?__USER_SIGNATURE_REGION_LENGTH__:0x400

.hash
 *(.hash)

.dynsym
 *(.dynsym)

.dynstr
 *(.dynstr)

.gnu.version
 *(.gnu.version)

.gnu.version_d
 *(.gnu.version_d)

.gnu.version_r
 *(.gnu.version_r)

.rel.init
 *(.rel.init)

.rela.init
 *(.rela.init)

.rel.text
 *(.rel.text)
 *(.rel.text.*)
 *(.rel.gnu.linkonce.t*)

.rela.text
 *(.rela.text)
 *(.rela.text.*)
 *(.rela.gnu.linkonce.t*)

.rel.fini
 *(.rel.fini)

.rela.fini
 *(.rela.fini)

.rel.rodata
 *(.rel.rodata)
 *(.rel.rodata.*)
 *(.rel.gnu.linkonce.r*)

.rela.rodata
 *(.rela.rodata)
 *(.rela.rodata.*)
 *(.rela.gnu.linkonce.r*)

.rel.data
 *(.rel.data)
 *(.rel.data.*)
 *(.rel.gnu.linkonce.d*)

.rela.data
 *(.rela.data)
 *(.rela.data.*)
 *(.rela.gnu.linkonce.d*)

.rel.ctors
 *(.rel.ctors)

.rela.ctors
 *(.rela.ctors)

.rel.dtors
 *(.rel.dtors)

.rela.dtors
 *(.rela.dtors)

.rel.got
 *(.rel.got)

.rela.got
 *(.rela.got)

.rel.bss
 *(.rel.bss)

.rela.bss
 *(.rela.bss)

.rel.plt
 *(.rel.plt)

.rela.plt
 *(.rela.plt)

.text           0x00000000      0x6a8
 *(.vectors)
 .vectors       0x00000000       0x2a c:/program files/atmel/avr tools/avr toolchain/bin/../lib/gcc/avr/4.9.2/../../../../avr/lib/avr25/tiny-stack/crtattiny2313a.o
                0x00000000                __vector_default
                0x00000000                __vectors
 *(.vectors)
 *(.progmem.gcc*)
                0x0000002a                . = ALIGN (0x2)
                0x0000002a                __trampolines_start = .
 *(.trampolines)
 .trampolines   0x0000002a        0x0 linker stubs
 *(.trampolines*)
                0x0000002a                __trampolines_end = .
 *libprintf_flt.a:*(.progmem.data)
 *libc.a:*(.progmem.data)
 *(.progmem*)
                0x0000002a                . = ALIGN (0x2)
 *(.jumptables)
 *(.jumptables*)
 *(.lowtext)
 *(.lowtext*)
                0x0000002a                __ctors_start = .
 *(.ctors)
                0x0000002a                __ctors_end = .
                0x0000002a                __dtors_start = .
 *(.dtors)
                0x0000002a                __dtors_end = .
 SORT(*)(.ctors)
 SORT(*)(.dtors)
 *(.init0)
 .init0         0x0000002a        0x0 c:/program files/atmel/avr tools/avr toolchain/bin/../lib/gcc/avr/4.9.2/../../../../avr/lib/avr25/tiny-stack/crtattiny2313a.o
                0x0000002a                __init
 *(.init0)
 *(.init1)
 *(.init1)
 *(.init2)
 .init2         0x0000002a        0x8 c:/program files/atmel/avr tools/avr toolchain/bin/../lib/gcc/avr/4.9.2/../../../../avr/lib/avr25/tiny-stack/crtattiny2313a.o
 *(.init2)
 *(.init3)
 *(.init3)
 *(.init4)
 .init4         0x00000032       0x16 c:/program files/atmel/avr tools/avr toolchain/bin/../lib/gcc/avr/4.9.2/avr25/tiny-stack\libgcc.a(_copy_data.o)
                0x00000032                __do_copy_data
 .init4         0x00000048       0x10 c:/program files/atmel/avr tools/avr toolchain/bin/../lib/gcc/avr/4.9.2/avr25/tiny-stack\libgcc.a(_clear_bss.o)
                0x00000048                __do_clear_bss
 *(.init4)
 *(.init5)
 *(.init5)
 *(.init6)
 *(.init6)
 *(.init7)
 *(.init7)
 *(.init8)
 *(.init8)
 *(.init9)
 .init9         0x00000058        0x4 c:/program files/atmel/avr tools/avr toolchain/bin/../lib/gcc/avr/4.9.2/../../../../avr/lib/avr25/tiny-stack/crtattiny2313a.o
 *(.init9)
 *(.text)
 .text          0x0000005c        0x2 c:/program files/atmel/avr tools/avr toolchain/bin/../lib/gcc/avr/4.9.2/../../../../avr/lib/avr25/tiny-stack/crtattiny2313a.o
                0x0000005c                __vector_1
                0x0000005c                __vector_12
                0x0000005c                __bad_interrupt
                0x0000005c                __vector_6
                0x0000005c                __vector_3
                0x0000005c                __vector_11
                0x0000005c                __vector_13
                0x0000005c                __vector_17
                0x0000005c                __vector_19
                0x0000005c                __vector_7
                0x0000005c                __vector_5
                0x0000005c                __vector_4
                0x0000005c                __vector_9
                0x0000005c                __vector_2
                0x0000005c                __vector_15
                0x0000005c                __vector_8
                0x0000005c                __vector_14
                0x0000005c                __vector_10
                0x0000005c                __vector_16
                0x0000005c                __vector_18
                0x0000005c                __vector_20
 .text          0x0000005e       0xa4 ads1245.o
                0x0000006a                startserial
                0x00000096                starttimer
                0x000000a8                shiftIn
 .text          0x00000102        0x0 c:/program files/atmel/avr tools/avr toolchain/bin/../lib/gcc/avr/4.9.2/avr25/tiny-stack\libgcc.a(_exit.o)
 .text          0x00000102        0x0 c:/program files/atmel/avr tools/avr toolchain/bin/../lib/gcc/avr/4.9.2/avr25/tiny-stack\libgcc.a(_copy_data.o)
 .text          0x00000102        0x0 c:/program files/atmel/avr tools/avr toolchain/bin/../lib/gcc/avr/4.9.2/../../../../avr/lib/avr25/tiny-stack\libc.a(iob.o)
 .text          0x00000102        0x0 c:/program files/atmel/avr tools/avr toolchain/bin/../lib/gcc/avr/4.9.2/../../../../avr/lib/avr25/tiny-stack\libc.a(printf.o)
 .text          0x00000102        0x0 c:/program files/atmel/avr tools/avr toolchain/bin/../lib/gcc/avr/4.9.2/../../../../avr/lib/avr25/tiny-stack\libc.a(vfprintf_std.o)
 .text          0x00000102        0x0 c:/program files/atmel/avr tools/avr toolchain/bin/../lib/gcc/avr/4.9.2/../../../../avr/lib/avr25/tiny-stack\libc.a(strnlen_P.o)
 .text          0x00000102        0x0 c:/program files/atmel/avr tools/avr toolchain/bin/../lib/gcc/avr/4.9.2/../../../../avr/lib/avr25/tiny-stack\libc.a(strnlen.o)
 .text          0x00000102        0x0 c:/program files/atmel/avr tools/avr toolchain/bin/../lib/gcc/avr/4.9.2/../../../../avr/lib/avr25/tiny-stack\libc.a(fputc.o)
 .text          0x00000102        0x0 c:/program files/atmel/avr tools/avr toolchain/bin/../lib/gcc/avr/4.9.2/../../../../avr/lib/avr25/tiny-stack\libc.a(ultoa_invert.o)
 .text          0x00000102        0x0 c:/program files/atmel/avr tools/avr toolchain/bin/../lib/gcc/avr/4.9.2/avr25/tiny-stack\libgcc.a(_mulqi3.o)
 .text          0x00000102        0x0 c:/program files/atmel/avr tools/avr toolchain/bin/../lib/gcc/avr/4.9.2/avr25/tiny-stack\libgcc.a(_clear_bss.o)
 .text          0x00000102        0x0 c:/program files/atmel/avr tools/avr toolchain/bin/../lib/gcc/avr/4.9.2/avr25/tiny-stack\libgcc.a(_prologue.o)
 .text          0x00000102        0x0 c:/program files/atmel/avr tools/avr toolchain/bin/../lib/gcc/avr/4.9.2/avr25/tiny-stack\libgcc.a(_epilogue.o)
                0x00000102                . = ALIGN (0x2)
 *(.text.*)
 .text.startup  0x00000102       0x2e ads1245.o
                0x00000102                main
 .text.libgcc.mul
                0x00000130        0x0 c:/program files/atmel/avr tools/avr toolchain/bin/../lib/gcc/avr/4.9.2/avr25/tiny-stack\libgcc.a(_exit.o)
 .text.libgcc.div
                0x00000130        0x0 c:/program files/atmel/avr tools/avr toolchain/bin/../lib/gcc/avr/4.9.2/avr25/tiny-stack\libgcc.a(_exit.o)
 .text.libgcc   0x00000130        0x0 c:/program files/atmel/avr tools/avr toolchain/bin/../lib/gcc/avr/4.9.2/avr25/tiny-stack\libgcc.a(_exit.o)
 .text.libgcc.prologue
                0x00000130        0x0 c:/program files/atmel/avr tools/avr toolchain/bin/../lib/gcc/avr/4.9.2/avr25/tiny-stack\libgcc.a(_exit.o)
 .text.libgcc.builtins
                0x00000130        0x0 c:/program files/atmel/avr tools/avr toolchain/bin/../lib/gcc/avr/4.9.2/avr25/tiny-stack\libgcc.a(_exit.o)
 .text.libgcc.fmul
                0x00000130        0x0 c:/program files/atmel/avr tools/avr toolchain/bin/../lib/gcc/avr/4.9.2/avr25/tiny-stack\libgcc.a(_exit.o)
 .text.libgcc.fixed
                0x00000130        0x0 c:/program files/atmel/avr tools/avr toolchain/bin/../lib/gcc/avr/4.9.2/avr25/tiny-stack\libgcc.a(_exit.o)
 .text.libgcc.mul
                0x00000130        0x0 c:/program files/atmel/avr tools/avr toolchain/bin/../lib/gcc/avr/4.9.2/avr25/tiny-stack\libgcc.a(_copy_data.o)
 .text.libgcc.div
                0x00000130        0x0 c:/program files/atmel/avr tools/avr toolchain/bin/../lib/gcc/avr/4.9.2/avr25/tiny-stack\libgcc.a(_copy_data.o)
 .text.libgcc   0x00000130        0x0 c:/program files/atmel/avr tools/avr toolchain/bin/../lib/gcc/avr/4.9.2/avr25/tiny-stack\libgcc.a(_copy_data.o)
 .text.libgcc.prologue
                0x00000130        0x0 c:/program files/atmel/avr tools/avr toolchain/bin/../lib/gcc/avr/4.9.2/avr25/tiny-stack\libgcc.a(_copy_data.o)
 .text.libgcc.builtins
                0x00000130        0x0 c:/program files/atmel/avr tools/avr toolchain/bin/../lib/gcc/avr/4.9.2/avr25/tiny-stack\libgcc.a(_copy_data.o)
 .text.libgcc.fmul
                0x00000130        0x0 c:/program files/atmel/avr tools/avr toolchain/bin/../lib/gcc/avr/4.9.2/avr25/tiny-stack\libgcc.a(_copy_data.o)
 .text.libgcc.fixed
                0x00000130        0x0 c:/program files/atmel/avr tools/avr toolchain/bin/../lib/gcc/avr/4.9.2/avr25/tiny-stack\libgcc.a(_copy_data.o)
 .text.avr-libc
                0x00000130       0x26 c:/program files/atmel/avr tools/avr toolchain/bin/../lib/gcc/avr/4.9.2/../../../../avr/lib/avr25/tiny-stack\libc.a(printf.o)
                0x00000130                printf
 .text.avr-libc
                0x00000156      0x386 c:/program files/atmel/avr tools/avr toolchain/bin/../lib/gcc/avr/4.9.2/../../../../avr/lib/avr25/tiny-stack\libc.a(vfprintf_std.o)
                0x00000156                vfprintf
 .text.avr-libc
                0x000004dc       0x16 c:/program files/atmel/avr tools/avr toolchain/bin/../lib/gcc/avr/4.9.2/../../../../avr/lib/avr25/tiny-stack\libc.a(strnlen_P.o)
                0x000004dc                strnlen_P
 .text.avr-libc
                0x000004f2       0x16 c:/program files/atmel/avr tools/avr toolchain/bin/../lib/gcc/avr/4.9.2/../../../../avr/lib/avr25/tiny-stack\libc.a(strnlen.o)
                0x000004f2                strnlen
 .text.avr-libc
                0x00000508       0x70 c:/program files/atmel/avr tools/avr toolchain/bin/../lib/gcc/avr/4.9.2/../../../../avr/lib/avr25/tiny-stack\libc.a(fputc.o)
                0x00000508                fputc
 .text.avr-libc
                0x00000578       0xc0 c:/program files/atmel/avr tools/avr toolchain/bin/../lib/gcc/avr/4.9.2/../../../../avr/lib/avr25/tiny-stack\libc.a(ultoa_invert.o)
                0x00000578                __ultoa_invert
 .text.libgcc.mul
                0x00000638       0x12 c:/program files/atmel/avr tools/avr toolchain/bin/../lib/gcc/avr/4.9.2/avr25/tiny-stack\libgcc.a(_mulqi3.o)
                0x00000638                __mulqi3
 .text.libgcc.div
                0x0000064a        0x0 c:/program files/atmel/avr tools/avr toolchain/bin/../lib/gcc/avr/4.9.2/avr25/tiny-stack\libgcc.a(_mulqi3.o)
 .text.libgcc   0x0000064a        0x0 c:/program files/atmel/avr tools/avr toolchain/bin/../lib/gcc/avr/4.9.2/avr25/tiny-stack\libgcc.a(_mulqi3.o)
 .text.libgcc.prologue
                0x0000064a        0x0 c:/program files/atmel/avr tools/avr toolchain/bin/../lib/gcc/avr/4.9.2/avr25/tiny-stack\libgcc.a(_mulqi3.o)
 .text.libgcc.builtins
                0x0000064a        0x0 c:/program files/atmel/avr tools/avr toolchain/bin/../lib/gcc/avr/4.9.2/avr25/tiny-stack\libgcc.a(_mulqi3.o)
 .text.libgcc.fmul
                0x0000064a        0x0 c:/program files/atmel/avr tools/avr toolchain/bin/../lib/gcc/avr/4.9.2/avr25/tiny-stack\libgcc.a(_mulqi3.o)
 .text.libgcc.fixed
                0x0000064a        0x0 c:/program files/atmel/avr tools/avr toolchain/bin/../lib/gcc/avr/4.9.2/avr25/tiny-stack\libgcc.a(_mulqi3.o)
 .text.libgcc.mul
                0x0000064a        0x0 c:/program files/atmel/avr tools/avr toolchain/bin/../lib/gcc/avr/4.9.2/avr25/tiny-stack\libgcc.a(_clear_bss.o)
 .text.libgcc.div
                0x0000064a        0x0 c:/program files/atmel/avr tools/avr toolchain/bin/../lib/gcc/avr/4.9.2/avr25/tiny-stack\libgcc.a(_clear_bss.o)
 .text.libgcc   0x0000064a        0x0 c:/program files/atmel/avr tools/avr toolchain/bin/../lib/gcc/avr/4.9.2/avr25/tiny-stack\libgcc.a(_clear_bss.o)
 .text.libgcc.prologue
                0x0000064a        0x0 c:/program files/atmel/avr tools/avr toolchain/bin/../lib/gcc/avr/4.9.2/avr25/tiny-stack\libgcc.a(_clear_bss.o)
 .text.libgcc.builtins
                0x0000064a        0x0 c:/program files/atmel/avr tools/avr toolchain/bin/../lib/gcc/avr/4.9.2/avr25/tiny-stack\libgcc.a(_clear_bss.o)
 .text.libgcc.fmul
                0x0000064a        0x0 c:/program files/atmel/avr tools/avr toolchain/bin/../lib/gcc/avr/4.9.2/avr25/tiny-stack\libgcc.a(_clear_bss.o)
 .text.libgcc.fixed
                0x0000064a        0x0 c:/program files/atmel/avr tools/avr toolchain/bin/../lib/gcc/avr/4.9.2/avr25/tiny-stack\libgcc.a(_clear_bss.o)
 .text.libgcc.mul
                0x0000064a        0x0 c:/program files/atmel/avr tools/avr toolchain/bin/../lib/gcc/avr/4.9.2/avr25/tiny-stack\libgcc.a(_prologue.o)
 .text.libgcc.div
                0x0000064a        0x0 c:/program files/atmel/avr tools/avr toolchain/bin/../lib/gcc/avr/4.9.2/avr25/tiny-stack\libgcc.a(_prologue.o)
 .text.libgcc   0x0000064a        0x0 c:/program files/atmel/avr tools/avr toolchain/bin/../lib/gcc/avr/4.9.2/avr25/tiny-stack\libgcc.a(_prologue.o)
 .text.libgcc.prologue
                0x0000064a       0x2e c:/program files/atmel/avr tools/avr toolchain/bin/../lib/gcc/avr/4.9.2/avr25/tiny-stack\libgcc.a(_prologue.o)
                0x0000064a                __prologue_saves__
 .text.libgcc.builtins
                0x00000678        0x0 c:/program files/atmel/avr tools/avr toolchain/bin/../lib/gcc/avr/4.9.2/avr25/tiny-stack\libgcc.a(_prologue.o)
 .text.libgcc.fmul
                0x00000678        0x0 c:/program files/atmel/avr tools/avr toolchain/bin/../lib/gcc/avr/4.9.2/avr25/tiny-stack\libgcc.a(_prologue.o)
 .text.libgcc.fixed
                0x00000678        0x0 c:/program files/atmel/avr tools/avr toolchain/bin/../lib/gcc/avr/4.9.2/avr25/tiny-stack\libgcc.a(_prologue.o)
 .text.libgcc.mul
                0x00000678        0x0 c:/program files/atmel/avr tools/avr toolchain/bin/../lib/gcc/avr/4.9.2/avr25/tiny-stack\libgcc.a(_epilogue.o)
 .text.libgcc.div
                0x00000678        0x0 c:/program files/atmel/avr tools/avr toolchain/bin/../lib/gcc/avr/4.9.2/avr25/tiny-stack\libgcc.a(_epilogue.o)
 .text.libgcc   0x00000678        0x0 c:/program files/atmel/avr tools/avr toolchain/bin/../lib/gcc/avr/4.9.2/avr25/tiny-stack\libgcc.a(_epilogue.o)
 .text.libgcc.prologue
                0x00000678       0x2c c:/program files/atmel/avr tools/avr toolchain/bin/../lib/gcc/avr/4.9.2/avr25/tiny-stack\libgcc.a(_epilogue.o)
                0x00000678                __epilogue_restores__
 .text.libgcc.builtins
                0x000006a4        0x0 c:/program files/atmel/avr tools/avr toolchain/bin/../lib/gcc/avr/4.9.2/avr25/tiny-stack\libgcc.a(_epilogue.o)
 .text.libgcc.fmul
                0x000006a4        0x0 c:/program files/atmel/avr tools/avr toolchain/bin/../lib/gcc/avr/4.9.2/avr25/tiny-stack\libgcc.a(_epilogue.o)
 .text.libgcc.fixed
                0x000006a4        0x0 c:/program files/atmel/avr tools/avr toolchain/bin/../lib/gcc/avr/4.9.2/avr25/tiny-stack\libgcc.a(_epilogue.o)
                0x000006a4                . = ALIGN (0x2)
 *(.fini9)
 .fini9         0x000006a4        0x0 c:/program files/atmel/avr tools/avr toolchain/bin/../lib/gcc/avr/4.9.2/avr25/tiny-stack\libgcc.a(_exit.o)
                0x000006a4                _exit
                0x000006a4                exit
 *(.fini9)
 *(.fini8)
 *(.fini8)
 *(.fini7)
 *(.fini7)
 *(.fini6)
 *(.fini6)
 *(.fini5)
 *(.fini5)
 *(.fini4)
 *(.fini4)
 *(.fini3)
 *(.fini3)
 *(.fini2)
 *(.fini2)
 *(.fini1)
 *(.fini1)
 *(.fini0)
 .fini0         0x000006a4        0x4 c:/program files/atmel/avr tools/avr toolchain/bin/../lib/gcc/avr/4.9.2/avr25/tiny-stack\libgcc.a(_exit.o)
 *(.fini0)
                0x000006a8                _etext = .

.data           0x00800060       0x2c load address 0x000006a8
                0x00800060                PROVIDE (__data_start, .)
 *(.data)
 .data          0x00800060        0x0 c:/program files/atmel/avr tools/avr toolchain/bin/../lib/gcc/avr/4.9.2/../../../../avr/lib/avr25/tiny-stack/crtattiny2313a.o
 .data          0x00800060        0xe ads1245.o
 .data          0x0080006e        0x0 c:/program files/atmel/avr tools/avr toolchain/bin/../lib/gcc/avr/4.9.2/avr25/tiny-stack\libgcc.a(_exit.o)
 .data          0x0080006e        0x0 c:/program files/atmel/avr tools/avr toolchain/bin/../lib/gcc/avr/4.9.2/avr25/tiny-stack\libgcc.a(_copy_data.o)
 .data          0x0080006e        0x0 c:/program files/atmel/avr tools/avr toolchain/bin/../lib/gcc/avr/4.9.2/../../../../avr/lib/avr25/tiny-stack\libc.a(iob.o)
 .data          0x0080006e        0x0 c:/program files/atmel/avr tools/avr toolchain/bin/../lib/gcc/avr/4.9.2/../../../../avr/lib/avr25/tiny-stack\libc.a(printf.o)
 .data          0x0080006e        0x0 c:/program files/atmel/avr tools/avr toolchain/bin/../lib/gcc/avr/4.9.2/../../../../avr/lib/avr25/tiny-stack\libc.a(vfprintf_std.o)
 .data          0x0080006e        0x0 c:/program files/atmel/avr tools/avr toolchain/bin/../lib/gcc/avr/4.9.2/../../../../avr/lib/avr25/tiny-stack\libc.a(strnlen_P.o)
 .data          0x0080006e        0x0 c:/program files/atmel/avr tools/avr toolchain/bin/../lib/gcc/avr/4.9.2/../../../../avr/lib/avr25/tiny-stack\libc.a(strnlen.o)
 .data          0x0080006e        0x0 c:/program files/atmel/avr tools/avr toolchain/bin/../lib/gcc/avr/4.9.2/../../../../avr/lib/avr25/tiny-stack\libc.a(fputc.o)
 .data          0x0080006e        0x0 c:/program files/atmel/avr tools/avr toolchain/bin/../lib/gcc/avr/4.9.2/../../../../avr/lib/avr25/tiny-stack\libc.a(ultoa_invert.o)
 .data          0x0080006e        0x0 c:/program files/atmel/avr tools/avr toolchain/bin/../lib/gcc/avr/4.9.2/avr25/tiny-stack\libgcc.a(_mulqi3.o)
 .data          0x0080006e        0x0 c:/program files/atmel/avr tools/avr toolchain/bin/../lib/gcc/avr/4.9.2/avr25/tiny-stack\libgcc.a(_clear_bss.o)
 .data          0x0080006e        0x0 c:/program files/atmel/avr tools/avr toolchain/bin/../lib/gcc/avr/4.9.2/avr25/tiny-stack\libgcc.a(_prologue.o)
 .data          0x0080006e        0x0 c:/program files/atmel/avr tools/avr toolchain/bin/../lib/gcc/avr/4.9.2/avr25/tiny-stack\libgcc.a(_epilogue.o)
 *(.data*)
 *(.rodata)
 *(.rodata*)
 .rodata.str1.1
                0x0080006e       0x1d ads1245.o
 *(.gnu.linkonce.d*)
                0x0080008c                . = ALIGN (0x2)
 *fill*         0x0080008b        0x1 
                0x0080008c                _edata = .
                0x0080008c                PROVIDE (__data_end, .)

.bss            0x0080008c        0x6
                0x0080008c                PROVIDE (__bss_start, .)
 *(.bss)
 .bss           0x0080008c        0x0 c:/program files/atmel/avr tools/avr toolchain/bin/../lib/gcc/avr/4.9.2/../../../../avr/lib/avr25/tiny-stack/crtattiny2313a.o
 .bss           0x0080008c        0x0 ads1245.o
 .bss           0x0080008c        0x0 c:/program files/atmel/avr tools/avr toolchain/bin/../lib/gcc/avr/4.9.2/avr25/tiny-stack\libgcc.a(_exit.o)
 .bss           0x0080008c        0x0 c:/program files/atmel/avr tools/avr toolchain/bin/../lib/gcc/avr/4.9.2/avr25/tiny-stack\libgcc.a(_copy_data.o)
 .bss           0x0080008c        0x0 c:/program files/atmel/avr tools/avr toolchain/bin/../lib/gcc/avr/4.9.2/../../../../avr/lib/avr25/tiny-stack\libc.a(iob.o)
 .bss           0x0080008c        0x0 c:/program files/atmel/avr tools/avr toolchain/bin/../lib/gcc/avr/4.9.2/../../../../avr/lib/avr25/tiny-stack\libc.a(printf.o)
 .bss           0x0080008c        0x0 c:/program files/atmel/avr tools/avr toolchain/bin/../lib/gcc/avr/4.9.2/../../../../avr/lib/avr25/tiny-stack\libc.a(vfprintf_std.o)
 .bss           0x0080008c        0x0 c:/program files/atmel/avr tools/avr toolchain/bin/../lib/gcc/avr/4.9.2/../../../../avr/lib/avr25/tiny-stack\libc.a(strnlen_P.o)
 .bss           0x0080008c        0x0 c:/program files/atmel/avr tools/avr toolchain/bin/../lib/gcc/avr/4.9.2/../../../../avr/lib/avr25/tiny-stack\libc.a(strnlen.o)
 .bss           0x0080008c        0x0 c:/program files/atmel/avr tools/avr toolchain/bin/../lib/gcc/avr/4.9.2/../../../../avr/lib/avr25/tiny-stack\libc.a(fputc.o)
 .bss           0x0080008c        0x0 c:/program files/atmel/avr tools/avr toolchain/bin/../lib/gcc/avr/4.9.2/../../../../avr/lib/avr25/tiny-stack\libc.a(ultoa_invert.o)
 .bss           0x0080008c        0x0 c:/program files/atmel/avr tools/avr toolchain/bin/../lib/gcc/avr/4.9.2/avr25/tiny-stack\libgcc.a(_mulqi3.o)
 .bss           0x0080008c        0x0 c:/program files/atmel/avr tools/avr toolchain/bin/../lib/gcc/avr/4.9.2/avr25/tiny-stack\libgcc.a(_clear_bss.o)
 .bss           0x0080008c        0x0 c:/program files/atmel/avr tools/avr toolchain/bin/../lib/gcc/avr/4.9.2/avr25/tiny-stack\libgcc.a(_prologue.o)
 .bss           0x0080008c        0x0 c:/program files/atmel/avr tools/avr toolchain/bin/../lib/gcc/avr/4.9.2/avr25/tiny-stack\libgcc.a(_epilogue.o)
 *(.bss*)
 *(COMMON)
 COMMON         0x0080008c        0x6 c:/program files/atmel/avr tools/avr toolchain/bin/../lib/gcc/avr/4.9.2/../../../../avr/lib/avr25/tiny-stack\libc.a(iob.o)
                0x0080008c                __iob
                0x00800092                PROVIDE (__bss_end, .)
                0x000006a8                __data_load_start = LOADADDR (.data)
                0x000006d4                __data_load_end = (__data_load_start + SIZEOF (.data))

.noinit         0x00800092        0x0
                [!provide]                PROVIDE (__noinit_start, .)
 *(.noinit*)
                [!provide]                PROVIDE (__noinit_end, .)
                0x00800092                _end = .
                [!provide]                PROVIDE (__heap_start, .)

.eeprom         0x00810000        0x0
 *(.eeprom*)
                0x00810000                __eeprom_end = .

.fuse
 *(.fuse)
 *(.lfuse)
 *(.hfuse)
 *(.efuse)

.lock
 *(.lock*)

.signature
 *(.signature*)

.user_signatures
 *(.user_signatures*)

.stab
 *(.stab)

.stabstr
 *(.stabstr)

.stab.excl
 *(.stab.excl)

.stab.exclstr
 *(.stab.exclstr)

.stab.index
 *(.stab.index)

.stab.indexstr
 *(.stab.indexstr)

.comment        0x00000000       0x5c
 *(.comment)
 .comment       0x00000000       0x30 ads1245.o
                                 0x31 (size before relaxing)
 .comment       0x00000030       0x31 c:/program files/atmel/avr tools/avr toolchain/bin/../lib/gcc/avr/4.9.2/../../../../avr/lib/avr25/tiny-stack\libc.a(iob.o)
 .comment       0x00000030       0x31 c:/program files/atmel/avr tools/avr toolchain/bin/../lib/gcc/avr/4.9.2/../../../../avr/lib/avr25/tiny-stack\libc.a(printf.o)
 .comment       0x00000030       0x2c c:/program files/atmel/avr tools/avr toolchain/bin/../lib/gcc/avr/4.9.2/../../../../avr/lib/avr25/tiny-stack\libc.a(vfprintf_std.o)
                                 0x2d (size before relaxing)
 .comment       0x0000005c       0x31 c:/program files/atmel/avr tools/avr toolchain/bin/../lib/gcc/avr/4.9.2/../../../../avr/lib/avr25/tiny-stack\libc.a(fputc.o)

.note.gnu.avr.deviceinfo
                0x00000000       0x40
 .note.gnu.avr.deviceinfo
                0x00000000       0x40 c:/program files/atmel/avr tools/avr toolchain/bin/../lib/gcc/avr/4.9.2/../../../../avr/lib/avr25/tiny-stack/crtattiny2313a.o

.note.gnu.build-id
 *(.note.gnu.build-id)

.debug
 *(.debug)

.line
 *(.line)

.debug_srcinfo
 *(.debug_srcinfo)

.debug_sfnames
 *(.debug_sfnames)

.debug_aranges  0x00000000       0x28
 *(.debug_aranges)
 .debug_aranges
                0x00000000       0x28 ads1245.o

.debug_pubnames
 *(.debug_pubnames)

.debug_info     0x00000000      0x6f7
 *(.debug_info .gnu.linkonce.wi.*)
 .debug_info    0x00000000      0x456 c:/program files/atmel/avr tools/avr toolchain/bin/../lib/gcc/avr/4.9.2/../../../../avr/lib/avr25/tiny-stack/crtattiny2313a.o
 .debug_info    0x00000456      0x2a1 ads1245.o

.debug_abbrev   0x00000000      0x5cc
 *(.debug_abbrev)
 .debug_abbrev  0x00000000      0x41b c:/program files/atmel/avr tools/avr toolchain/bin/../lib/gcc/avr/4.9.2/../../../../avr/lib/avr25/tiny-stack/crtattiny2313a.o
 .debug_abbrev  0x0000041b      0x1b1 ads1245.o

.debug_line     0x00000000      0x18e
 *(.debug_line .debug_line.* .debug_line_end)
 .debug_line    0x00000000       0x1a c:/program files/atmel/avr tools/avr toolchain/bin/../lib/gcc/avr/4.9.2/../../../../avr/lib/avr25/tiny-stack/crtattiny2313a.o
 .debug_line    0x0000001a      0x174 ads1245.o

.debug_frame    0x00000000       0xa8
 *(.debug_frame)
 .debug_frame   0x00000000       0xa8 ads1245.o

.debug_str      0x00000000      0x31f
 *(.debug_str)
 .debug_str     0x00000000      0x17b c:/program files/atmel/avr tools/avr toolchain/bin/../lib/gcc/avr/4.9.2/../../../../avr/lib/avr25/tiny-stack/crtattiny2313a.o
 .debug_str     0x0000017b      0x1a4 ads1245.o
                                0x1dd (size before relaxing)

.debug_loc      0x00000000      0x199
 *(.debug_loc)
 .debug_loc     0x00000000      0x199 ads1245.o

.debug_macinfo
 *(.debug_macinfo)

.debug_weaknames
 *(.debug_weaknames)

.debug_funcnames
 *(.debug_funcnames)

.debug_typenames
 *(.debug_typenames)

.debug_varnames
 *(.debug_varnames)

.debug_pubtypes
 *(.debug_pubtypes)

.debug_ranges   0x00000000       0x18
 *(.debug_ranges)
 .debug_ranges  0x00000000       0x18 ads1245.o

.debug_macro
 *(.debug_macro)
OUTPUT(ads1245.elf elf32-avr)
LOAD linker stubs
