Archive member included because of file (symbol)

c:/program files (x86)/atmel/avr tools/avr toolchain/bin/../lib/gcc/avr/4.6.2/avrxmega6\libgcc.a(_udivmodsi4.o)
                              usart.o (__udivmodsi4)
c:/program files (x86)/atmel/avr tools/avr toolchain/bin/../lib/gcc/avr/4.6.2/avrxmega6\libgcc.a(_exit.o)
                              c:/program files (x86)/atmel/avr tools/avr toolchain/bin/../lib/gcc/avr/4.6.2/../../../../avr/lib/avrxmega6/crtx256a3bu.o (exit)
c:/program files (x86)/atmel/avr tools/avr toolchain/bin/../lib/gcc/avr/4.6.2/avrxmega6\libgcc.a(_copy_data.o)
                              main.o (__do_copy_data)
c:/program files (x86)/atmel/avr tools/avr toolchain/bin/../lib/gcc/avr/4.6.2/avrxmega6\libgcc.a(_clear_bss.o)
                              main.o (__do_clear_bss)
c:/program files (x86)/atmel/avr tools/avr toolchain/bin/../lib/gcc/avr/4.6.2/../../../../avr/lib/avrxmega6\libc.a(memcpy.o)
                              nvm.o (memcpy)
c:/program files (x86)/atmel/avr tools/avr toolchain/bin/../lib/gcc/avr/4.6.2/../../../../avr/lib/avrxmega6\libc.a(fdevopen.o)
                              main.o (fdevopen)
c:/program files (x86)/atmel/avr tools/avr toolchain/bin/../lib/gcc/avr/4.6.2/../../../../avr/lib/avrxmega6\libc.a(iob.o)
                              c:/program files (x86)/atmel/avr tools/avr toolchain/bin/../lib/gcc/avr/4.6.2/../../../../avr/lib/avrxmega6\libc.a(fdevopen.o) (__iob)
c:/program files (x86)/atmel/avr tools/avr toolchain/bin/../lib/gcc/avr/4.6.2/../../../../avr/lib/avrxmega6\libc.a(printf.o)
                              main.o (printf)
c:/program files (x86)/atmel/avr tools/avr toolchain/bin/../lib/gcc/avr/4.6.2/../../../../avr/lib/avrxmega6\libc.a(vfprintf_std.o)
                              c:/program files (x86)/atmel/avr tools/avr toolchain/bin/../lib/gcc/avr/4.6.2/../../../../avr/lib/avrxmega6\libc.a(printf.o) (vfprintf)
c:/program files (x86)/atmel/avr tools/avr toolchain/bin/../lib/gcc/avr/4.6.2/../../../../avr/lib/avrxmega6\libc.a(calloc.o)
                              c:/program files (x86)/atmel/avr tools/avr toolchain/bin/../lib/gcc/avr/4.6.2/../../../../avr/lib/avrxmega6\libc.a(fdevopen.o) (calloc)
c:/program files (x86)/atmel/avr tools/avr toolchain/bin/../lib/gcc/avr/4.6.2/../../../../avr/lib/avrxmega6\libc.a(malloc.o)
                              c:/program files (x86)/atmel/avr tools/avr toolchain/bin/../lib/gcc/avr/4.6.2/../../../../avr/lib/avrxmega6\libc.a(calloc.o) (malloc)
c:/program files (x86)/atmel/avr tools/avr toolchain/bin/../lib/gcc/avr/4.6.2/../../../../avr/lib/avrxmega6\libc.a(strnlen_P.o)
                              c:/program files (x86)/atmel/avr tools/avr toolchain/bin/../lib/gcc/avr/4.6.2/../../../../avr/lib/avrxmega6\libc.a(vfprintf_std.o) (strnlen_P)
c:/program files (x86)/atmel/avr tools/avr toolchain/bin/../lib/gcc/avr/4.6.2/../../../../avr/lib/avrxmega6\libc.a(memset.o)
                              c:/program files (x86)/atmel/avr tools/avr toolchain/bin/../lib/gcc/avr/4.6.2/../../../../avr/lib/avrxmega6\libc.a(calloc.o) (memset)
c:/program files (x86)/atmel/avr tools/avr toolchain/bin/../lib/gcc/avr/4.6.2/../../../../avr/lib/avrxmega6\libc.a(strnlen.o)
                              c:/program files (x86)/atmel/avr tools/avr toolchain/bin/../lib/gcc/avr/4.6.2/../../../../avr/lib/avrxmega6\libc.a(vfprintf_std.o) (strnlen)
c:/program files (x86)/atmel/avr tools/avr toolchain/bin/../lib/gcc/avr/4.6.2/../../../../avr/lib/avrxmega6\libc.a(fputc.o)
                              c:/program files (x86)/atmel/avr tools/avr toolchain/bin/../lib/gcc/avr/4.6.2/../../../../avr/lib/avrxmega6\libc.a(vfprintf_std.o) (fputc)
c:/program files (x86)/atmel/avr tools/avr toolchain/bin/../lib/gcc/avr/4.6.2/../../../../avr/lib/avrxmega6\libc.a(ultoa_invert.o)
                              c:/program files (x86)/atmel/avr tools/avr toolchain/bin/../lib/gcc/avr/4.6.2/../../../../avr/lib/avrxmega6\libc.a(vfprintf_std.o) (__ultoa_invert)

Allocating common symbols
Common symbol       size              file

adcb_callback       0x2               adc.o
ptr_get             0x2               read.o
__brkval            0x2               c:/program files (x86)/atmel/avr tools/avr toolchain/bin/../lib/gcc/avr/4.6.2/../../../../avr/lib/avrxmega6\libc.a(malloc.o)
ptr_put             0x2               write.o
stdio_base          0x2               write.o
sleepmgr_locks      0x6               sleepmgr.o
__flp               0x2               c:/program files (x86)/atmel/avr tools/avr toolchain/bin/../lib/gcc/avr/4.6.2/../../../../avr/lib/avrxmega6\libc.a(malloc.o)
__iob               0x6               c:/program files (x86)/atmel/avr tools/avr toolchain/bin/../lib/gcc/avr/4.6.2/../../../../avr/lib/avrxmega6\libc.a(iob.o)
adca_callback       0x2               adc.o

Memory Configuration

Name             Origin             Length             Attributes
text             0x00000000         0x00100000         xr
data             0x00802000         0x0000ffa0         rw !x
eeprom           0x00810000         0x00010000         rw !x
fuse             0x00820000         0x00000400         rw !x
lock             0x00830000         0x00000400         rw !x
signature        0x00840000         0x00000400         rw !x
*default*        0x00000000         0xffffffff

Linker script and memory map

LOAD c:/program files (x86)/atmel/avr tools/avr toolchain/bin/../lib/gcc/avr/4.6.2/../../../../avr/lib/avrxmega6/crtx256a3bu.o
Address of section .BOOT set to 0x40000
LOAD main.o
LOAD usart.o
LOAD twim.o
LOAD adc.o
LOAD adc_aau.o
LOAD write.o
LOAD read.o
LOAD spi_master.o
LOAD sleepmgr.o
LOAD usart_serial.o
LOAD sysclk.o
LOAD tc.o
LOAD spi.o
LOAD nvm_asm.o
LOAD nvm.o
LOAD ccp.o
LOAD ioport_compat.o
LOAD init.o
LOAD c:/program files (x86)/atmel/avr tools/avr toolchain/bin/../lib/gcc/avr/4.6.2/avrxmega6\libgcc.a
LOAD c:/program files (x86)/atmel/avr tools/avr toolchain/bin/../lib/gcc/avr/4.6.2/../../../../avr/lib/avrxmega6\libc.a
LOAD c:/program files (x86)/atmel/avr tools/avr toolchain/bin/../lib/gcc/avr/4.6.2/avrxmega6\libgcc.a

.hash
 *(.hash)

.dynsym
 *(.dynsym)

.dynstr
 *(.dynstr)

.gnu.version
 *(.gnu.version)

.gnu.version_d
 *(.gnu.version_d)

.gnu.version_r
 *(.gnu.version_r)

.rel.init
 *(.rel.init)

.rela.init
 *(.rela.init)

.rel.text
 *(.rel.text)
 *(.rel.text.*)
 *(.rel.gnu.linkonce.t*)

.rela.text
 *(.rela.text)
 *(.rela.text.*)
 *(.rela.gnu.linkonce.t*)

.rel.fini
 *(.rel.fini)

.rela.fini
 *(.rela.fini)

.rel.rodata
 *(.rel.rodata)
 *(.rel.rodata.*)
 *(.rel.gnu.linkonce.r*)

.rela.rodata
 *(.rela.rodata)
 *(.rela.rodata.*)
 *(.rela.gnu.linkonce.r*)

.rel.data
 *(.rel.data)
 *(.rel.data.*)
 *(.rel.gnu.linkonce.d*)

.rela.data
 *(.rela.data)
 *(.rela.data.*)
 *(.rela.gnu.linkonce.d*)

.rel.ctors
 *(.rel.ctors)

.rela.ctors
 *(.rela.ctors)

.rel.dtors
 *(.rel.dtors)

.rela.dtors
 *(.rela.dtors)

.rel.got
 *(.rel.got)

.rela.got
 *(.rela.got)

.rel.bss
 *(.rel.bss)

.rela.bss
 *(.rela.bss)

.rel.plt
 *(.rel.plt)

.rela.plt
 *(.rela.plt)

.text           0x00000000     0x3a36
 *(.vectors)
 .vectors       0x00000000      0x1fc c:/program files (x86)/atmel/avr tools/avr toolchain/bin/../lib/gcc/avr/4.6.2/../../../../avr/lib/avrxmega6/crtx256a3bu.o
                0x00000000                __vector_default
                0x00000000                __vectors
 *(.vectors)
 *(.progmem.gcc*)
 *(.progmem*)
 .progmem.data  0x000001fc       0x1c usart.o
                0x00000218                . = ALIGN (0x2)
                0x00000218                __trampolines_start = .
 *(.trampolines)
 .trampolines   0x00000218        0x0 linker stubs
 *(.trampolines*)
                0x00000218                __trampolines_end = .
 *(.jumptables)
 *(.jumptables*)
 *(.lowtext)
 *(.lowtext*)
                0x00000218                __ctors_start = .
 *(.ctors)
                0x00000218                __ctors_end = .
                0x00000218                __dtors_start = .
 *(.dtors)
                0x00000218                __dtors_end = .
 SORT(*)(.ctors)
 SORT(*)(.dtors)
 *(.init0)
 .init0         0x00000218        0x0 c:/program files (x86)/atmel/avr tools/avr toolchain/bin/../lib/gcc/avr/4.6.2/../../../../avr/lib/avrxmega6/crtx256a3bu.o
                0x00000218                __init
 *(.init0)
 *(.init1)
 *(.init1)
 *(.init2)
 .init2         0x00000218       0x10 c:/program files (x86)/atmel/avr tools/avr toolchain/bin/../lib/gcc/avr/4.6.2/../../../../avr/lib/avrxmega6/crtx256a3bu.o
 *(.init2)
 *(.init3)
 *(.init3)
 *(.init4)
 .init4         0x00000228       0x1c c:/program files (x86)/atmel/avr tools/avr toolchain/bin/../lib/gcc/avr/4.6.2/avrxmega6\libgcc.a(_copy_data.o)
                0x00000228                __do_copy_data
 .init4         0x00000244       0x10 c:/program files (x86)/atmel/avr tools/avr toolchain/bin/../lib/gcc/avr/4.6.2/avrxmega6\libgcc.a(_clear_bss.o)
                0x00000244                __do_clear_bss
 *(.init4)
 *(.init5)
 *(.init5)
 *(.init6)
 *(.init6)
 *(.init7)
 *(.init7)
 *(.init8)
 *(.init8)
 *(.init9)
 .init9         0x00000254        0x8 c:/program files (x86)/atmel/avr tools/avr toolchain/bin/../lib/gcc/avr/4.6.2/../../../../avr/lib/avrxmega6/crtx256a3bu.o
 *(.init9)
 *(.text)
 .text          0x0000025c        0x4 c:/program files (x86)/atmel/avr tools/avr toolchain/bin/../lib/gcc/avr/4.6.2/../../../../avr/lib/avrxmega6/crtx256a3bu.o
                0x0000025c                __vector_38
                0x0000025c                __vector_104
                0x0000025c                __vector_63
                0x0000025c                __vector_28
                0x0000025c                __vector_67
                0x0000025c                __vector_1
                0x0000025c                __vector_119
                0x0000025c                __vector_32
                0x0000025c                __vector_75
                0x0000025c                __vector_91
                0x0000025c                __vector_34
                0x0000025c                __vector_62
                0x0000025c                __vector_102
                0x0000025c                __vector_24
                0x0000025c                __vector_12
                0x0000025c                __vector_69
                0x0000025c                __vector_90
                0x0000025c                __bad_interrupt
                0x0000025c                __vector_122
                0x0000025c                __vector_114
                0x0000025c                __vector_6
                0x0000025c                __vector_31
                0x0000025c                __vector_92
                0x0000025c                __vector_35
                0x0000025c                __vector_117
                0x0000025c                __vector_107
                0x0000025c                __vector_3
                0x0000025c                __vector_105
                0x0000025c                __vector_98
                0x0000025c                __vector_68
                0x0000025c                __vector_30
                0x0000025c                __vector_45
                0x0000025c                __vector_25
                0x0000025c                __vector_93
                0x0000025c                __vector_61
                0x0000025c                __vector_11
                0x0000025c                __vector_99
                0x0000025c                __vector_7
                0x0000025c                __vector_125
                0x0000025c                __vector_123
                0x0000025c                __vector_100
                0x0000025c                __vector_101
                0x0000025c                __vector_64
                0x0000025c                __vector_88
                0x0000025c                __vector_43
                0x0000025c                __vector_27
                0x0000025c                __vector_5
                0x0000025c                __vector_33
                0x0000025c                __vector_76
                0x0000025c                __vector_115
                0x0000025c                __vector_37
                0x0000025c                __vector_95
                0x0000025c                __vector_103
                0x0000025c                __vector_96
                0x0000025c                __vector_89
                0x0000025c                __vector_4
                0x0000025c                __vector_44
                0x0000025c                __vector_106
                0x0000025c                __vector_118
                0x0000025c                __vector_9
                0x0000025c                __vector_2
                0x0000025c                __vector_66
                0x0000025c                __vector_36
                0x0000025c                __vector_58
                0x0000025c                __vector_70
                0x0000025c                __vector_29
                0x0000025c                __vector_60
                0x0000025c                __vector_121
                0x0000025c                __vector_94
                0x0000025c                __vector_126
                0x0000025c                __vector_8
                0x0000025c                __vector_26
                0x0000025c                __vector_124
                0x0000025c                __vector_116
                0x0000025c                __vector_57
                0x0000025c                __vector_10
                0x0000025c                __vector_59
                0x0000025c                __vector_97
                0x0000025c                __vector_87
                0x0000025c                __vector_65
                0x0000025c                __vector_120
 .text          0x00000260       0xdc main.o
                0x00000278                AD7705_Init
 .text          0x0000033c      0x6bc usart.o
                0x000004b4                usart_putchar
                0x000004c4                usart_getchar
                0x000004d0                usart_set_bsel_bscale_value
                0x000004e0                usart_set_baudrate_precalculated
                0x000005e4                usart_set_baudrate
                0x000007c0                usart_init_rs232
                0x0000081c                usart_spi_set_baudrate
                0x00000880                usart_init_spi
 .text          0x000009f8      0x29e twim.o
                0x00000b16                __vector_13
                0x00000b66                __vector_46
                0x00000bb6                twi_master_init
                0x00000be2                twi_master_transfer
 .text          0x00000c96      0x182 adc.o
                0x00000cb0                adc_set_callback
                0x00000cee                adc_enable_clock
                0x00000d32                adc_disable_clock
                0x00000d72                adc_enable
                0x00000db0                adc_disable
                0x00000dee                adc_is_enabled
 .text          0x00000e18      0x57e adc_aau.o
                0x00000eaa                __vector_71
                0x00000f0e                __vector_72
                0x00000f72                __vector_73
                0x00000fd6                __vector_74
                0x0000103a                __vector_39
                0x0000109e                __vector_40
                0x00001102                __vector_41
                0x00001166                __vector_42
                0x000011ca                adc_write_configuration
                0x00001248                adc_read_configuration
                0x00001296                adcch_write_configuration
                0x00001316                adcch_read_configuration
 .text          0x00001396       0x26 write.o
                0x00001396                _write
 .text          0x000013bc       0x2e read.o
                0x000013bc                _read
 .text          0x000013ea      0x10c spi_master.o
                0x000013ea                spi_master_init
                0x00001418                spi_master_setup_device
                0x00001456                spi_write_packet
                0x00001474                spi_read_packet
                0x00001496                spi_select_device
                0x000014c6                spi_deselect_device
 .text          0x000014f6        0x0 sleepmgr.o
 .text          0x000014f6       0x6c usart_serial.o
                0x000014f6                usart_serial_write_packet
                0x0000152c                usart_serial_read_packet
 .text          0x00001562       0xdc sysclk.o
                0x00001562                sysclk_init
                0x00001582                sysclk_enable_module
                0x000015ae                sysclk_disable_module
                0x000015d8                sysclk_enable_usb
                0x0000162a                sysclk_disable_usb
 .text          0x0000163e     0x10aa tc.o
                0x00001658                __vector_14
                0x000016b2                __vector_15
                0x0000170c                __vector_16
                0x00001766                __vector_17
                0x000017c0                __vector_18
                0x0000181a                __vector_19
                0x00001874                __vector_20
                0x000018ce                __vector_21
                0x00001928                __vector_22
                0x00001982                __vector_23
                0x000019dc                __vector_77
                0x00001a36                __vector_78
                0x00001a90                __vector_79
                0x00001aea                __vector_80
                0x00001b44                __vector_81
                0x00001b9e                __vector_82
                0x00001bf8                __vector_83
                0x00001c52                __vector_84
                0x00001cac                __vector_85
                0x00001d06                __vector_86
                0x00001d60                __vector_47
                0x00001dba                __vector_48
                0x00001e14                __vector_49
                0x00001e6e                __vector_50
                0x00001ec8                __vector_51
                0x00001f22                __vector_52
                0x00001f7c                __vector_53
                0x00001fd6                __vector_54
                0x00002030                __vector_55
                0x0000208a                __vector_56
                0x000020e4                __vector_108
                0x0000213e                __vector_109
                0x00002198                __vector_110
                0x000021f2                __vector_111
                0x0000224c                __vector_112
                0x000022a6                __vector_113
                0x00002300                tc_enable
                0x000023b0                tc_disable
                0x00002460                tc_set_overflow_interrupt_callback
                0x000024de                tc_set_error_interrupt_callback
                0x0000255c                tc_set_cca_interrupt_callback
                0x000025da                tc_set_ccb_interrupt_callback
                0x00002658                tc_set_ccc_interrupt_callback
                0x000026a0                tc_set_ccd_interrupt_callback
 .text          0x000026e8       0x94 spi.o
                0x000026e8                spi_xmega_set_baud_div
 .text          0x0000277c        0x0 nvm_asm.o
 .text          0x0000277c      0x77a nvm.o
                0x000027b4                nvm_read_device_serial
                0x00002818                nvm_eeprom_read_byte
                0x0000283e                nvm_eeprom_read_buffer
                0x0000289c                nvm_eeprom_flush_buffer
                0x000028bc                nvm_eeprom_load_byte_to_buffer
                0x000028fc                nvm_eeprom_write_byte
                0x00002960                nvm_eeprom_load_page_to_buffer
                0x00002984                nvm_eeprom_atomic_write_page
                0x000029ba                nvm_eeprom_erase_and_write_buffer
                0x00002a40                nvm_eeprom_split_write_page
                0x00002a76                nvm_eeprom_fill_buffer_with_value
                0x00002a9a                nvm_eeprom_erase_bytes_in_page
                0x00002ad0                nvm_eeprom_erase_page
                0x00002ae4                nvm_eeprom_erase_bytes_in_all_pages
                0x00002af0                nvm_eeprom_erase_all
                0x00002afc                nvm_issue_flash_range_crc
                0x00002b60                nvm_flash_read_buffer
                0x00002bca                nvm_user_sig_read_buffer
                0x00002c0c                nvm_user_sig_write_buffer
                0x00002d4c                nvm_flash_erase_and_write_buffer
                0x00002ec2                nvm_fuses_read
 .text          0x00002ef6        0x0 ccp.o
 .text          0x00002ef6       0x5a ioport_compat.o
                0x00002ef6                ioport_configure_port_pin
 .text          0x00002f50      0x138 init.o
                0x00002f82                board_init
 .text          0x00003088        0x0 c:/program files (x86)/atmel/avr tools/avr toolchain/bin/../lib/gcc/avr/4.6.2/avrxmega6\libgcc.a(_udivmodsi4.o)
 .text          0x00003088        0x0 c:/program files (x86)/atmel/avr tools/avr toolchain/bin/../lib/gcc/avr/4.6.2/avrxmega6\libgcc.a(_exit.o)
 .text          0x00003088        0x0 c:/program files (x86)/atmel/avr tools/avr toolchain/bin/../lib/gcc/avr/4.6.2/avrxmega6\libgcc.a(_copy_data.o)
 .text          0x00003088        0x0 c:/program files (x86)/atmel/avr tools/avr toolchain/bin/../lib/gcc/avr/4.6.2/avrxmega6\libgcc.a(_clear_bss.o)
 .text          0x00003088        0x0 c:/program files (x86)/atmel/avr tools/avr toolchain/bin/../lib/gcc/avr/4.6.2/../../../../avr/lib/avrxmega6\libc.a(memcpy.o)
 .text          0x00003088        0x0 c:/program files (x86)/atmel/avr tools/avr toolchain/bin/../lib/gcc/avr/4.6.2/../../../../avr/lib/avrxmega6\libc.a(fdevopen.o)
 .text          0x00003088        0x0 c:/program files (x86)/atmel/avr tools/avr toolchain/bin/../lib/gcc/avr/4.6.2/../../../../avr/lib/avrxmega6\libc.a(iob.o)
 .text          0x00003088        0x0 c:/program files (x86)/atmel/avr tools/avr toolchain/bin/../lib/gcc/avr/4.6.2/../../../../avr/lib/avrxmega6\libc.a(printf.o)
 .text          0x00003088        0x0 c:/program files (x86)/atmel/avr tools/avr toolchain/bin/../lib/gcc/avr/4.6.2/../../../../avr/lib/avrxmega6\libc.a(vfprintf_std.o)
 .text          0x00003088        0x0 c:/program files (x86)/atmel/avr tools/avr toolchain/bin/../lib/gcc/avr/4.6.2/../../../../avr/lib/avrxmega6\libc.a(calloc.o)
 .text          0x00003088        0x0 c:/program files (x86)/atmel/avr tools/avr toolchain/bin/../lib/gcc/avr/4.6.2/../../../../avr/lib/avrxmega6\libc.a(malloc.o)
 .text          0x00003088        0x0 c:/program files (x86)/atmel/avr tools/avr toolchain/bin/../lib/gcc/avr/4.6.2/../../../../avr/lib/avrxmega6\libc.a(strnlen_P.o)
 .text          0x00003088        0x0 c:/program files (x86)/atmel/avr tools/avr toolchain/bin/../lib/gcc/avr/4.6.2/../../../../avr/lib/avrxmega6\libc.a(memset.o)
 .text          0x00003088        0x0 c:/program files (x86)/atmel/avr tools/avr toolchain/bin/../lib/gcc/avr/4.6.2/../../../../avr/lib/avrxmega6\libc.a(strnlen.o)
 .text          0x00003088        0x0 c:/program files (x86)/atmel/avr tools/avr toolchain/bin/../lib/gcc/avr/4.6.2/../../../../avr/lib/avrxmega6\libc.a(fputc.o)
 .text          0x00003088        0x0 c:/program files (x86)/atmel/avr tools/avr toolchain/bin/../lib/gcc/avr/4.6.2/../../../../avr/lib/avrxmega6\libc.a(ultoa_invert.o)
                0x00003088                . = ALIGN (0x2)
 *(.text.*)
 .text.startup  0x00003088       0x92 main.o
                0x00003088                main
 .text.nvm_read_byte
                0x0000311a       0x14 nvm_asm.o
                0x0000311a                nvm_read_byte
 .text.ccp_write_io
                0x0000312e        0xc ccp.o
                0x0000312e                ccp_write_io
 .text.libgcc   0x0000313a       0x44 c:/program files (x86)/atmel/avr tools/avr toolchain/bin/../lib/gcc/avr/4.6.2/avrxmega6\libgcc.a(_udivmodsi4.o)
                0x0000313a                __udivmodsi4
 .text.libgcc   0x0000317e        0x0 c:/program files (x86)/atmel/avr tools/avr toolchain/bin/../lib/gcc/avr/4.6.2/avrxmega6\libgcc.a(_exit.o)
 .text.libgcc   0x0000317e        0x0 c:/program files (x86)/atmel/avr tools/avr toolchain/bin/../lib/gcc/avr/4.6.2/avrxmega6\libgcc.a(_copy_data.o)
 .text.libgcc   0x0000317e        0x0 c:/program files (x86)/atmel/avr tools/avr toolchain/bin/../lib/gcc/avr/4.6.2/avrxmega6\libgcc.a(_clear_bss.o)
 .text.avr-libc
                0x0000317e       0x12 c:/program files (x86)/atmel/avr tools/avr toolchain/bin/../lib/gcc/avr/4.6.2/../../../../avr/lib/avrxmega6\libc.a(memcpy.o)
                0x0000317e                memcpy
 .text.avr-libc
                0x00003190       0x94 c:/program files (x86)/atmel/avr tools/avr toolchain/bin/../lib/gcc/avr/4.6.2/../../../../avr/lib/avrxmega6\libc.a(fdevopen.o)
                0x00003190                fdevopen
 .text.avr-libc
                0x00003224       0x24 c:/program files (x86)/atmel/avr tools/avr toolchain/bin/../lib/gcc/avr/4.6.2/../../../../avr/lib/avrxmega6\libc.a(printf.o)
                0x00003224                printf
 .text.avr-libc
                0x00003248      0x402 c:/program files (x86)/atmel/avr tools/avr toolchain/bin/../lib/gcc/avr/4.6.2/../../../../avr/lib/avrxmega6\libc.a(vfprintf_std.o)
                0x00003248                vfprintf
 .text.avr-libc
                0x0000364a       0x3c c:/program files (x86)/atmel/avr tools/avr toolchain/bin/../lib/gcc/avr/4.6.2/../../../../avr/lib/avrxmega6\libc.a(calloc.o)
                0x0000364a                calloc
 .text.avr-libc
                0x00003686      0x25e c:/program files (x86)/atmel/avr tools/avr toolchain/bin/../lib/gcc/avr/4.6.2/../../../../avr/lib/avrxmega6\libc.a(malloc.o)
                0x00003686                malloc
                0x000037b2                free
 .text.avr-libc
                0x000038e4       0x16 c:/program files (x86)/atmel/avr tools/avr toolchain/bin/../lib/gcc/avr/4.6.2/../../../../avr/lib/avrxmega6\libc.a(strnlen_P.o)
                0x000038e4                strnlen_P
 .text.avr-libc
                0x000038fa        0xe c:/program files (x86)/atmel/avr tools/avr toolchain/bin/../lib/gcc/avr/4.6.2/../../../../avr/lib/avrxmega6\libc.a(memset.o)
                0x000038fa                memset
 .text.avr-libc
                0x00003908       0x16 c:/program files (x86)/atmel/avr tools/avr toolchain/bin/../lib/gcc/avr/4.6.2/../../../../avr/lib/avrxmega6\libc.a(strnlen.o)
                0x00003908                strnlen
 .text.avr-libc
                0x0000391e       0x58 c:/program files (x86)/atmel/avr tools/avr toolchain/bin/../lib/gcc/avr/4.6.2/../../../../avr/lib/avrxmega6\libc.a(fputc.o)
                0x0000391e                fputc
 .text.avr-libc
                0x00003976       0xbc c:/program files (x86)/atmel/avr tools/avr toolchain/bin/../lib/gcc/avr/4.6.2/../../../../avr/lib/avrxmega6\libc.a(ultoa_invert.o)
                0x00003976                __ultoa_invert
                0x00003a32                . = ALIGN (0x2)
 *(.fini9)
 .fini9         0x00003a32        0x0 c:/program files (x86)/atmel/avr tools/avr toolchain/bin/../lib/gcc/avr/4.6.2/avrxmega6\libgcc.a(_exit.o)
                0x00003a32                _exit
                0x00003a32                exit
 *(.fini9)
 *(.fini8)
 *(.fini8)
 *(.fini7)
 *(.fini7)
 *(.fini6)
 *(.fini6)
 *(.fini5)
 *(.fini5)
 *(.fini4)
 *(.fini4)
 *(.fini3)
 *(.fini3)
 *(.fini2)
 *(.fini2)
 *(.fini1)
 *(.fini1)
 *(.fini0)
 .fini0         0x00003a32        0x4 c:/program files (x86)/atmel/avr tools/avr toolchain/bin/../lib/gcc/avr/4.6.2/avrxmega6\libgcc.a(_exit.o)
 *(.fini0)
                0x00003a36                _etext = .

.data           0x00802000       0x30 load address 0x00003a36
                0x00802000                PROVIDE (__data_start, .)
 *(.data)
 .data          0x00802000        0x0 c:/program files (x86)/atmel/avr tools/avr toolchain/bin/../lib/gcc/avr/4.6.2/../../../../avr/lib/avrxmega6/crtx256a3bu.o
 .data          0x00802000       0x24 main.o
                0x0080201d                usart_serial_options
 .data          0x00802024        0x0 usart.o
 .data          0x00802024        0x0 twim.o
 .data          0x00802024        0x0 adc.o
 .data          0x00802024        0x0 adc_aau.o
 .data          0x00802024        0x0 write.o
 .data          0x00802024        0x0 read.o
 .data          0x00802024        0x0 spi_master.o
 .data          0x00802024        0x6 sleepmgr.o
                0x00802024                sleepmgr_configs
 .data          0x0080202a        0x0 usart_serial.o
 .data          0x0080202a        0x0 sysclk.o
 .data          0x0080202a        0x0 tc.o
 .data          0x0080202a        0x0 spi.o
 .data          0x0080202a        0x0 nvm_asm.o
 .data          0x0080202a        0x0 nvm.o
 .data          0x0080202a        0x0 ccp.o
 .data          0x0080202a        0x0 ioport_compat.o
 .data          0x0080202a        0x0 init.o
 .data          0x0080202a        0x0 c:/program files (x86)/atmel/avr tools/avr toolchain/bin/../lib/gcc/avr/4.6.2/avrxmega6\libgcc.a(_udivmodsi4.o)
 .data          0x0080202a        0x0 c:/program files (x86)/atmel/avr tools/avr toolchain/bin/../lib/gcc/avr/4.6.2/avrxmega6\libgcc.a(_exit.o)
 .data          0x0080202a        0x0 c:/program files (x86)/atmel/avr tools/avr toolchain/bin/../lib/gcc/avr/4.6.2/avrxmega6\libgcc.a(_copy_data.o)
 .data          0x0080202a        0x0 c:/program files (x86)/atmel/avr tools/avr toolchain/bin/../lib/gcc/avr/4.6.2/avrxmega6\libgcc.a(_clear_bss.o)
 .data          0x0080202a        0x0 c:/program files (x86)/atmel/avr tools/avr toolchain/bin/../lib/gcc/avr/4.6.2/../../../../avr/lib/avrxmega6\libc.a(memcpy.o)
 .data          0x0080202a        0x0 c:/program files (x86)/atmel/avr tools/avr toolchain/bin/../lib/gcc/avr/4.6.2/../../../../avr/lib/avrxmega6\libc.a(fdevopen.o)
 .data          0x0080202a        0x0 c:/program files (x86)/atmel/avr tools/avr toolchain/bin/../lib/gcc/avr/4.6.2/../../../../avr/lib/avrxmega6\libc.a(iob.o)
 .data          0x0080202a        0x0 c:/program files (x86)/atmel/avr tools/avr toolchain/bin/../lib/gcc/avr/4.6.2/../../../../avr/lib/avrxmega6\libc.a(printf.o)
 .data          0x0080202a        0x0 c:/program files (x86)/atmel/avr tools/avr toolchain/bin/../lib/gcc/avr/4.6.2/../../../../avr/lib/avrxmega6\libc.a(vfprintf_std.o)
 .data          0x0080202a        0x0 c:/program files (x86)/atmel/avr tools/avr toolchain/bin/../lib/gcc/avr/4.6.2/../../../../avr/lib/avrxmega6\libc.a(calloc.o)
 .data          0x0080202a        0x6 c:/program files (x86)/atmel/avr tools/avr toolchain/bin/../lib/gcc/avr/4.6.2/../../../../avr/lib/avrxmega6\libc.a(malloc.o)
                0x0080202a                __malloc_heap_end
                0x0080202c                __malloc_heap_start
                0x0080202e                __malloc_margin
 .data          0x00802030        0x0 c:/program files (x86)/atmel/avr tools/avr toolchain/bin/../lib/gcc/avr/4.6.2/../../../../avr/lib/avrxmega6\libc.a(strnlen_P.o)
 .data          0x00802030        0x0 c:/program files (x86)/atmel/avr tools/avr toolchain/bin/../lib/gcc/avr/4.6.2/../../../../avr/lib/avrxmega6\libc.a(memset.o)
 .data          0x00802030        0x0 c:/program files (x86)/atmel/avr tools/avr toolchain/bin/../lib/gcc/avr/4.6.2/../../../../avr/lib/avrxmega6\libc.a(strnlen.o)
 .data          0x00802030        0x0 c:/program files (x86)/atmel/avr tools/avr toolchain/bin/../lib/gcc/avr/4.6.2/../../../../avr/lib/avrxmega6\libc.a(fputc.o)
 .data          0x00802030        0x0 c:/program files (x86)/atmel/avr tools/avr toolchain/bin/../lib/gcc/avr/4.6.2/../../../../avr/lib/avrxmega6\libc.a(ultoa_invert.o)
 *(.data*)
 *(.rodata)
 *(.rodata*)
 *(.gnu.linkonce.d*)
                0x00802030                . = ALIGN (0x2)
                0x00802030                _edata = .
                0x00802030                PROVIDE (__data_end, .)

.bss            0x00802030       0x6f
                0x00802030                PROVIDE (__bss_start, .)
 *(.bss)
 .bss           0x00802030        0x0 c:/program files (x86)/atmel/avr tools/avr toolchain/bin/../lib/gcc/avr/4.6.2/../../../../avr/lib/avrxmega6/crtx256a3bu.o
 .bss           0x00802030        0x0 main.o
 .bss           0x00802030        0x0 usart.o
 .bss           0x00802030        0xb twim.o
 .bss           0x0080203b        0x2 adc.o
 .bss           0x0080203d        0x0 adc_aau.o
 .bss           0x0080203d        0x0 write.o
 .bss           0x0080203d        0x0 read.o
 .bss           0x0080203d        0x0 spi_master.o
 .bss           0x0080203d        0x0 sleepmgr.o
 .bss           0x0080203d        0x0 usart_serial.o
 .bss           0x0080203d        0x0 sysclk.o
 .bss           0x0080203d       0x48 tc.o
 .bss           0x00802085        0x0 spi.o
 .bss           0x00802085        0x0 nvm_asm.o
 .bss           0x00802085        0x0 nvm.o
 .bss           0x00802085        0x0 ccp.o
 .bss           0x00802085        0x0 ioport_compat.o
 .bss           0x00802085        0x0 init.o
 .bss           0x00802085        0x0 c:/program files (x86)/atmel/avr tools/avr toolchain/bin/../lib/gcc/avr/4.6.2/avrxmega6\libgcc.a(_udivmodsi4.o)
 .bss           0x00802085        0x0 c:/program files (x86)/atmel/avr tools/avr toolchain/bin/../lib/gcc/avr/4.6.2/avrxmega6\libgcc.a(_exit.o)
 .bss           0x00802085        0x0 c:/program files (x86)/atmel/avr tools/avr toolchain/bin/../lib/gcc/avr/4.6.2/avrxmega6\libgcc.a(_copy_data.o)
 .bss           0x00802085        0x0 c:/program files (x86)/atmel/avr tools/avr toolchain/bin/../lib/gcc/avr/4.6.2/avrxmega6\libgcc.a(_clear_bss.o)
 .bss           0x00802085        0x0 c:/program files (x86)/atmel/avr tools/avr toolchain/bin/../lib/gcc/avr/4.6.2/../../../../avr/lib/avrxmega6\libc.a(memcpy.o)
 .bss           0x00802085        0x0 c:/program files (x86)/atmel/avr tools/avr toolchain/bin/../lib/gcc/avr/4.6.2/../../../../avr/lib/avrxmega6\libc.a(fdevopen.o)
 .bss           0x00802085        0x0 c:/program files (x86)/atmel/avr tools/avr toolchain/bin/../lib/gcc/avr/4.6.2/../../../../avr/lib/avrxmega6\libc.a(iob.o)
 .bss           0x00802085        0x0 c:/program files (x86)/atmel/avr tools/avr toolchain/bin/../lib/gcc/avr/4.6.2/../../../../avr/lib/avrxmega6\libc.a(printf.o)
 .bss           0x00802085        0x0 c:/program files (x86)/atmel/avr tools/avr toolchain/bin/../lib/gcc/avr/4.6.2/../../../../avr/lib/avrxmega6\libc.a(vfprintf_std.o)
 .bss           0x00802085        0x0 c:/program files (x86)/atmel/avr tools/avr toolchain/bin/../lib/gcc/avr/4.6.2/../../../../avr/lib/avrxmega6\libc.a(calloc.o)
 .bss           0x00802085        0x0 c:/program files (x86)/atmel/avr tools/avr toolchain/bin/../lib/gcc/avr/4.6.2/../../../../avr/lib/avrxmega6\libc.a(malloc.o)
 .bss           0x00802085        0x0 c:/program files (x86)/atmel/avr tools/avr toolchain/bin/../lib/gcc/avr/4.6.2/../../../../avr/lib/avrxmega6\libc.a(strnlen_P.o)
 .bss           0x00802085        0x0 c:/program files (x86)/atmel/avr tools/avr toolchain/bin/../lib/gcc/avr/4.6.2/../../../../avr/lib/avrxmega6\libc.a(memset.o)
 .bss           0x00802085        0x0 c:/program files (x86)/atmel/avr tools/avr toolchain/bin/../lib/gcc/avr/4.6.2/../../../../avr/lib/avrxmega6\libc.a(strnlen.o)
 .bss           0x00802085        0x0 c:/program files (x86)/atmel/avr tools/avr toolchain/bin/../lib/gcc/avr/4.6.2/../../../../avr/lib/avrxmega6\libc.a(fputc.o)
 .bss           0x00802085        0x0 c:/program files (x86)/atmel/avr tools/avr toolchain/bin/../lib/gcc/avr/4.6.2/../../../../avr/lib/avrxmega6\libc.a(ultoa_invert.o)
 *(.bss*)
 *(COMMON)
 COMMON         0x00802085        0x4 adc.o
                0x00802085                adcb_callback
                0x00802087                adca_callback
 COMMON         0x00802089        0x4 write.o
                0x00802089                ptr_put
                0x0080208b                stdio_base
 COMMON         0x0080208d        0x2 read.o
                0x0080208d                ptr_get
 COMMON         0x0080208f        0x6 sleepmgr.o
                0x0080208f                sleepmgr_locks
 COMMON         0x00802095        0x6 c:/program files (x86)/atmel/avr tools/avr toolchain/bin/../lib/gcc/avr/4.6.2/../../../../avr/lib/avrxmega6\libc.a(iob.o)
                0x00802095                __iob
 COMMON         0x0080209b        0x4 c:/program files (x86)/atmel/avr tools/avr toolchain/bin/../lib/gcc/avr/4.6.2/../../../../avr/lib/avrxmega6\libc.a(malloc.o)
                0x0080209b                __brkval
                0x0080209d                __flp
                0x0080209f                PROVIDE (__bss_end, .)
                0x00003a36                __data_load_start = LOADADDR (.data)
                0x00003a66                __data_load_end = (__data_load_start + SIZEOF (.data))

.noinit         0x0080209f        0x0
                0x0080209f                PROVIDE (__noinit_start, .)
 *(.noinit*)
                0x0080209f                PROVIDE (__noinit_end, .)
                0x0080209f                _end = .
                0x0080209f                PROVIDE (__heap_start, .)

.eeprom         0x00810000        0x0
 *(.eeprom*)
                0x00810000                __eeprom_end = .

.fuse
 *(.fuse)
 *(.lfuse)
 *(.hfuse)
 *(.efuse)

.lock
 *(.lock*)

.signature
 *(.signature*)

.stab           0x00000000      0xd8c
 *(.stab)
 .stab          0x00000000      0x6e4 c:/program files (x86)/atmel/avr tools/avr toolchain/bin/../lib/gcc/avr/4.6.2/../../../../avr/lib/avrxmega6/crtx256a3bu.o
 .stab          0x000006e4       0x84 c:/program files (x86)/atmel/avr tools/avr toolchain/bin/../lib/gcc/avr/4.6.2/../../../../avr/lib/avrxmega6\libc.a(memcpy.o)
                                 0x90 (size before relaxing)
 .stab          0x00000768       0x9c c:/program files (x86)/atmel/avr tools/avr toolchain/bin/../lib/gcc/avr/4.6.2/../../../../avr/lib/avrxmega6\libc.a(strnlen_P.o)
                                 0xa8 (size before relaxing)
 .stab          0x00000804       0x6c c:/program files (x86)/atmel/avr tools/avr toolchain/bin/../lib/gcc/avr/4.6.2/../../../../avr/lib/avrxmega6\libc.a(memset.o)
                                 0x78 (size before relaxing)
 .stab          0x00000870       0x9c c:/program files (x86)/atmel/avr tools/avr toolchain/bin/../lib/gcc/avr/4.6.2/../../../../avr/lib/avrxmega6\libc.a(strnlen.o)
                                 0xa8 (size before relaxing)
 .stab          0x0000090c      0x480 c:/program files (x86)/atmel/avr tools/avr toolchain/bin/../lib/gcc/avr/4.6.2/../../../../avr/lib/avrxmega6\libc.a(ultoa_invert.o)
                                0x48c (size before relaxing)

.stabstr        0x00000000      0x27a
 *(.stabstr)
 .stabstr       0x00000000      0x27a c:/program files (x86)/atmel/avr tools/avr toolchain/bin/../lib/gcc/avr/4.6.2/../../../../avr/lib/avrxmega6/crtx256a3bu.o

.stab.excl
 *(.stab.excl)

.stab.exclstr
 *(.stab.exclstr)

.stab.index
 *(.stab.index)

.stab.indexstr
 *(.stab.indexstr)

.comment
 *(.comment)

.debug
 *(.debug)

.line
 *(.line)

.debug_srcinfo
 *(.debug_srcinfo)

.debug_sfnames
 *(.debug_sfnames)

.debug_aranges  0x00000000      0x378
 *(.debug_aranges)
 .debug_aranges
                0x00000000       0x28 main.o
 .debug_aranges
                0x00000028       0x20 usart.o
 .debug_aranges
                0x00000048       0x20 twim.o
 .debug_aranges
                0x00000068       0x20 adc.o
 .debug_aranges
                0x00000088       0x20 adc_aau.o
 .debug_aranges
                0x000000a8       0x20 write.o
 .debug_aranges
                0x000000c8       0x20 read.o
 .debug_aranges
                0x000000e8       0x20 spi_master.o
 .debug_aranges
                0x00000108       0x20 usart_serial.o
 .debug_aranges
                0x00000128       0x20 sysclk.o
 .debug_aranges
                0x00000148       0x20 tc.o
 .debug_aranges
                0x00000168       0x20 spi.o
 .debug_aranges
                0x00000188       0x28 nvm_asm.o
 .debug_aranges
                0x000001b0       0x20 nvm.o
 .debug_aranges
                0x000001d0       0x20 ccp.o
 .debug_aranges
                0x000001f0       0x20 ioport_compat.o
 .debug_aranges
                0x00000210       0x20 init.o
 .debug_aranges
                0x00000230       0x20 c:/program files (x86)/atmel/avr tools/avr toolchain/bin/../lib/gcc/avr/4.6.2/avrxmega6\libgcc.a(_udivmodsi4.o)
 .debug_aranges
                0x00000250       0x20 c:/program files (x86)/atmel/avr tools/avr toolchain/bin/../lib/gcc/avr/4.6.2/avrxmega6\libgcc.a(_exit.o)
 .debug_aranges
                0x00000270       0x20 c:/program files (x86)/atmel/avr tools/avr toolchain/bin/../lib/gcc/avr/4.6.2/avrxmega6\libgcc.a(_copy_data.o)
 .debug_aranges
                0x00000290       0x20 c:/program files (x86)/atmel/avr tools/avr toolchain/bin/../lib/gcc/avr/4.6.2/avrxmega6\libgcc.a(_clear_bss.o)
 .debug_aranges
                0x000002b0       0x20 c:/program files (x86)/atmel/avr tools/avr toolchain/bin/../lib/gcc/avr/4.6.2/../../../../avr/lib/avrxmega6\libc.a(fdevopen.o)
 .debug_aranges
                0x000002d0       0x20 c:/program files (x86)/atmel/avr tools/avr toolchain/bin/../lib/gcc/avr/4.6.2/../../../../avr/lib/avrxmega6\libc.a(printf.o)
 .debug_aranges
                0x000002f0       0x20 c:/program files (x86)/atmel/avr tools/avr toolchain/bin/../lib/gcc/avr/4.6.2/../../../../avr/lib/avrxmega6\libc.a(vfprintf_std.o)
 .debug_aranges
                0x00000310       0x20 c:/program files (x86)/atmel/avr tools/avr toolchain/bin/../lib/gcc/avr/4.6.2/../../../../avr/lib/avrxmega6\libc.a(calloc.o)
 .debug_aranges
                0x00000330       0x28 c:/program files (x86)/atmel/avr tools/avr toolchain/bin/../lib/gcc/avr/4.6.2/../../../../avr/lib/avrxmega6\libc.a(malloc.o)
 .debug_aranges
                0x00000358       0x20 c:/program files (x86)/atmel/avr tools/avr toolchain/bin/../lib/gcc/avr/4.6.2/../../../../avr/lib/avrxmega6\libc.a(fputc.o)

.debug_pubnames
 *(.debug_pubnames)

.debug_info     0x00000000     0x9f76
 *(.debug_info)
 .debug_info    0x00000000      0x962 main.o
 .debug_info    0x00000962     0x275b usart.o
 .debug_info    0x000030bd      0x80a twim.o
 .debug_info    0x000038c7      0x952 adc.o
 .debug_info    0x00004219      0xc43 adc_aau.o
 .debug_info    0x00004e5c      0x116 write.o
 .debug_info    0x00004f72      0x112 read.o
 .debug_info    0x00005084      0xac1 spi_master.o
 .debug_info    0x00005b45      0x138 sleepmgr.o
 .debug_info    0x00005c7d      0x31a usart_serial.o
 .debug_info    0x00005f97      0x660 sysclk.o
 .debug_info    0x000065f7     0x157e tc.o
 .debug_info    0x00007b75      0x195 spi.o
 .debug_info    0x00007d0a       0xa7 nvm_asm.o
 .debug_info    0x00007db1      0xc71 nvm.o
 .debug_info    0x00008a22       0xa7 ccp.o
 .debug_info    0x00008ac9      0x10a ioport_compat.o
 .debug_info    0x00008bd3      0x395 init.o
 .debug_info    0x00008f68       0xe2 c:/program files (x86)/atmel/avr tools/avr toolchain/bin/../lib/gcc/avr/4.6.2/avrxmega6\libgcc.a(_udivmodsi4.o)
 .debug_info    0x0000904a       0xe2 c:/program files (x86)/atmel/avr tools/avr toolchain/bin/../lib/gcc/avr/4.6.2/avrxmega6\libgcc.a(_exit.o)
 .debug_info    0x0000912c       0xe2 c:/program files (x86)/atmel/avr tools/avr toolchain/bin/../lib/gcc/avr/4.6.2/avrxmega6\libgcc.a(_copy_data.o)
 .debug_info    0x0000920e       0xe2 c:/program files (x86)/atmel/avr tools/avr toolchain/bin/../lib/gcc/avr/4.6.2/avrxmega6\libgcc.a(_clear_bss.o)
 .debug_info    0x000092f0      0x1a1 c:/program files (x86)/atmel/avr tools/avr toolchain/bin/../lib/gcc/avr/4.6.2/../../../../avr/lib/avrxmega6\libc.a(fdevopen.o)
 .debug_info    0x00009491      0x14f c:/program files (x86)/atmel/avr tools/avr toolchain/bin/../lib/gcc/avr/4.6.2/../../../../avr/lib/avrxmega6\libc.a(iob.o)
 .debug_info    0x000095e0      0x1c6 c:/program files (x86)/atmel/avr tools/avr toolchain/bin/../lib/gcc/avr/4.6.2/../../../../avr/lib/avrxmega6\libc.a(printf.o)
 .debug_info    0x000097a6      0x342 c:/program files (x86)/atmel/avr tools/avr toolchain/bin/../lib/gcc/avr/4.6.2/../../../../avr/lib/avrxmega6\libc.a(vfprintf_std.o)
 .debug_info    0x00009ae8       0x91 c:/program files (x86)/atmel/avr tools/avr toolchain/bin/../lib/gcc/avr/4.6.2/../../../../avr/lib/avrxmega6\libc.a(calloc.o)
 .debug_info    0x00009b79      0x296 c:/program files (x86)/atmel/avr tools/avr toolchain/bin/../lib/gcc/avr/4.6.2/../../../../avr/lib/avrxmega6\libc.a(malloc.o)
 .debug_info    0x00009e0f      0x167 c:/program files (x86)/atmel/avr tools/avr toolchain/bin/../lib/gcc/avr/4.6.2/../../../../avr/lib/avrxmega6\libc.a(fputc.o)
 *(.gnu.linkonce.wi.*)

.debug_abbrev   0x00000000     0x24ec
 *(.debug_abbrev)
 .debug_abbrev  0x00000000      0x26b main.o
 .debug_abbrev  0x0000026b      0x3a2 usart.o
 .debug_abbrev  0x0000060d      0x292 twim.o
 .debug_abbrev  0x0000089f      0x27c adc.o
 .debug_abbrev  0x00000b1b      0x2d9 adc_aau.o
 .debug_abbrev  0x00000df4       0x9b write.o
 .debug_abbrev  0x00000e8f       0xa8 read.o
 .debug_abbrev  0x00000f37      0x27d spi_master.o
 .debug_abbrev  0x000011b4       0x92 sleepmgr.o
 .debug_abbrev  0x00001246      0x13d usart_serial.o
 .debug_abbrev  0x00001383      0x240 sysclk.o
 .debug_abbrev  0x000015c3      0x25e tc.o
 .debug_abbrev  0x00001821       0xdf spi.o
 .debug_abbrev  0x00001900       0x12 nvm_asm.o
 .debug_abbrev  0x00001912      0x326 nvm.o
 .debug_abbrev  0x00001c38       0x14 ccp.o
 .debug_abbrev  0x00001c4c       0x9a ioport_compat.o
 .debug_abbrev  0x00001ce6      0x137 init.o
 .debug_abbrev  0x00001e1d       0x14 c:/program files (x86)/atmel/avr tools/avr toolchain/bin/../lib/gcc/avr/4.6.2/avrxmega6\libgcc.a(_udivmodsi4.o)
 .debug_abbrev  0x00001e31       0x14 c:/program files (x86)/atmel/avr tools/avr toolchain/bin/../lib/gcc/avr/4.6.2/avrxmega6\libgcc.a(_exit.o)
 .debug_abbrev  0x00001e45       0x14 c:/program files (x86)/atmel/avr tools/avr toolchain/bin/../lib/gcc/avr/4.6.2/avrxmega6\libgcc.a(_copy_data.o)
 .debug_abbrev  0x00001e59       0x14 c:/program files (x86)/atmel/avr tools/avr toolchain/bin/../lib/gcc/avr/4.6.2/avrxmega6\libgcc.a(_clear_bss.o)
 .debug_abbrev  0x00001e6d       0xfa c:/program files (x86)/atmel/avr tools/avr toolchain/bin/../lib/gcc/avr/4.6.2/../../../../avr/lib/avrxmega6\libc.a(fdevopen.o)
 .debug_abbrev  0x00001f67       0xc5 c:/program files (x86)/atmel/avr tools/avr toolchain/bin/../lib/gcc/avr/4.6.2/../../../../avr/lib/avrxmega6\libc.a(iob.o)
 .debug_abbrev  0x0000202c      0x11c c:/program files (x86)/atmel/avr tools/avr toolchain/bin/../lib/gcc/avr/4.6.2/../../../../avr/lib/avrxmega6\libc.a(printf.o)
 .debug_abbrev  0x00002148      0x161 c:/program files (x86)/atmel/avr tools/avr toolchain/bin/../lib/gcc/avr/4.6.2/../../../../avr/lib/avrxmega6\libc.a(vfprintf_std.o)
 .debug_abbrev  0x000022a9       0x75 c:/program files (x86)/atmel/avr tools/avr toolchain/bin/../lib/gcc/avr/4.6.2/../../../../avr/lib/avrxmega6\libc.a(calloc.o)
 .debug_abbrev  0x0000231e       0xf5 c:/program files (x86)/atmel/avr tools/avr toolchain/bin/../lib/gcc/avr/4.6.2/../../../../avr/lib/avrxmega6\libc.a(malloc.o)
 .debug_abbrev  0x00002413       0xd9 c:/program files (x86)/atmel/avr tools/avr toolchain/bin/../lib/gcc/avr/4.6.2/../../../../avr/lib/avrxmega6\libc.a(fputc.o)

.debug_line     0x00000000     0x3df9
 *(.debug_line)
 .debug_line    0x00000000      0x65a main.o
 .debug_line    0x0000065a      0x534 usart.o
 .debug_line    0x00000b8e      0x2e2 twim.o
 .debug_line    0x00000e70      0x444 adc.o
 .debug_line    0x000012b4      0x418 adc_aau.o
 .debug_line    0x000016cc       0x53 write.o
 .debug_line    0x0000171f       0x50 read.o
 .debug_line    0x0000176f      0x478 spi_master.o
 .debug_line    0x00001be7      0x1c5 sleepmgr.o
 .debug_line    0x00001dac      0x305 usart_serial.o
 .debug_line    0x000020b1      0x355 sysclk.o
 .debug_line    0x00002406      0x53f tc.o
 .debug_line    0x00002945      0x154 spi.o
 .debug_line    0x00002a99       0x86 nvm_asm.o
 .debug_line    0x00002b1f      0x32d nvm.o
 .debug_line    0x00002e4c       0x50 ccp.o
 .debug_line    0x00002e9c      0x126 ioport_compat.o
 .debug_line    0x00002fc2      0x297 init.o
 .debug_line    0x00003259       0xa8 c:/program files (x86)/atmel/avr tools/avr toolchain/bin/../lib/gcc/avr/4.6.2/avrxmega6\libgcc.a(_udivmodsi4.o)
 .debug_line    0x00003301       0x88 c:/program files (x86)/atmel/avr tools/avr toolchain/bin/../lib/gcc/avr/4.6.2/avrxmega6\libgcc.a(_exit.o)
 .debug_line    0x00003389       0x96 c:/program files (x86)/atmel/avr tools/avr toolchain/bin/../lib/gcc/avr/4.6.2/avrxmega6\libgcc.a(_copy_data.o)
 .debug_line    0x0000341f       0x8e c:/program files (x86)/atmel/avr tools/avr toolchain/bin/../lib/gcc/avr/4.6.2/avrxmega6\libgcc.a(_clear_bss.o)
 .debug_line    0x000034ad       0xf8 c:/program files (x86)/atmel/avr tools/avr toolchain/bin/../lib/gcc/avr/4.6.2/../../../../avr/lib/avrxmega6\libc.a(fdevopen.o)
 .debug_line    0x000035a5       0xc7 c:/program files (x86)/atmel/avr tools/avr toolchain/bin/../lib/gcc/avr/4.6.2/../../../../avr/lib/avrxmega6\libc.a(iob.o)
 .debug_line    0x0000366c      0x151 c:/program files (x86)/atmel/avr tools/avr toolchain/bin/../lib/gcc/avr/4.6.2/../../../../avr/lib/avrxmega6\libc.a(printf.o)
 .debug_line    0x000037bd      0x291 c:/program files (x86)/atmel/avr tools/avr toolchain/bin/../lib/gcc/avr/4.6.2/../../../../avr/lib/avrxmega6\libc.a(vfprintf_std.o)
 .debug_line    0x00003a4e       0xf7 c:/program files (x86)/atmel/avr tools/avr toolchain/bin/../lib/gcc/avr/4.6.2/../../../../avr/lib/avrxmega6\libc.a(calloc.o)
 .debug_line    0x00003b45      0x1d3 c:/program files (x86)/atmel/avr tools/avr toolchain/bin/../lib/gcc/avr/4.6.2/../../../../avr/lib/avrxmega6\libc.a(malloc.o)
 .debug_line    0x00003d18       0xe1 c:/program files (x86)/atmel/avr tools/avr toolchain/bin/../lib/gcc/avr/4.6.2/../../../../avr/lib/avrxmega6\libc.a(fputc.o)

.debug_frame    0x00000000     0x1d00
 *(.debug_frame)
 .debug_frame   0x00000000       0x74 main.o
 .debug_frame   0x00000074      0x154 usart.o
 .debug_frame   0x000001c8      0x11c twim.o
 .debug_frame   0x000002e4       0xc8 adc.o
 .debug_frame   0x000003ac      0x3e0 adc_aau.o
 .debug_frame   0x0000078c       0x24 write.o
 .debug_frame   0x000007b0       0x34 read.o
 .debug_frame   0x000007e4       0x9c spi_master.o
 .debug_frame   0x00000880       0x74 usart_serial.o
 .debug_frame   0x000008f4       0x94 sysclk.o
 .debug_frame   0x00000988      0xd34 tc.o
 .debug_frame   0x000016bc       0x4c spi.o
 .debug_frame   0x00001708      0x3e0 nvm.o
 .debug_frame   0x00001ae8       0x30 ioport_compat.o
 .debug_frame   0x00001b18       0x34 init.o
 .debug_frame   0x00001b4c       0x38 c:/program files (x86)/atmel/avr tools/avr toolchain/bin/../lib/gcc/avr/4.6.2/../../../../avr/lib/avrxmega6\libc.a(fdevopen.o)
 .debug_frame   0x00001b84       0x34 c:/program files (x86)/atmel/avr tools/avr toolchain/bin/../lib/gcc/avr/4.6.2/../../../../avr/lib/avrxmega6\libc.a(printf.o)
 .debug_frame   0x00001bb8       0x84 c:/program files (x86)/atmel/avr tools/avr toolchain/bin/../lib/gcc/avr/4.6.2/../../../../avr/lib/avrxmega6\libc.a(vfprintf_std.o)
 .debug_frame   0x00001c3c       0x38 c:/program files (x86)/atmel/avr tools/avr toolchain/bin/../lib/gcc/avr/4.6.2/../../../../avr/lib/avrxmega6\libc.a(calloc.o)
 .debug_frame   0x00001c74       0x54 c:/program files (x86)/atmel/avr tools/avr toolchain/bin/../lib/gcc/avr/4.6.2/../../../../avr/lib/avrxmega6\libc.a(malloc.o)
 .debug_frame   0x00001cc8       0x38 c:/program files (x86)/atmel/avr tools/avr toolchain/bin/../lib/gcc/avr/4.6.2/../../../../avr/lib/avrxmega6\libc.a(fputc.o)

.debug_str      0x00000000     0x339b
 *(.debug_str)
 .debug_str     0x00000000      0x92d main.o
                                0x992 (size before relaxing)
 .debug_str     0x0000092d      0xaa6 usart.o
                               0x126a (size before relaxing)
 .debug_str     0x000013d3      0x2e2 twim.o
                                0x5c4 (size before relaxing)
 .debug_str     0x000016b5      0x2f7 adc.o
                                0x6f6 (size before relaxing)
 .debug_str     0x000019ac      0x5ac adc_aau.o
                                0x986 (size before relaxing)
 .debug_str     0x00001f58       0x29 write.o
                                0x123 (size before relaxing)
 .debug_str     0x00001f81       0x21 read.o
                                0x121 (size before relaxing)
 .debug_str     0x00001fa2      0x171 spi_master.o
                                0x7b4 (size before relaxing)
 .debug_str     0x00002113       0x31 sleepmgr.o
                                0x233 (size before relaxing)
 .debug_str     0x00002144       0x60 usart_serial.o
                                0x320 (size before relaxing)
 .debug_str     0x000021a4      0x24c sysclk.o
                                0x584 (size before relaxing)
 .debug_str     0x000023f0      0x5ac tc.o
                                0xcb4 (size before relaxing)
 .debug_str     0x0000299c       0xc4 spi.o
                                0x1f6 (size before relaxing)
 .debug_str     0x00002a60      0x511 nvm.o
                                0xa54 (size before relaxing)
 .debug_str     0x00002f71       0x73 ioport_compat.o
                                0x1a5 (size before relaxing)
 .debug_str     0x00002fe4       0x4f init.o
                                0x303 (size before relaxing)
 .debug_str     0x00003033       0x7a c:/program files (x86)/atmel/avr tools/avr toolchain/bin/../lib/gcc/avr/4.6.2/../../../../avr/lib/avrxmega6\libc.a(fdevopen.o)
                                0x100 (size before relaxing)
 .debug_str     0x000030ad       0x4e c:/program files (x86)/atmel/avr tools/avr toolchain/bin/../lib/gcc/avr/4.6.2/../../../../avr/lib/avrxmega6\libc.a(iob.o)
                                 0xf2 (size before relaxing)
 .debug_str     0x000030fb       0x72 c:/program files (x86)/atmel/avr tools/avr toolchain/bin/../lib/gcc/avr/4.6.2/../../../../avr/lib/avrxmega6\libc.a(printf.o)
                                0x125 (size before relaxing)
 .debug_str     0x0000316d       0x98 c:/program files (x86)/atmel/avr tools/avr toolchain/bin/../lib/gcc/avr/4.6.2/../../../../avr/lib/avrxmega6\libc.a(vfprintf_std.o)
                                0x16b (size before relaxing)
 .debug_str     0x00003205       0x5e c:/program files (x86)/atmel/avr tools/avr toolchain/bin/../lib/gcc/avr/4.6.2/../../../../avr/lib/avrxmega6\libc.a(calloc.o)
                                 0x8c (size before relaxing)
 .debug_str     0x00003263       0xe2 c:/program files (x86)/atmel/avr tools/avr toolchain/bin/../lib/gcc/avr/4.6.2/../../../../avr/lib/avrxmega6\libc.a(malloc.o)
                                0x16a (size before relaxing)
 .debug_str     0x00003345       0x56 c:/program files (x86)/atmel/avr tools/avr toolchain/bin/../lib/gcc/avr/4.6.2/../../../../avr/lib/avrxmega6\libc.a(fputc.o)
                                 0xfb (size before relaxing)

.debug_loc      0x00000000     0x69c1
 *(.debug_loc)
 .debug_loc     0x00000000      0x12d main.o
 .debug_loc     0x0000012d      0xcda usart.o
 .debug_loc     0x00000e07      0x423 twim.o
 .debug_loc     0x0000122a      0x2b2 adc.o
 .debug_loc     0x000014dc      0xdc2 adc_aau.o
 .debug_loc     0x0000229e       0x36 write.o
 .debug_loc     0x000022d4       0x60 read.o
 .debug_loc     0x00002334      0x31d spi_master.o
 .debug_loc     0x00002651      0x258 usart_serial.o
 .debug_loc     0x000028a9      0x2c2 sysclk.o
 .debug_loc     0x00002b6b     0x1f0d tc.o
 .debug_loc     0x00004a78      0x133 spi.o
 .debug_loc     0x00004bab     0x1106 nvm.o
 .debug_loc     0x00005cb1       0x6b ioport_compat.o
 .debug_loc     0x00005d1c       0x65 init.o
 .debug_loc     0x00005d81       0xc1 c:/program files (x86)/atmel/avr tools/avr toolchain/bin/../lib/gcc/avr/4.6.2/../../../../avr/lib/avrxmega6\libc.a(fdevopen.o)
 .debug_loc     0x00005e42       0x3b c:/program files (x86)/atmel/avr tools/avr toolchain/bin/../lib/gcc/avr/4.6.2/../../../../avr/lib/avrxmega6\libc.a(printf.o)
 .debug_loc     0x00005e7d      0x5e9 c:/program files (x86)/atmel/avr tools/avr toolchain/bin/../lib/gcc/avr/4.6.2/../../../../avr/lib/avrxmega6\libc.a(vfprintf_std.o)
 .debug_loc     0x00006466       0xa1 c:/program files (x86)/atmel/avr tools/avr toolchain/bin/../lib/gcc/avr/4.6.2/../../../../avr/lib/avrxmega6\libc.a(calloc.o)
 .debug_loc     0x00006507      0x421 c:/program files (x86)/atmel/avr tools/avr toolchain/bin/../lib/gcc/avr/4.6.2/../../../../avr/lib/avrxmega6\libc.a(malloc.o)
 .debug_loc     0x00006928       0x99 c:/program files (x86)/atmel/avr tools/avr toolchain/bin/../lib/gcc/avr/4.6.2/../../../../avr/lib/avrxmega6\libc.a(fputc.o)

.debug_macinfo
 *(.debug_macinfo)
OUTPUT(asf_sequencer.elf elf32-avr)
LOAD linker stubs

.BOOT           0x00040000       0x44
 .BOOT          0x00040000       0x44 nvm_asm.o
                0x00040000                nvm_common_spm
                0x0004001e                nvm_flash_load_word_to_buffer

.debug_ranges   0x00000000      0x100
 .debug_ranges  0x00000000       0x18 main.o
 .debug_ranges  0x00000018       0x30 twim.o
 .debug_ranges  0x00000048       0x30 spi_master.o
 .debug_ranges  0x00000078       0x20 nvm_asm.o
 .debug_ranges  0x00000098       0x10 c:/program files (x86)/atmel/avr tools/avr toolchain/bin/../lib/gcc/avr/4.6.2/../../../../avr/lib/avrxmega6\libc.a(fdevopen.o)
 .debug_ranges  0x000000a8       0x10 c:/program files (x86)/atmel/avr tools/avr toolchain/bin/../lib/gcc/avr/4.6.2/../../../../avr/lib/avrxmega6\libc.a(printf.o)
 .debug_ranges  0x000000b8       0x10 c:/program files (x86)/atmel/avr tools/avr toolchain/bin/../lib/gcc/avr/4.6.2/../../../../avr/lib/avrxmega6\libc.a(vfprintf_std.o)
 .debug_ranges  0x000000c8       0x10 c:/program files (x86)/atmel/avr tools/avr toolchain/bin/../lib/gcc/avr/4.6.2/../../../../avr/lib/avrxmega6\libc.a(calloc.o)
 .debug_ranges  0x000000d8       0x18 c:/program files (x86)/atmel/avr tools/avr toolchain/bin/../lib/gcc/avr/4.6.2/../../../../avr/lib/avrxmega6\libc.a(malloc.o)
 .debug_ranges  0x000000f0       0x10 c:/program files (x86)/atmel/avr tools/avr toolchain/bin/../lib/gcc/avr/4.6.2/../../../../avr/lib/avrxmega6\libc.a(fputc.o)
