Archive member included because of file (symbol)

c:/program files/atmel/avr tools/avr toolchain/bin/../lib/gcc/avr/4.6.2/avrxmega6\libgcc.a(_exit.o)
                              c:/program files/atmel/avr tools/avr toolchain/bin/../lib/gcc/avr/4.6.2/../../../../avr/lib/avrxmega6/crtx256a3bu.o (exit)
c:/program files/atmel/avr tools/avr toolchain/bin/../lib/gcc/avr/4.6.2/avrxmega6\libgcc.a(_copy_data.o)
                              vbat.o (__do_copy_data)
c:/program files/atmel/avr tools/avr toolchain/bin/../lib/gcc/avr/4.6.2/avrxmega6\libgcc.a(_clear_bss.o)
                              vbat.o (__do_clear_bss)
c:/program files/atmel/avr tools/avr toolchain/bin/../lib/gcc/avr/4.6.2/../../../../avr/lib/avrxmega6\libc.a(iob.o)
                              vbat.o (__iob)
c:/program files/atmel/avr tools/avr toolchain/bin/../lib/gcc/avr/4.6.2/../../../../avr/lib/avrxmega6\libc.a(printf.o)
                              vbat.o (printf)
c:/program files/atmel/avr tools/avr toolchain/bin/../lib/gcc/avr/4.6.2/../../../../avr/lib/avrxmega6\libc.a(vfprintf_std.o)
                              c:/program files/atmel/avr tools/avr toolchain/bin/../lib/gcc/avr/4.6.2/../../../../avr/lib/avrxmega6\libc.a(printf.o) (vfprintf)
c:/program files/atmel/avr tools/avr toolchain/bin/../lib/gcc/avr/4.6.2/../../../../avr/lib/avrxmega6\libc.a(strnlen_P.o)
                              c:/program files/atmel/avr tools/avr toolchain/bin/../lib/gcc/avr/4.6.2/../../../../avr/lib/avrxmega6\libc.a(vfprintf_std.o) (strnlen_P)
c:/program files/atmel/avr tools/avr toolchain/bin/../lib/gcc/avr/4.6.2/../../../../avr/lib/avrxmega6\libc.a(strnlen.o)
                              c:/program files/atmel/avr tools/avr toolchain/bin/../lib/gcc/avr/4.6.2/../../../../avr/lib/avrxmega6\libc.a(vfprintf_std.o) (strnlen)
c:/program files/atmel/avr tools/avr toolchain/bin/../lib/gcc/avr/4.6.2/../../../../avr/lib/avrxmega6\libc.a(fputc.o)
                              c:/program files/atmel/avr tools/avr toolchain/bin/../lib/gcc/avr/4.6.2/../../../../avr/lib/avrxmega6\libc.a(vfprintf_std.o) (fputc)
c:/program files/atmel/avr tools/avr toolchain/bin/../lib/gcc/avr/4.6.2/../../../../avr/lib/avrxmega6\libc.a(ultoa_invert.o)
                              c:/program files/atmel/avr tools/avr toolchain/bin/../lib/gcc/avr/4.6.2/../../../../avr/lib/avrxmega6\libc.a(vfprintf_std.o) (__ultoa_invert)

Allocating common symbols
Common symbol       size              file

__iob               0x6               c:/program files/atmel/avr tools/avr toolchain/bin/../lib/gcc/avr/4.6.2/../../../../avr/lib/avrxmega6\libc.a(iob.o)

Memory Configuration

Name             Origin             Length             Attributes
text             0x00000000         0x00100000         xr
data             0x00802000         0x0000ffa0         rw !x
eeprom           0x00810000         0x00010000         rw !x
fuse             0x00820000         0x00000400         rw !x
lock             0x00830000         0x00000400         rw !x
signature        0x00840000         0x00000400         rw !x
*default*        0x00000000         0xffffffff

Linker script and memory map

LOAD c:/program files/atmel/avr tools/avr toolchain/bin/../lib/gcc/avr/4.6.2/../../../../avr/lib/avrxmega6/crtx256a3bu.o
LOAD vbat.o
LOAD c:/program files/atmel/avr tools/avr toolchain/bin/../lib/gcc/avr/4.6.2/avrxmega6\libgcc.a
LOAD c:/program files/atmel/avr tools/avr toolchain/bin/../lib/gcc/avr/4.6.2/../../../../avr/lib/avrxmega6\libc.a
LOAD c:/program files/atmel/avr tools/avr toolchain/bin/../lib/gcc/avr/4.6.2/avrxmega6\libgcc.a

.hash
 *(.hash)

.dynsym
 *(.dynsym)

.dynstr
 *(.dynstr)

.gnu.version
 *(.gnu.version)

.gnu.version_d
 *(.gnu.version_d)

.gnu.version_r
 *(.gnu.version_r)

.rel.init
 *(.rel.init)

.rela.init
 *(.rela.init)

.rel.text
 *(.rel.text)
 *(.rel.text.*)
 *(.rel.gnu.linkonce.t*)

.rela.text
 *(.rela.text)
 *(.rela.text.*)
 *(.rela.gnu.linkonce.t*)

.rel.fini
 *(.rel.fini)

.rela.fini
 *(.rela.fini)

.rel.rodata
 *(.rel.rodata)
 *(.rel.rodata.*)
 *(.rel.gnu.linkonce.r*)

.rela.rodata
 *(.rela.rodata)
 *(.rela.rodata.*)
 *(.rela.gnu.linkonce.r*)

.rel.data
 *(.rel.data)
 *(.rel.data.*)
 *(.rel.gnu.linkonce.d*)

.rela.data
 *(.rela.data)
 *(.rela.data.*)
 *(.rela.gnu.linkonce.d*)

.rel.ctors
 *(.rel.ctors)

.rela.ctors
 *(.rela.ctors)

.rel.dtors
 *(.rel.dtors)

.rela.dtors
 *(.rela.dtors)

.rel.got
 *(.rel.got)

.rela.got
 *(.rela.got)

.rel.bss
 *(.rel.bss)

.rela.bss
 *(.rela.bss)

.rel.plt
 *(.rel.plt)

.rela.plt
 *(.rela.plt)

.text           0x00000000      0x8d6
 *(.vectors)
 .vectors       0x00000000      0x1fc c:/program files/atmel/avr tools/avr toolchain/bin/../lib/gcc/avr/4.6.2/../../../../avr/lib/avrxmega6/crtx256a3bu.o
                0x00000000                __vector_default
                0x00000000                __vectors
 *(.vectors)
 *(.progmem.gcc*)
 *(.progmem*)
                0x000001fc                . = ALIGN (0x2)
                0x000001fc                __trampolines_start = .
 *(.trampolines)
 .trampolines   0x000001fc        0x0 linker stubs
 *(.trampolines*)
                0x000001fc                __trampolines_end = .
 *(.jumptables)
 *(.jumptables*)
 *(.lowtext)
 *(.lowtext*)
                0x000001fc                __ctors_start = .
 *(.ctors)
                0x000001fc                __ctors_end = .
                0x000001fc                __dtors_start = .
 *(.dtors)
                0x000001fc                __dtors_end = .
 SORT(*)(.ctors)
 SORT(*)(.dtors)
 *(.init0)
 .init0         0x000001fc        0x0 c:/program files/atmel/avr tools/avr toolchain/bin/../lib/gcc/avr/4.6.2/../../../../avr/lib/avrxmega6/crtx256a3bu.o
                0x000001fc                __init
 *(.init0)
 *(.init1)
 *(.init1)
 *(.init2)
 .init2         0x000001fc       0x10 c:/program files/atmel/avr tools/avr toolchain/bin/../lib/gcc/avr/4.6.2/../../../../avr/lib/avrxmega6/crtx256a3bu.o
 *(.init2)
 *(.init3)
 *(.init3)
 *(.init4)
 .init4         0x0000020c       0x1a c:/program files/atmel/avr tools/avr toolchain/bin/../lib/gcc/avr/4.6.2/avrxmega6\libgcc.a(_copy_data.o)
                0x0000020c                __do_copy_data
 .init4         0x00000226       0x10 c:/program files/atmel/avr tools/avr toolchain/bin/../lib/gcc/avr/4.6.2/avrxmega6\libgcc.a(_clear_bss.o)
                0x00000226                __do_clear_bss
 *(.init4)
 *(.init5)
 *(.init5)
 *(.init6)
 *(.init6)
 *(.init7)
 *(.init7)
 *(.init8)
 *(.init8)
 *(.init9)
 .init9         0x00000236        0x8 c:/program files/atmel/avr tools/avr toolchain/bin/../lib/gcc/avr/4.6.2/../../../../avr/lib/avrxmega6/crtx256a3bu.o
 *(.init9)
 *(.text)
 .text          0x0000023e        0x4 c:/program files/atmel/avr tools/avr toolchain/bin/../lib/gcc/avr/4.6.2/../../../../avr/lib/avrxmega6/crtx256a3bu.o
                0x0000023e                __vector_38
                0x0000023e                __vector_104
                0x0000023e                __vector_22
                0x0000023e                __vector_63
                0x0000023e                __vector_28
                0x0000023e                __vector_67
                0x0000023e                __vector_1
                0x0000023e                __vector_119
                0x0000023e                __vector_32
                0x0000023e                __vector_75
                0x0000023e                __vector_71
                0x0000023e                __vector_91
                0x0000023e                __vector_34
                0x0000023e                __vector_62
                0x0000023e                __vector_77
                0x0000023e                __vector_102
                0x0000023e                __vector_24
                0x0000023e                __vector_12
                0x0000023e                __vector_55
                0x0000023e                __vector_69
                0x0000023e                __vector_81
                0x0000023e                __vector_90
                0x0000023e                __vector_46
                0x0000023e                __bad_interrupt
                0x0000023e                __vector_122
                0x0000023e                __vector_72
                0x0000023e                __vector_114
                0x0000023e                __vector_6
                0x0000023e                __vector_110
                0x0000023e                __vector_31
                0x0000023e                __vector_92
                0x0000023e                __vector_35
                0x0000023e                __vector_78
                0x0000023e                __vector_74
                0x0000023e                __vector_117
                0x0000023e                __vector_39
                0x0000023e                __vector_107
                0x0000023e                __vector_3
                0x0000023e                __vector_105
                0x0000023e                __vector_98
                0x0000023e                __vector_23
                0x0000023e                __vector_68
                0x0000023e                __vector_30
                0x0000023e                __vector_73
                0x0000023e                __vector_45
                0x0000023e                __vector_25
                0x0000023e                __vector_93
                0x0000023e                __vector_61
                0x0000023e                __vector_11
                0x0000023e                __vector_54
                0x0000023e                __vector_99
                0x0000023e                __vector_13
                0x0000023e                __vector_17
                0x0000023e                __vector_19
                0x0000023e                __vector_56
                0x0000023e                __vector_7
                0x0000023e                __vector_125
                0x0000023e                __vector_49
                0x0000023e                __vector_123
                0x0000023e                __vector_41
                0x0000023e                __vector_86
                0x0000023e                __vector_100
                0x0000023e                __vector_101
                0x0000023e                __vector_64
                0x0000023e                __vector_88
                0x0000023e                __vector_109
                0x0000023e                __vector_43
                0x0000023e                __vector_27
                0x0000023e                __vector_5
                0x0000023e                __vector_113
                0x0000023e                __vector_33
                0x0000023e                __vector_76
                0x0000023e                __vector_115
                0x0000023e                __vector_47
                0x0000023e                __vector_52
                0x0000023e                __vector_37
                0x0000023e                __vector_95
                0x0000023e                __vector_103
                0x0000023e                __vector_96
                0x0000023e                __vector_89
                0x0000023e                __vector_108
                0x0000023e                __vector_4
                0x0000023e                __vector_44
                0x0000023e                __vector_82
                0x0000023e                __vector_106
                0x0000023e                __vector_118
                0x0000023e                __vector_51
                0x0000023e                __vector_9
                0x0000023e                __vector_2
                0x0000023e                __vector_21
                0x0000023e                __vector_15
                0x0000023e                __vector_66
                0x0000023e                __vector_36
                0x0000023e                __vector_79
                0x0000023e                __vector_58
                0x0000023e                __vector_70
                0x0000023e                __vector_83
                0x0000023e                __vector_29
                0x0000023e                __vector_60
                0x0000023e                __vector_121
                0x0000023e                __vector_40
                0x0000023e                __vector_85
                0x0000023e                __vector_94
                0x0000023e                __vector_126
                0x0000023e                __vector_8
                0x0000023e                __vector_26
                0x0000023e                __vector_48
                0x0000023e                __vector_124
                0x0000023e                __vector_116
                0x0000023e                __vector_112
                0x0000023e                __vector_111
                0x0000023e                __vector_80
                0x0000023e                __vector_14
                0x0000023e                __vector_84
                0x0000023e                __vector_57
                0x0000023e                __vector_53
                0x0000023e                __vector_10
                0x0000023e                __vector_50
                0x0000023e                __vector_16
                0x0000023e                __vector_59
                0x0000023e                __vector_18
                0x0000023e                __vector_97
                0x0000023e                __vector_20
                0x0000023e                __vector_42
                0x0000023e                __vector_87
                0x0000023e                __vector_65
                0x0000023e                __vector_120
 .text          0x00000242      0x108 vbat.o
                0x00000254                init_serial
                0x00000286                check_vbat
                0x00000308                init_vbat
 .text          0x0000034a        0x0 c:/program files/atmel/avr tools/avr toolchain/bin/../lib/gcc/avr/4.6.2/avrxmega6\libgcc.a(_exit.o)
 .text          0x0000034a        0x0 c:/program files/atmel/avr tools/avr toolchain/bin/../lib/gcc/avr/4.6.2/avrxmega6\libgcc.a(_copy_data.o)
 .text          0x0000034a        0x0 c:/program files/atmel/avr tools/avr toolchain/bin/../lib/gcc/avr/4.6.2/avrxmega6\libgcc.a(_clear_bss.o)
 .text          0x0000034a        0x0 c:/program files/atmel/avr tools/avr toolchain/bin/../lib/gcc/avr/4.6.2/../../../../avr/lib/avrxmega6\libc.a(iob.o)
 .text          0x0000034a        0x0 c:/program files/atmel/avr tools/avr toolchain/bin/../lib/gcc/avr/4.6.2/../../../../avr/lib/avrxmega6\libc.a(printf.o)
 .text          0x0000034a        0x0 c:/program files/atmel/avr tools/avr toolchain/bin/../lib/gcc/avr/4.6.2/../../../../avr/lib/avrxmega6\libc.a(vfprintf_std.o)
 .text          0x0000034a        0x0 c:/program files/atmel/avr tools/avr toolchain/bin/../lib/gcc/avr/4.6.2/../../../../avr/lib/avrxmega6\libc.a(strnlen_P.o)
 .text          0x0000034a        0x0 c:/program files/atmel/avr tools/avr toolchain/bin/../lib/gcc/avr/4.6.2/../../../../avr/lib/avrxmega6\libc.a(strnlen.o)
 .text          0x0000034a        0x0 c:/program files/atmel/avr tools/avr toolchain/bin/../lib/gcc/avr/4.6.2/../../../../avr/lib/avrxmega6\libc.a(fputc.o)
 .text          0x0000034a        0x0 c:/program files/atmel/avr tools/avr toolchain/bin/../lib/gcc/avr/4.6.2/../../../../avr/lib/avrxmega6\libc.a(ultoa_invert.o)
                0x0000034a                . = ALIGN (0x2)
 *(.text.*)
 .text.startup  0x0000034a       0x22 vbat.o
                0x0000034a                main
 .text.libgcc   0x0000036c        0x0 c:/program files/atmel/avr tools/avr toolchain/bin/../lib/gcc/avr/4.6.2/avrxmega6\libgcc.a(_exit.o)
 .text.libgcc   0x0000036c        0x0 c:/program files/atmel/avr tools/avr toolchain/bin/../lib/gcc/avr/4.6.2/avrxmega6\libgcc.a(_copy_data.o)
 .text.libgcc   0x0000036c        0x0 c:/program files/atmel/avr tools/avr toolchain/bin/../lib/gcc/avr/4.6.2/avrxmega6\libgcc.a(_clear_bss.o)
 .text.avr-libc
                0x0000036c       0x24 c:/program files/atmel/avr tools/avr toolchain/bin/../lib/gcc/avr/4.6.2/../../../../avr/lib/avrxmega6\libc.a(printf.o)
                0x0000036c                printf
 .text.avr-libc
                0x00000390      0x402 c:/program files/atmel/avr tools/avr toolchain/bin/../lib/gcc/avr/4.6.2/../../../../avr/lib/avrxmega6\libc.a(vfprintf_std.o)
                0x00000390                vfprintf
 .text.avr-libc
                0x00000792       0x16 c:/program files/atmel/avr tools/avr toolchain/bin/../lib/gcc/avr/4.6.2/../../../../avr/lib/avrxmega6\libc.a(strnlen_P.o)
                0x00000792                strnlen_P
 .text.avr-libc
                0x000007a8       0x16 c:/program files/atmel/avr tools/avr toolchain/bin/../lib/gcc/avr/4.6.2/../../../../avr/lib/avrxmega6\libc.a(strnlen.o)
                0x000007a8                strnlen
 .text.avr-libc
                0x000007be       0x58 c:/program files/atmel/avr tools/avr toolchain/bin/../lib/gcc/avr/4.6.2/../../../../avr/lib/avrxmega6\libc.a(fputc.o)
                0x000007be                fputc
 .text.avr-libc
                0x00000816       0xbc c:/program files/atmel/avr tools/avr toolchain/bin/../lib/gcc/avr/4.6.2/../../../../avr/lib/avrxmega6\libc.a(ultoa_invert.o)
                0x00000816                __ultoa_invert
                0x000008d2                . = ALIGN (0x2)
 *(.fini9)
 .fini9         0x000008d2        0x0 c:/program files/atmel/avr tools/avr toolchain/bin/../lib/gcc/avr/4.6.2/avrxmega6\libgcc.a(_exit.o)
                0x000008d2                _exit
                0x000008d2                exit
 *(.fini9)
 *(.fini8)
 *(.fini8)
 *(.fini7)
 *(.fini7)
 *(.fini6)
 *(.fini6)
 *(.fini5)
 *(.fini5)
 *(.fini4)
 *(.fini4)
 *(.fini3)
 *(.fini3)
 *(.fini2)
 *(.fini2)
 *(.fini1)
 *(.fini1)
 *(.fini0)
 .fini0         0x000008d2        0x4 c:/program files/atmel/avr tools/avr toolchain/bin/../lib/gcc/avr/4.6.2/avrxmega6\libgcc.a(_exit.o)
 *(.fini0)
                0x000008d6                _etext = .

.data           0x00802000       0xa2 load address 0x000008d6
                0x00802000                PROVIDE (__data_start, .)
 *(.data)
 .data          0x00802000        0x0 c:/program files/atmel/avr tools/avr toolchain/bin/../lib/gcc/avr/4.6.2/../../../../avr/lib/avrxmega6/crtx256a3bu.o
 .data          0x00802000       0xa2 vbat.o
 .data          0x008020a2        0x0 c:/program files/atmel/avr tools/avr toolchain/bin/../lib/gcc/avr/4.6.2/avrxmega6\libgcc.a(_exit.o)
 .data          0x008020a2        0x0 c:/program files/atmel/avr tools/avr toolchain/bin/../lib/gcc/avr/4.6.2/avrxmega6\libgcc.a(_copy_data.o)
 .data          0x008020a2        0x0 c:/program files/atmel/avr tools/avr toolchain/bin/../lib/gcc/avr/4.6.2/avrxmega6\libgcc.a(_clear_bss.o)
 .data          0x008020a2        0x0 c:/program files/atmel/avr tools/avr toolchain/bin/../lib/gcc/avr/4.6.2/../../../../avr/lib/avrxmega6\libc.a(iob.o)
 .data          0x008020a2        0x0 c:/program files/atmel/avr tools/avr toolchain/bin/../lib/gcc/avr/4.6.2/../../../../avr/lib/avrxmega6\libc.a(printf.o)
 .data          0x008020a2        0x0 c:/program files/atmel/avr tools/avr toolchain/bin/../lib/gcc/avr/4.6.2/../../../../avr/lib/avrxmega6\libc.a(vfprintf_std.o)
 .data          0x008020a2        0x0 c:/program files/atmel/avr tools/avr toolchain/bin/../lib/gcc/avr/4.6.2/../../../../avr/lib/avrxmega6\libc.a(strnlen_P.o)
 .data          0x008020a2        0x0 c:/program files/atmel/avr tools/avr toolchain/bin/../lib/gcc/avr/4.6.2/../../../../avr/lib/avrxmega6\libc.a(strnlen.o)
 .data          0x008020a2        0x0 c:/program files/atmel/avr tools/avr toolchain/bin/../lib/gcc/avr/4.6.2/../../../../avr/lib/avrxmega6\libc.a(fputc.o)
 .data          0x008020a2        0x0 c:/program files/atmel/avr tools/avr toolchain/bin/../lib/gcc/avr/4.6.2/../../../../avr/lib/avrxmega6\libc.a(ultoa_invert.o)
 *(.data*)
 *(.rodata)
 *(.rodata*)
 *(.gnu.linkonce.d*)
                0x008020a2                . = ALIGN (0x2)
                0x008020a2                _edata = .
                0x008020a2                PROVIDE (__data_end, .)

.bss            0x008020a2        0x6
                0x008020a2                PROVIDE (__bss_start, .)
 *(.bss)
 .bss           0x008020a2        0x0 c:/program files/atmel/avr tools/avr toolchain/bin/../lib/gcc/avr/4.6.2/../../../../avr/lib/avrxmega6/crtx256a3bu.o
 .bss           0x008020a2        0x0 vbat.o
 .bss           0x008020a2        0x0 c:/program files/atmel/avr tools/avr toolchain/bin/../lib/gcc/avr/4.6.2/avrxmega6\libgcc.a(_exit.o)
 .bss           0x008020a2        0x0 c:/program files/atmel/avr tools/avr toolchain/bin/../lib/gcc/avr/4.6.2/avrxmega6\libgcc.a(_copy_data.o)
 .bss           0x008020a2        0x0 c:/program files/atmel/avr tools/avr toolchain/bin/../lib/gcc/avr/4.6.2/avrxmega6\libgcc.a(_clear_bss.o)
 .bss           0x008020a2        0x0 c:/program files/atmel/avr tools/avr toolchain/bin/../lib/gcc/avr/4.6.2/../../../../avr/lib/avrxmega6\libc.a(iob.o)
 .bss           0x008020a2        0x0 c:/program files/atmel/avr tools/avr toolchain/bin/../lib/gcc/avr/4.6.2/../../../../avr/lib/avrxmega6\libc.a(printf.o)
 .bss           0x008020a2        0x0 c:/program files/atmel/avr tools/avr toolchain/bin/../lib/gcc/avr/4.6.2/../../../../avr/lib/avrxmega6\libc.a(vfprintf_std.o)
 .bss           0x008020a2        0x0 c:/program files/atmel/avr tools/avr toolchain/bin/../lib/gcc/avr/4.6.2/../../../../avr/lib/avrxmega6\libc.a(strnlen_P.o)
 .bss           0x008020a2        0x0 c:/program files/atmel/avr tools/avr toolchain/bin/../lib/gcc/avr/4.6.2/../../../../avr/lib/avrxmega6\libc.a(strnlen.o)
 .bss           0x008020a2        0x0 c:/program files/atmel/avr tools/avr toolchain/bin/../lib/gcc/avr/4.6.2/../../../../avr/lib/avrxmega6\libc.a(fputc.o)
 .bss           0x008020a2        0x0 c:/program files/atmel/avr tools/avr toolchain/bin/../lib/gcc/avr/4.6.2/../../../../avr/lib/avrxmega6\libc.a(ultoa_invert.o)
 *(.bss*)
 *(COMMON)
 COMMON         0x008020a2        0x6 c:/program files/atmel/avr tools/avr toolchain/bin/../lib/gcc/avr/4.6.2/../../../../avr/lib/avrxmega6\libc.a(iob.o)
                0x008020a2                __iob
                0x008020a8                PROVIDE (__bss_end, .)
                0x000008d6                __data_load_start = LOADADDR (.data)
                0x00000978                __data_load_end = (__data_load_start + SIZEOF (.data))

.noinit         0x008020a8        0x0
                0x008020a8                PROVIDE (__noinit_start, .)
 *(.noinit*)
                0x008020a8                PROVIDE (__noinit_end, .)
                0x008020a8                _end = .
                0x008020a8                PROVIDE (__heap_start, .)

.eeprom         0x00810000        0x0
 *(.eeprom*)
                0x00810000                __eeprom_end = .

.fuse
 *(.fuse)
 *(.lfuse)
 *(.hfuse)
 *(.efuse)

.lock
 *(.lock*)

.signature
 *(.signature*)

.stab           0x00000000      0xc9c
 *(.stab)
 .stab          0x00000000      0x6e4 c:/program files/atmel/avr tools/avr toolchain/bin/../lib/gcc/avr/4.6.2/../../../../avr/lib/avrxmega6/crtx256a3bu.o
 .stab          0x000006e4       0x9c c:/program files/atmel/avr tools/avr toolchain/bin/../lib/gcc/avr/4.6.2/../../../../avr/lib/avrxmega6\libc.a(strnlen_P.o)
                                 0xa8 (size before relaxing)
 .stab          0x00000780       0x9c c:/program files/atmel/avr tools/avr toolchain/bin/../lib/gcc/avr/4.6.2/../../../../avr/lib/avrxmega6\libc.a(strnlen.o)
                                 0xa8 (size before relaxing)
 .stab          0x0000081c      0x480 c:/program files/atmel/avr tools/avr toolchain/bin/../lib/gcc/avr/4.6.2/../../../../avr/lib/avrxmega6\libc.a(ultoa_invert.o)
                                0x48c (size before relaxing)

.stabstr        0x00000000      0x1b6
 *(.stabstr)
 .stabstr       0x00000000      0x1b6 c:/program files/atmel/avr tools/avr toolchain/bin/../lib/gcc/avr/4.6.2/../../../../avr/lib/avrxmega6/crtx256a3bu.o

.stab.excl
 *(.stab.excl)

.stab.exclstr
 *(.stab.exclstr)

.stab.index
 *(.stab.index)

.stab.indexstr
 *(.stab.indexstr)

.comment
 *(.comment)

.debug
 *(.debug)

.line
 *(.line)

.debug_srcinfo
 *(.debug_srcinfo)

.debug_sfnames
 *(.debug_sfnames)

.debug_aranges  0x00000000       0xe8
 *(.debug_aranges)
 .debug_aranges
                0x00000000       0x28 vbat.o
 .debug_aranges
                0x00000028       0x20 c:/program files/atmel/avr tools/avr toolchain/bin/../lib/gcc/avr/4.6.2/avrxmega6\libgcc.a(_exit.o)
 .debug_aranges
                0x00000048       0x20 c:/program files/atmel/avr tools/avr toolchain/bin/../lib/gcc/avr/4.6.2/avrxmega6\libgcc.a(_copy_data.o)
 .debug_aranges
                0x00000068       0x20 c:/program files/atmel/avr tools/avr toolchain/bin/../lib/gcc/avr/4.6.2/avrxmega6\libgcc.a(_clear_bss.o)
 .debug_aranges
                0x00000088       0x20 c:/program files/atmel/avr tools/avr toolchain/bin/../lib/gcc/avr/4.6.2/../../../../avr/lib/avrxmega6\libc.a(printf.o)
 .debug_aranges
                0x000000a8       0x20 c:/program files/atmel/avr tools/avr toolchain/bin/../lib/gcc/avr/4.6.2/../../../../avr/lib/avrxmega6\libc.a(vfprintf_std.o)
 .debug_aranges
                0x000000c8       0x20 c:/program files/atmel/avr tools/avr toolchain/bin/../lib/gcc/avr/4.6.2/../../../../avr/lib/avrxmega6\libc.a(fputc.o)

.debug_pubnames
 *(.debug_pubnames)

.debug_info     0x00000000     0x103f
 *(.debug_info)
 .debug_info    0x00000000      0x5db vbat.o
 .debug_info    0x000005db       0xe2 c:/program files/atmel/avr tools/avr toolchain/bin/../lib/gcc/avr/4.6.2/avrxmega6\libgcc.a(_exit.o)
 .debug_info    0x000006bd       0xe2 c:/program files/atmel/avr tools/avr toolchain/bin/../lib/gcc/avr/4.6.2/avrxmega6\libgcc.a(_copy_data.o)
 .debug_info    0x0000079f       0xe2 c:/program files/atmel/avr tools/avr toolchain/bin/../lib/gcc/avr/4.6.2/avrxmega6\libgcc.a(_clear_bss.o)
 .debug_info    0x00000881      0x14f c:/program files/atmel/avr tools/avr toolchain/bin/../lib/gcc/avr/4.6.2/../../../../avr/lib/avrxmega6\libc.a(iob.o)
 .debug_info    0x000009d0      0x1c6 c:/program files/atmel/avr tools/avr toolchain/bin/../lib/gcc/avr/4.6.2/../../../../avr/lib/avrxmega6\libc.a(printf.o)
 .debug_info    0x00000b96      0x342 c:/program files/atmel/avr tools/avr toolchain/bin/../lib/gcc/avr/4.6.2/../../../../avr/lib/avrxmega6\libc.a(vfprintf_std.o)
 .debug_info    0x00000ed8      0x167 c:/program files/atmel/avr tools/avr toolchain/bin/../lib/gcc/avr/4.6.2/../../../../avr/lib/avrxmega6\libc.a(fputc.o)
 *(.gnu.linkonce.wi.*)

.debug_abbrev   0x00000000      0x669
 *(.debug_abbrev)
 .debug_abbrev  0x00000000      0x212 vbat.o
 .debug_abbrev  0x00000212       0x14 c:/program files/atmel/avr tools/avr toolchain/bin/../lib/gcc/avr/4.6.2/avrxmega6\libgcc.a(_exit.o)
 .debug_abbrev  0x00000226       0x14 c:/program files/atmel/avr tools/avr toolchain/bin/../lib/gcc/avr/4.6.2/avrxmega6\libgcc.a(_copy_data.o)
 .debug_abbrev  0x0000023a       0x14 c:/program files/atmel/avr tools/avr toolchain/bin/../lib/gcc/avr/4.6.2/avrxmega6\libgcc.a(_clear_bss.o)
 .debug_abbrev  0x0000024e       0xc5 c:/program files/atmel/avr tools/avr toolchain/bin/../lib/gcc/avr/4.6.2/../../../../avr/lib/avrxmega6\libc.a(iob.o)
 .debug_abbrev  0x00000313      0x11c c:/program files/atmel/avr tools/avr toolchain/bin/../lib/gcc/avr/4.6.2/../../../../avr/lib/avrxmega6\libc.a(printf.o)
 .debug_abbrev  0x0000042f      0x161 c:/program files/atmel/avr tools/avr toolchain/bin/../lib/gcc/avr/4.6.2/../../../../avr/lib/avrxmega6\libc.a(vfprintf_std.o)
 .debug_abbrev  0x00000590       0xd9 c:/program files/atmel/avr tools/avr toolchain/bin/../lib/gcc/avr/4.6.2/../../../../avr/lib/avrxmega6\libc.a(fputc.o)

.debug_line     0x00000000      0x908
 *(.debug_line)
 .debug_line    0x00000000      0x1d5 vbat.o
 .debug_line    0x000001d5       0x88 c:/program files/atmel/avr tools/avr toolchain/bin/../lib/gcc/avr/4.6.2/avrxmega6\libgcc.a(_exit.o)
 .debug_line    0x0000025d       0x93 c:/program files/atmel/avr tools/avr toolchain/bin/../lib/gcc/avr/4.6.2/avrxmega6\libgcc.a(_copy_data.o)
 .debug_line    0x000002f0       0x8e c:/program files/atmel/avr tools/avr toolchain/bin/../lib/gcc/avr/4.6.2/avrxmega6\libgcc.a(_clear_bss.o)
 .debug_line    0x0000037e       0xc7 c:/program files/atmel/avr tools/avr toolchain/bin/../lib/gcc/avr/4.6.2/../../../../avr/lib/avrxmega6\libc.a(iob.o)
 .debug_line    0x00000445      0x151 c:/program files/atmel/avr tools/avr toolchain/bin/../lib/gcc/avr/4.6.2/../../../../avr/lib/avrxmega6\libc.a(printf.o)
 .debug_line    0x00000596      0x291 c:/program files/atmel/avr tools/avr toolchain/bin/../lib/gcc/avr/4.6.2/../../../../avr/lib/avrxmega6\libc.a(vfprintf_std.o)
 .debug_line    0x00000827       0xe1 c:/program files/atmel/avr tools/avr toolchain/bin/../lib/gcc/avr/4.6.2/../../../../avr/lib/avrxmega6\libc.a(fputc.o)

.debug_frame    0x00000000      0x184
 *(.debug_frame)
 .debug_frame   0x00000000       0x94 vbat.o
 .debug_frame   0x00000094       0x34 c:/program files/atmel/avr tools/avr toolchain/bin/../lib/gcc/avr/4.6.2/../../../../avr/lib/avrxmega6\libc.a(printf.o)
 .debug_frame   0x000000c8       0x84 c:/program files/atmel/avr tools/avr toolchain/bin/../lib/gcc/avr/4.6.2/../../../../avr/lib/avrxmega6\libc.a(vfprintf_std.o)
 .debug_frame   0x0000014c       0x38 c:/program files/atmel/avr tools/avr toolchain/bin/../lib/gcc/avr/4.6.2/../../../../avr/lib/avrxmega6\libc.a(fputc.o)

.debug_str      0x00000000      0x535
 *(.debug_str)
 .debug_str     0x00000000      0x382 vbat.o
                                0x3cc (size before relaxing)
 .debug_str     0x00000382       0x4e c:/program files/atmel/avr tools/avr toolchain/bin/../lib/gcc/avr/4.6.2/../../../../avr/lib/avrxmega6\libc.a(iob.o)
                                 0xf2 (size before relaxing)
 .debug_str     0x000003d0       0x72 c:/program files/atmel/avr tools/avr toolchain/bin/../lib/gcc/avr/4.6.2/../../../../avr/lib/avrxmega6\libc.a(printf.o)
                                0x125 (size before relaxing)
 .debug_str     0x00000442       0x9d c:/program files/atmel/avr tools/avr toolchain/bin/../lib/gcc/avr/4.6.2/../../../../avr/lib/avrxmega6\libc.a(vfprintf_std.o)
                                0x16b (size before relaxing)
 .debug_str     0x000004df       0x56 c:/program files/atmel/avr tools/avr toolchain/bin/../lib/gcc/avr/4.6.2/../../../../avr/lib/avrxmega6\libc.a(fputc.o)
                                 0xfb (size before relaxing)

.debug_loc      0x00000000      0x7a3
 *(.debug_loc)
 .debug_loc     0x00000000       0xe6 vbat.o
 .debug_loc     0x000000e6       0x3b c:/program files/atmel/avr tools/avr toolchain/bin/../lib/gcc/avr/4.6.2/../../../../avr/lib/avrxmega6\libc.a(printf.o)
 .debug_loc     0x00000121      0x5e9 c:/program files/atmel/avr tools/avr toolchain/bin/../lib/gcc/avr/4.6.2/../../../../avr/lib/avrxmega6\libc.a(vfprintf_std.o)
 .debug_loc     0x0000070a       0x99 c:/program files/atmel/avr tools/avr toolchain/bin/../lib/gcc/avr/4.6.2/../../../../avr/lib/avrxmega6\libc.a(fputc.o)

.debug_macinfo
 *(.debug_macinfo)
OUTPUT(vbat.elf elf32-avr)
LOAD linker stubs

.debug_ranges   0x00000000       0x48
 .debug_ranges  0x00000000       0x18 vbat.o
 .debug_ranges  0x00000018       0x10 c:/program files/atmel/avr tools/avr toolchain/bin/../lib/gcc/avr/4.6.2/../../../../avr/lib/avrxmega6\libc.a(printf.o)
 .debug_ranges  0x00000028       0x10 c:/program files/atmel/avr tools/avr toolchain/bin/../lib/gcc/avr/4.6.2/../../../../avr/lib/avrxmega6\libc.a(vfprintf_std.o)
 .debug_ranges  0x00000038       0x10 c:/program files/atmel/avr tools/avr toolchain/bin/../lib/gcc/avr/4.6.2/../../../../avr/lib/avrxmega6\libc.a(fputc.o)
