Archive member included because of file (symbol)

c:/program files/atmel/avr tools/avr toolchain/bin/../lib/gcc/avr/4.6.2/avrxmega6\libgcc.a(_exit.o)
                              c:/program files/atmel/avr tools/avr toolchain/bin/../lib/gcc/avr/4.6.2/../../../../avr/lib/avrxmega6/crtx256a3bu.o (exit)
c:/program files/atmel/avr tools/avr toolchain/bin/../lib/gcc/avr/4.6.2/avrxmega6\libgcc.a(_copy_data.o)
                              wiznetweb.o (__do_copy_data)
c:/program files/atmel/avr tools/avr toolchain/bin/../lib/gcc/avr/4.6.2/avrxmega6\libgcc.a(_clear_bss.o)
                              wiznetweb.o (__do_clear_bss)
c:/program files/atmel/avr tools/avr toolchain/bin/../lib/gcc/avr/4.6.2/../../../../avr/lib/avrxmega6\libc.a(strcat_P.o)
                              wiznetweb.o (strcat_P)
c:/program files/atmel/avr tools/avr toolchain/bin/../lib/gcc/avr/4.6.2/../../../../avr/lib/avrxmega6\libc.a(strcpy_P.o)
                              wiznetweb.o (strcpy_P)
c:/program files/atmel/avr tools/avr toolchain/bin/../lib/gcc/avr/4.6.2/../../../../avr/lib/avrxmega6\libc.a(strcat.o)
                              wiznetweb.o (strcat)
c:/program files/atmel/avr tools/avr toolchain/bin/../lib/gcc/avr/4.6.2/../../../../avr/lib/avrxmega6\libc.a(strcpy.o)
                              wiznetweb.o (strcpy)
c:/program files/atmel/avr tools/avr toolchain/bin/../lib/gcc/avr/4.6.2/../../../../avr/lib/avrxmega6\libc.a(strncmp.o)
                              wiznetweb.o (strncmp)
c:/program files/atmel/avr tools/avr toolchain/bin/../lib/gcc/avr/4.6.2/../../../../avr/lib/avrxmega6\libc.a(sprintf.o)
                              wiznetweb.o (sprintf)
c:/program files/atmel/avr tools/avr toolchain/bin/../lib/gcc/avr/4.6.2/../../../../avr/lib/avrxmega6\libc.a(vfprintf_std.o)
                              c:/program files/atmel/avr tools/avr toolchain/bin/../lib/gcc/avr/4.6.2/../../../../avr/lib/avrxmega6\libc.a(sprintf.o) (vfprintf)
c:/program files/atmel/avr tools/avr toolchain/bin/../lib/gcc/avr/4.6.2/../../../../avr/lib/avrxmega6\libc.a(strnlen_P.o)
                              c:/program files/atmel/avr tools/avr toolchain/bin/../lib/gcc/avr/4.6.2/../../../../avr/lib/avrxmega6\libc.a(vfprintf_std.o) (strnlen_P)
c:/program files/atmel/avr tools/avr toolchain/bin/../lib/gcc/avr/4.6.2/../../../../avr/lib/avrxmega6\libc.a(strnlen.o)
                              c:/program files/atmel/avr tools/avr toolchain/bin/../lib/gcc/avr/4.6.2/../../../../avr/lib/avrxmega6\libc.a(vfprintf_std.o) (strnlen)
c:/program files/atmel/avr tools/avr toolchain/bin/../lib/gcc/avr/4.6.2/../../../../avr/lib/avrxmega6\libc.a(fputc.o)
                              c:/program files/atmel/avr tools/avr toolchain/bin/../lib/gcc/avr/4.6.2/../../../../avr/lib/avrxmega6\libc.a(vfprintf_std.o) (fputc)
c:/program files/atmel/avr tools/avr toolchain/bin/../lib/gcc/avr/4.6.2/../../../../avr/lib/avrxmega6\libc.a(ultoa_invert.o)
                              c:/program files/atmel/avr tools/avr toolchain/bin/../lib/gcc/avr/4.6.2/../../../../avr/lib/avrxmega6\libc.a(vfprintf_std.o) (__ultoa_invert)

Allocating common symbols
Common symbol       size              file

ledsign             0x1               wiznetweb.o
tempvalue           0x2               wiznetweb.o
sockreg             0x1               wiznetweb.o
buf                 0x200             wiznetweb.o
ledmode             0x1               wiznetweb.o
ledeye              0x1               wiznetweb.o

Memory Configuration

Name             Origin             Length             Attributes
text             0x00000000         0x00100000         xr
data             0x00802000         0x0000ffa0         rw !x
eeprom           0x00810000         0x00010000         rw !x
fuse             0x00820000         0x00000400         rw !x
lock             0x00830000         0x00000400         rw !x
signature        0x00840000         0x00000400         rw !x
*default*        0x00000000         0xffffffff

Linker script and memory map

LOAD c:/program files/atmel/avr tools/avr toolchain/bin/../lib/gcc/avr/4.6.2/../../../../avr/lib/avrxmega6/crtx256a3bu.o
LOAD wiznetweb.o
LOAD c:/program files/atmel/avr tools/avr toolchain/bin/../lib/gcc/avr/4.6.2/avrxmega6\libgcc.a
LOAD c:/program files/atmel/avr tools/avr toolchain/bin/../lib/gcc/avr/4.6.2/../../../../avr/lib/avrxmega6\libc.a
LOAD c:/program files/atmel/avr tools/avr toolchain/bin/../lib/gcc/avr/4.6.2/avrxmega6\libgcc.a

.hash
 *(.hash)

.dynsym
 *(.dynsym)

.dynstr
 *(.dynstr)

.gnu.version
 *(.gnu.version)

.gnu.version_d
 *(.gnu.version_d)

.gnu.version_r
 *(.gnu.version_r)

.rel.init
 *(.rel.init)

.rela.init
 *(.rela.init)

.rel.text
 *(.rel.text)
 *(.rel.text.*)
 *(.rel.gnu.linkonce.t*)

.rela.text
 *(.rela.text)
 *(.rela.text.*)
 *(.rela.gnu.linkonce.t*)

.rel.fini
 *(.rel.fini)

.rela.fini
 *(.rela.fini)

.rel.rodata
 *(.rel.rodata)
 *(.rel.rodata.*)
 *(.rel.gnu.linkonce.r*)

.rela.rodata
 *(.rela.rodata)
 *(.rela.rodata.*)
 *(.rela.gnu.linkonce.r*)

.rel.data
 *(.rel.data)
 *(.rel.data.*)
 *(.rel.gnu.linkonce.d*)

.rela.data
 *(.rela.data)
 *(.rela.data.*)
 *(.rela.gnu.linkonce.d*)

.rel.ctors
 *(.rel.ctors)

.rela.ctors
 *(.rela.ctors)

.rel.dtors
 *(.rel.dtors)

.rela.dtors
 *(.rela.dtors)

.rel.got
 *(.rel.got)

.rela.got
 *(.rela.got)

.rel.bss
 *(.rel.bss)

.rela.bss
 *(.rela.bss)

.rel.plt
 *(.rel.plt)

.rela.plt
 *(.rela.plt)

.text           0x00000000     0x11a2
 *(.vectors)
 .vectors       0x00000000      0x1fc c:/program files/atmel/avr tools/avr toolchain/bin/../lib/gcc/avr/4.6.2/../../../../avr/lib/avrxmega6/crtx256a3bu.o
                0x00000000                __vector_default
                0x00000000                __vectors
 *(.vectors)
 *(.progmem.gcc*)
 *(.progmem*)
 .progmem.data  0x000001fc      0x1d1 wiznetweb.o
                0x000003ce                . = ALIGN (0x2)
 *fill*         0x000003cd        0x1 00
                0x000003ce                __trampolines_start = .
 *(.trampolines)
 .trampolines   0x000003ce        0x0 linker stubs
 *(.trampolines*)
                0x000003ce                __trampolines_end = .
 *(.jumptables)
 *(.jumptables*)
 *(.lowtext)
 *(.lowtext*)
                0x000003ce                __ctors_start = .
 *(.ctors)
                0x000003ce                __ctors_end = .
                0x000003ce                __dtors_start = .
 *(.dtors)
                0x000003ce                __dtors_end = .
 SORT(*)(.ctors)
 SORT(*)(.dtors)
 *(.init0)
 .init0         0x000003ce        0x0 c:/program files/atmel/avr tools/avr toolchain/bin/../lib/gcc/avr/4.6.2/../../../../avr/lib/avrxmega6/crtx256a3bu.o
                0x000003ce                __init
 *(.init0)
 *(.init1)
 *(.init1)
 *(.init2)
 .init2         0x000003ce       0x10 c:/program files/atmel/avr tools/avr toolchain/bin/../lib/gcc/avr/4.6.2/../../../../avr/lib/avrxmega6/crtx256a3bu.o
 *(.init2)
 *(.init3)
 *(.init3)
 *(.init4)
 .init4         0x000003de       0x1c c:/program files/atmel/avr tools/avr toolchain/bin/../lib/gcc/avr/4.6.2/avrxmega6\libgcc.a(_copy_data.o)
                0x000003de                __do_copy_data
 .init4         0x000003fa       0x10 c:/program files/atmel/avr tools/avr toolchain/bin/../lib/gcc/avr/4.6.2/avrxmega6\libgcc.a(_clear_bss.o)
                0x000003fa                __do_clear_bss
 *(.init4)
 *(.init5)
 *(.init5)
 *(.init6)
 *(.init6)
 *(.init7)
 *(.init7)
 *(.init8)
 *(.init8)
 *(.init9)
 .init9         0x0000040a        0x8 c:/program files/atmel/avr tools/avr toolchain/bin/../lib/gcc/avr/4.6.2/../../../../avr/lib/avrxmega6/crtx256a3bu.o
 *(.init9)
 *(.text)
 .text          0x00000412        0x4 c:/program files/atmel/avr tools/avr toolchain/bin/../lib/gcc/avr/4.6.2/../../../../avr/lib/avrxmega6/crtx256a3bu.o
                0x00000412                __vector_38
                0x00000412                __vector_104
                0x00000412                __vector_22
                0x00000412                __vector_63
                0x00000412                __vector_28
                0x00000412                __vector_67
                0x00000412                __vector_1
                0x00000412                __vector_119
                0x00000412                __vector_32
                0x00000412                __vector_75
                0x00000412                __vector_71
                0x00000412                __vector_91
                0x00000412                __vector_34
                0x00000412                __vector_62
                0x00000412                __vector_77
                0x00000412                __vector_102
                0x00000412                __vector_24
                0x00000412                __vector_12
                0x00000412                __vector_55
                0x00000412                __vector_69
                0x00000412                __vector_81
                0x00000412                __vector_90
                0x00000412                __vector_46
                0x00000412                __bad_interrupt
                0x00000412                __vector_122
                0x00000412                __vector_72
                0x00000412                __vector_114
                0x00000412                __vector_6
                0x00000412                __vector_110
                0x00000412                __vector_31
                0x00000412                __vector_92
                0x00000412                __vector_35
                0x00000412                __vector_78
                0x00000412                __vector_74
                0x00000412                __vector_117
                0x00000412                __vector_39
                0x00000412                __vector_107
                0x00000412                __vector_3
                0x00000412                __vector_105
                0x00000412                __vector_98
                0x00000412                __vector_23
                0x00000412                __vector_68
                0x00000412                __vector_30
                0x00000412                __vector_73
                0x00000412                __vector_45
                0x00000412                __vector_25
                0x00000412                __vector_93
                0x00000412                __vector_61
                0x00000412                __vector_11
                0x00000412                __vector_54
                0x00000412                __vector_99
                0x00000412                __vector_13
                0x00000412                __vector_17
                0x00000412                __vector_19
                0x00000412                __vector_56
                0x00000412                __vector_7
                0x00000412                __vector_125
                0x00000412                __vector_49
                0x00000412                __vector_123
                0x00000412                __vector_41
                0x00000412                __vector_86
                0x00000412                __vector_100
                0x00000412                __vector_101
                0x00000412                __vector_64
                0x00000412                __vector_88
                0x00000412                __vector_109
                0x00000412                __vector_43
                0x00000412                __vector_27
                0x00000412                __vector_5
                0x00000412                __vector_113
                0x00000412                __vector_33
                0x00000412                __vector_76
                0x00000412                __vector_115
                0x00000412                __vector_47
                0x00000412                __vector_52
                0x00000412                __vector_37
                0x00000412                __vector_95
                0x00000412                __vector_103
                0x00000412                __vector_96
                0x00000412                __vector_89
                0x00000412                __vector_108
                0x00000412                __vector_4
                0x00000412                __vector_44
                0x00000412                __vector_82
                0x00000412                __vector_106
                0x00000412                __vector_118
                0x00000412                __vector_51
                0x00000412                __vector_9
                0x00000412                __vector_2
                0x00000412                __vector_21
                0x00000412                __vector_15
                0x00000412                __vector_66
                0x00000412                __vector_36
                0x00000412                __vector_79
                0x00000412                __vector_58
                0x00000412                __vector_70
                0x00000412                __vector_83
                0x00000412                __vector_29
                0x00000412                __vector_60
                0x00000412                __vector_121
                0x00000412                __vector_40
                0x00000412                __vector_85
                0x00000412                __vector_94
                0x00000412                __vector_126
                0x00000412                __vector_8
                0x00000412                __vector_26
                0x00000412                __vector_48
                0x00000412                __vector_124
                0x00000412                __vector_116
                0x00000412                __vector_112
                0x00000412                __vector_111
                0x00000412                __vector_80
                0x00000412                __vector_14
                0x00000412                __vector_84
                0x00000412                __vector_57
                0x00000412                __vector_53
                0x00000412                __vector_10
                0x00000412                __vector_50
                0x00000412                __vector_16
                0x00000412                __vector_59
                0x00000412                __vector_18
                0x00000412                __vector_97
                0x00000412                __vector_20
                0x00000412                __vector_42
                0x00000412                __vector_87
                0x00000412                __vector_65
                0x00000412                __vector_120
 .text          0x00000416      0x4d0 wiznetweb.o
                0x00000416                SPI_Write
                0x0000046a                SPI_Read
                0x000004c2                W5100_Init
                0x00000596                close
                0x000005b2                disconnect
                0x000005ce                socket
                0x00000642                listen
                0x00000682                send
                0x0000078e                recv
                0x00000856                recv_size
                0x0000087a                strindex
 .text          0x000008e6        0x0 c:/program files/atmel/avr tools/avr toolchain/bin/../lib/gcc/avr/4.6.2/avrxmega6\libgcc.a(_exit.o)
 .text          0x000008e6        0x0 c:/program files/atmel/avr tools/avr toolchain/bin/../lib/gcc/avr/4.6.2/avrxmega6\libgcc.a(_copy_data.o)
 .text          0x000008e6        0x0 c:/program files/atmel/avr tools/avr toolchain/bin/../lib/gcc/avr/4.6.2/avrxmega6\libgcc.a(_clear_bss.o)
 .text          0x000008e6        0x0 c:/program files/atmel/avr tools/avr toolchain/bin/../lib/gcc/avr/4.6.2/../../../../avr/lib/avrxmega6\libc.a(strcat_P.o)
 .text          0x000008e6        0x0 c:/program files/atmel/avr tools/avr toolchain/bin/../lib/gcc/avr/4.6.2/../../../../avr/lib/avrxmega6\libc.a(strcpy_P.o)
 .text          0x000008e6        0x0 c:/program files/atmel/avr tools/avr toolchain/bin/../lib/gcc/avr/4.6.2/../../../../avr/lib/avrxmega6\libc.a(strcat.o)
 .text          0x000008e6        0x0 c:/program files/atmel/avr tools/avr toolchain/bin/../lib/gcc/avr/4.6.2/../../../../avr/lib/avrxmega6\libc.a(strcpy.o)
 .text          0x000008e6        0x0 c:/program files/atmel/avr tools/avr toolchain/bin/../lib/gcc/avr/4.6.2/../../../../avr/lib/avrxmega6\libc.a(strncmp.o)
 .text          0x000008e6        0x0 c:/program files/atmel/avr tools/avr toolchain/bin/../lib/gcc/avr/4.6.2/../../../../avr/lib/avrxmega6\libc.a(sprintf.o)
 .text          0x000008e6        0x0 c:/program files/atmel/avr tools/avr toolchain/bin/../lib/gcc/avr/4.6.2/../../../../avr/lib/avrxmega6\libc.a(vfprintf_std.o)
 .text          0x000008e6        0x0 c:/program files/atmel/avr tools/avr toolchain/bin/../lib/gcc/avr/4.6.2/../../../../avr/lib/avrxmega6\libc.a(strnlen_P.o)
 .text          0x000008e6        0x0 c:/program files/atmel/avr tools/avr toolchain/bin/../lib/gcc/avr/4.6.2/../../../../avr/lib/avrxmega6\libc.a(strnlen.o)
 .text          0x000008e6        0x0 c:/program files/atmel/avr tools/avr toolchain/bin/../lib/gcc/avr/4.6.2/../../../../avr/lib/avrxmega6\libc.a(fputc.o)
 .text          0x000008e6        0x0 c:/program files/atmel/avr tools/avr toolchain/bin/../lib/gcc/avr/4.6.2/../../../../avr/lib/avrxmega6\libc.a(ultoa_invert.o)
                0x000008e6                . = ALIGN (0x2)
 *(.text.*)
 .text.startup  0x000008e6      0x2c0 wiznetweb.o
                0x000008e6                main
 .text.libgcc   0x00000ba6        0x0 c:/program files/atmel/avr tools/avr toolchain/bin/../lib/gcc/avr/4.6.2/avrxmega6\libgcc.a(_exit.o)
 .text.libgcc   0x00000ba6        0x0 c:/program files/atmel/avr tools/avr toolchain/bin/../lib/gcc/avr/4.6.2/avrxmega6\libgcc.a(_copy_data.o)
 .text.libgcc   0x00000ba6        0x0 c:/program files/atmel/avr tools/avr toolchain/bin/../lib/gcc/avr/4.6.2/avrxmega6\libgcc.a(_clear_bss.o)
 .text.avr-libc
                0x00000ba6       0x16 c:/program files/atmel/avr tools/avr toolchain/bin/../lib/gcc/avr/4.6.2/../../../../avr/lib/avrxmega6\libc.a(strcat_P.o)
                0x00000ba6                strcat_P
 .text.avr-libc
                0x00000bbc        0xe c:/program files/atmel/avr tools/avr toolchain/bin/../lib/gcc/avr/4.6.2/../../../../avr/lib/avrxmega6\libc.a(strcpy_P.o)
                0x00000bbc                strcpy_P
 .text.avr-libc
                0x00000bca       0x16 c:/program files/atmel/avr tools/avr toolchain/bin/../lib/gcc/avr/4.6.2/../../../../avr/lib/avrxmega6\libc.a(strcat.o)
                0x00000bca                strcat
 .text.avr-libc
                0x00000be0        0xe c:/program files/atmel/avr tools/avr toolchain/bin/../lib/gcc/avr/4.6.2/../../../../avr/lib/avrxmega6\libc.a(strcpy.o)
                0x00000be0                strcpy
 .text.avr-libc
                0x00000bee       0x1c c:/program files/atmel/avr tools/avr toolchain/bin/../lib/gcc/avr/4.6.2/../../../../avr/lib/avrxmega6\libc.a(strncmp.o)
                0x00000bee                strncmp
 .text.avr-libc
                0x00000c0a       0x52 c:/program files/atmel/avr tools/avr toolchain/bin/../lib/gcc/avr/4.6.2/../../../../avr/lib/avrxmega6\libc.a(sprintf.o)
                0x00000c0a                sprintf
 .text.avr-libc
                0x00000c5c      0x402 c:/program files/atmel/avr tools/avr toolchain/bin/../lib/gcc/avr/4.6.2/../../../../avr/lib/avrxmega6\libc.a(vfprintf_std.o)
                0x00000c5c                vfprintf
 .text.avr-libc
                0x0000105e       0x16 c:/program files/atmel/avr tools/avr toolchain/bin/../lib/gcc/avr/4.6.2/../../../../avr/lib/avrxmega6\libc.a(strnlen_P.o)
                0x0000105e                strnlen_P
 .text.avr-libc
                0x00001074       0x16 c:/program files/atmel/avr tools/avr toolchain/bin/../lib/gcc/avr/4.6.2/../../../../avr/lib/avrxmega6\libc.a(strnlen.o)
                0x00001074                strnlen
 .text.avr-libc
                0x0000108a       0x58 c:/program files/atmel/avr tools/avr toolchain/bin/../lib/gcc/avr/4.6.2/../../../../avr/lib/avrxmega6\libc.a(fputc.o)
                0x0000108a                fputc
 .text.avr-libc
                0x000010e2       0xbc c:/program files/atmel/avr tools/avr toolchain/bin/../lib/gcc/avr/4.6.2/../../../../avr/lib/avrxmega6\libc.a(ultoa_invert.o)
                0x000010e2                __ultoa_invert
                0x0000119e                . = ALIGN (0x2)
 *(.fini9)
 .fini9         0x0000119e        0x0 c:/program files/atmel/avr tools/avr toolchain/bin/../lib/gcc/avr/4.6.2/avrxmega6\libgcc.a(_exit.o)
                0x0000119e                _exit
                0x0000119e                exit
 *(.fini9)
 *(.fini8)
 *(.fini8)
 *(.fini7)
 *(.fini7)
 *(.fini6)
 *(.fini6)
 *(.fini5)
 *(.fini5)
 *(.fini4)
 *(.fini4)
 *(.fini3)
 *(.fini3)
 *(.fini2)
 *(.fini2)
 *(.fini1)
 *(.fini1)
 *(.fini0)
 .fini0         0x0000119e        0x4 c:/program files/atmel/avr tools/avr toolchain/bin/../lib/gcc/avr/4.6.2/avrxmega6\libgcc.a(_exit.o)
 *(.fini0)
                0x000011a2                _etext = .

.data           0x00802000       0x22 load address 0x000011a2
                0x00802000                PROVIDE (__data_start, .)
 *(.data)
 .data          0x00802000        0x0 c:/program files/atmel/avr tools/avr toolchain/bin/../lib/gcc/avr/4.6.2/../../../../avr/lib/avrxmega6/crtx256a3bu.o
 .data          0x00802000       0x21 wiznetweb.o
 .data          0x00802021        0x0 c:/program files/atmel/avr tools/avr toolchain/bin/../lib/gcc/avr/4.6.2/avrxmega6\libgcc.a(_exit.o)
 .data          0x00802021        0x0 c:/program files/atmel/avr tools/avr toolchain/bin/../lib/gcc/avr/4.6.2/avrxmega6\libgcc.a(_copy_data.o)
 .data          0x00802021        0x0 c:/program files/atmel/avr tools/avr toolchain/bin/../lib/gcc/avr/4.6.2/avrxmega6\libgcc.a(_clear_bss.o)
 .data          0x00802021        0x0 c:/program files/atmel/avr tools/avr toolchain/bin/../lib/gcc/avr/4.6.2/../../../../avr/lib/avrxmega6\libc.a(strcat_P.o)
 .data          0x00802021        0x0 c:/program files/atmel/avr tools/avr toolchain/bin/../lib/gcc/avr/4.6.2/../../../../avr/lib/avrxmega6\libc.a(strcpy_P.o)
 .data          0x00802021        0x0 c:/program files/atmel/avr tools/avr toolchain/bin/../lib/gcc/avr/4.6.2/../../../../avr/lib/avrxmega6\libc.a(strcat.o)
 .data          0x00802021        0x0 c:/program files/atmel/avr tools/avr toolchain/bin/../lib/gcc/avr/4.6.2/../../../../avr/lib/avrxmega6\libc.a(strcpy.o)
 .data          0x00802021        0x0 c:/program files/atmel/avr tools/avr toolchain/bin/../lib/gcc/avr/4.6.2/../../../../avr/lib/avrxmega6\libc.a(strncmp.o)
 .data          0x00802021        0x0 c:/program files/atmel/avr tools/avr toolchain/bin/../lib/gcc/avr/4.6.2/../../../../avr/lib/avrxmega6\libc.a(sprintf.o)
 .data          0x00802021        0x0 c:/program files/atmel/avr tools/avr toolchain/bin/../lib/gcc/avr/4.6.2/../../../../avr/lib/avrxmega6\libc.a(vfprintf_std.o)
 .data          0x00802021        0x0 c:/program files/atmel/avr tools/avr toolchain/bin/../lib/gcc/avr/4.6.2/../../../../avr/lib/avrxmega6\libc.a(strnlen_P.o)
 .data          0x00802021        0x0 c:/program files/atmel/avr tools/avr toolchain/bin/../lib/gcc/avr/4.6.2/../../../../avr/lib/avrxmega6\libc.a(strnlen.o)
 .data          0x00802021        0x0 c:/program files/atmel/avr tools/avr toolchain/bin/../lib/gcc/avr/4.6.2/../../../../avr/lib/avrxmega6\libc.a(fputc.o)
 .data          0x00802021        0x0 c:/program files/atmel/avr tools/avr toolchain/bin/../lib/gcc/avr/4.6.2/../../../../avr/lib/avrxmega6\libc.a(ultoa_invert.o)
 *(.data*)
 *(.rodata)
 *(.rodata*)
 *(.gnu.linkonce.d*)
                0x00802022                . = ALIGN (0x2)
 *fill*         0x00802021        0x1 00
                0x00802022                _edata = .
                0x00802022                PROVIDE (__data_end, .)

.bss            0x00802022      0x206
                0x00802022                PROVIDE (__bss_start, .)
 *(.bss)
 .bss           0x00802022        0x0 c:/program files/atmel/avr tools/avr toolchain/bin/../lib/gcc/avr/4.6.2/../../../../avr/lib/avrxmega6/crtx256a3bu.o
 .bss           0x00802022        0x0 wiznetweb.o
 .bss           0x00802022        0x0 c:/program files/atmel/avr tools/avr toolchain/bin/../lib/gcc/avr/4.6.2/avrxmega6\libgcc.a(_exit.o)
 .bss           0x00802022        0x0 c:/program files/atmel/avr tools/avr toolchain/bin/../lib/gcc/avr/4.6.2/avrxmega6\libgcc.a(_copy_data.o)
 .bss           0x00802022        0x0 c:/program files/atmel/avr tools/avr toolchain/bin/../lib/gcc/avr/4.6.2/avrxmega6\libgcc.a(_clear_bss.o)
 .bss           0x00802022        0x0 c:/program files/atmel/avr tools/avr toolchain/bin/../lib/gcc/avr/4.6.2/../../../../avr/lib/avrxmega6\libc.a(strcat_P.o)
 .bss           0x00802022        0x0 c:/program files/atmel/avr tools/avr toolchain/bin/../lib/gcc/avr/4.6.2/../../../../avr/lib/avrxmega6\libc.a(strcpy_P.o)
 .bss           0x00802022        0x0 c:/program files/atmel/avr tools/avr toolchain/bin/../lib/gcc/avr/4.6.2/../../../../avr/lib/avrxmega6\libc.a(strcat.o)
 .bss           0x00802022        0x0 c:/program files/atmel/avr tools/avr toolchain/bin/../lib/gcc/avr/4.6.2/../../../../avr/lib/avrxmega6\libc.a(strcpy.o)
 .bss           0x00802022        0x0 c:/program files/atmel/avr tools/avr toolchain/bin/../lib/gcc/avr/4.6.2/../../../../avr/lib/avrxmega6\libc.a(strncmp.o)
 .bss           0x00802022        0x0 c:/program files/atmel/avr tools/avr toolchain/bin/../lib/gcc/avr/4.6.2/../../../../avr/lib/avrxmega6\libc.a(sprintf.o)
 .bss           0x00802022        0x0 c:/program files/atmel/avr tools/avr toolchain/bin/../lib/gcc/avr/4.6.2/../../../../avr/lib/avrxmega6\libc.a(vfprintf_std.o)
 .bss           0x00802022        0x0 c:/program files/atmel/avr tools/avr toolchain/bin/../lib/gcc/avr/4.6.2/../../../../avr/lib/avrxmega6\libc.a(strnlen_P.o)
 .bss           0x00802022        0x0 c:/program files/atmel/avr tools/avr toolchain/bin/../lib/gcc/avr/4.6.2/../../../../avr/lib/avrxmega6\libc.a(strnlen.o)
 .bss           0x00802022        0x0 c:/program files/atmel/avr tools/avr toolchain/bin/../lib/gcc/avr/4.6.2/../../../../avr/lib/avrxmega6\libc.a(fputc.o)
 .bss           0x00802022        0x0 c:/program files/atmel/avr tools/avr toolchain/bin/../lib/gcc/avr/4.6.2/../../../../avr/lib/avrxmega6\libc.a(ultoa_invert.o)
 *(.bss*)
 *(COMMON)
 COMMON         0x00802022      0x206 wiznetweb.o
                0x00802022                ledsign
                0x00802023                tempvalue
                0x00802025                sockreg
                0x00802026                buf
                0x00802226                ledmode
                0x00802227                ledeye
                0x00802228                PROVIDE (__bss_end, .)
                0x000011a2                __data_load_start = LOADADDR (.data)
                0x000011c4                __data_load_end = (__data_load_start + SIZEOF (.data))

.noinit         0x00802228        0x0
                0x00802228                PROVIDE (__noinit_start, .)
 *(.noinit*)
                0x00802228                PROVIDE (__noinit_end, .)
                0x00802228                _end = .
                0x00802228                PROVIDE (__heap_start, .)

.eeprom         0x00810000        0x0
 *(.eeprom*)
                0x00810000                __eeprom_end = .

.fuse
 *(.fuse)
 *(.lfuse)
 *(.hfuse)
 *(.efuse)

.lock
 *(.lock*)

.signature
 *(.signature*)

.stab           0x00000000      0xf6c
 *(.stab)
 .stab          0x00000000      0x6e4 c:/program files/atmel/avr tools/avr toolchain/bin/../lib/gcc/avr/4.6.2/../../../../avr/lib/avrxmega6/crtx256a3bu.o
 .stab          0x000006e4       0x9c c:/program files/atmel/avr tools/avr toolchain/bin/../lib/gcc/avr/4.6.2/../../../../avr/lib/avrxmega6\libc.a(strcat_P.o)
                                 0xa8 (size before relaxing)
 .stab          0x00000780       0x6c c:/program files/atmel/avr tools/avr toolchain/bin/../lib/gcc/avr/4.6.2/../../../../avr/lib/avrxmega6\libc.a(strcpy_P.o)
                                 0x78 (size before relaxing)
 .stab          0x000007ec       0x9c c:/program files/atmel/avr tools/avr toolchain/bin/../lib/gcc/avr/4.6.2/../../../../avr/lib/avrxmega6\libc.a(strcat.o)
                                 0xa8 (size before relaxing)
 .stab          0x00000888       0x6c c:/program files/atmel/avr tools/avr toolchain/bin/../lib/gcc/avr/4.6.2/../../../../avr/lib/avrxmega6\libc.a(strcpy.o)
                                 0x78 (size before relaxing)
 .stab          0x000008f4       0xc0 c:/program files/atmel/avr tools/avr toolchain/bin/../lib/gcc/avr/4.6.2/../../../../avr/lib/avrxmega6\libc.a(strncmp.o)
                                 0xcc (size before relaxing)
 .stab          0x000009b4       0x9c c:/program files/atmel/avr tools/avr toolchain/bin/../lib/gcc/avr/4.6.2/../../../../avr/lib/avrxmega6\libc.a(strnlen_P.o)
                                 0xa8 (size before relaxing)
 .stab          0x00000a50       0x9c c:/program files/atmel/avr tools/avr toolchain/bin/../lib/gcc/avr/4.6.2/../../../../avr/lib/avrxmega6\libc.a(strnlen.o)
                                 0xa8 (size before relaxing)
 .stab          0x00000aec      0x480 c:/program files/atmel/avr tools/avr toolchain/bin/../lib/gcc/avr/4.6.2/../../../../avr/lib/avrxmega6\libc.a(ultoa_invert.o)
                                0x48c (size before relaxing)

.stabstr        0x00000000      0x3a9
 *(.stabstr)
 .stabstr       0x00000000      0x3a9 c:/program files/atmel/avr tools/avr toolchain/bin/../lib/gcc/avr/4.6.2/../../../../avr/lib/avrxmega6/crtx256a3bu.o

.stab.excl
 *(.stab.excl)

.stab.exclstr
 *(.stab.exclstr)

.stab.index
 *(.stab.index)

.stab.indexstr
 *(.stab.indexstr)

.comment
 *(.comment)

.debug
 *(.debug)

.line
 *(.line)

.debug_srcinfo
 *(.debug_srcinfo)

.debug_sfnames
 *(.debug_sfnames)

.debug_aranges  0x00000000       0xe8
 *(.debug_aranges)
 .debug_aranges
                0x00000000       0x28 wiznetweb.o
 .debug_aranges
                0x00000028       0x20 c:/program files/atmel/avr tools/avr toolchain/bin/../lib/gcc/avr/4.6.2/avrxmega6\libgcc.a(_exit.o)
 .debug_aranges
                0x00000048       0x20 c:/program files/atmel/avr tools/avr toolchain/bin/../lib/gcc/avr/4.6.2/avrxmega6\libgcc.a(_copy_data.o)
 .debug_aranges
                0x00000068       0x20 c:/program files/atmel/avr tools/avr toolchain/bin/../lib/gcc/avr/4.6.2/avrxmega6\libgcc.a(_clear_bss.o)
 .debug_aranges
                0x00000088       0x20 c:/program files/atmel/avr tools/avr toolchain/bin/../lib/gcc/avr/4.6.2/../../../../avr/lib/avrxmega6\libc.a(sprintf.o)
 .debug_aranges
                0x000000a8       0x20 c:/program files/atmel/avr tools/avr toolchain/bin/../lib/gcc/avr/4.6.2/../../../../avr/lib/avrxmega6\libc.a(vfprintf_std.o)
 .debug_aranges
                0x000000c8       0x20 c:/program files/atmel/avr tools/avr toolchain/bin/../lib/gcc/avr/4.6.2/../../../../avr/lib/avrxmega6\libc.a(fputc.o)

.debug_pubnames
 *(.debug_pubnames)

.debug_info     0x00000000     0x1305
 *(.debug_info)
 .debug_info    0x00000000      0x9ff wiznetweb.o
 .debug_info    0x000009ff       0xe2 c:/program files/atmel/avr tools/avr toolchain/bin/../lib/gcc/avr/4.6.2/avrxmega6\libgcc.a(_exit.o)
 .debug_info    0x00000ae1       0xe2 c:/program files/atmel/avr tools/avr toolchain/bin/../lib/gcc/avr/4.6.2/avrxmega6\libgcc.a(_copy_data.o)
 .debug_info    0x00000bc3       0xe2 c:/program files/atmel/avr tools/avr toolchain/bin/../lib/gcc/avr/4.6.2/avrxmega6\libgcc.a(_clear_bss.o)
 .debug_info    0x00000ca5      0x1b7 c:/program files/atmel/avr tools/avr toolchain/bin/../lib/gcc/avr/4.6.2/../../../../avr/lib/avrxmega6\libc.a(sprintf.o)
 .debug_info    0x00000e5c      0x342 c:/program files/atmel/avr tools/avr toolchain/bin/../lib/gcc/avr/4.6.2/../../../../avr/lib/avrxmega6\libc.a(vfprintf_std.o)
 .debug_info    0x0000119e      0x167 c:/program files/atmel/avr tools/avr toolchain/bin/../lib/gcc/avr/4.6.2/../../../../avr/lib/avrxmega6\libc.a(fputc.o)
 *(.gnu.linkonce.wi.*)

.debug_abbrev   0x00000000      0x662
 *(.debug_abbrev)
 .debug_abbrev  0x00000000      0x2ef wiznetweb.o
 .debug_abbrev  0x000002ef       0x14 c:/program files/atmel/avr tools/avr toolchain/bin/../lib/gcc/avr/4.6.2/avrxmega6\libgcc.a(_exit.o)
 .debug_abbrev  0x00000303       0x14 c:/program files/atmel/avr tools/avr toolchain/bin/../lib/gcc/avr/4.6.2/avrxmega6\libgcc.a(_copy_data.o)
 .debug_abbrev  0x00000317       0x14 c:/program files/atmel/avr tools/avr toolchain/bin/../lib/gcc/avr/4.6.2/avrxmega6\libgcc.a(_clear_bss.o)
 .debug_abbrev  0x0000032b       0xfd c:/program files/atmel/avr tools/avr toolchain/bin/../lib/gcc/avr/4.6.2/../../../../avr/lib/avrxmega6\libc.a(sprintf.o)
 .debug_abbrev  0x00000428      0x161 c:/program files/atmel/avr tools/avr toolchain/bin/../lib/gcc/avr/4.6.2/../../../../avr/lib/avrxmega6\libc.a(vfprintf_std.o)
 .debug_abbrev  0x00000589       0xd9 c:/program files/atmel/avr tools/avr toolchain/bin/../lib/gcc/avr/4.6.2/../../../../avr/lib/avrxmega6\libc.a(fputc.o)

.debug_line     0x00000000      0x95b
 *(.debug_line)
 .debug_line    0x00000000      0x2e6 wiznetweb.o
 .debug_line    0x000002e6       0x88 c:/program files/atmel/avr tools/avr toolchain/bin/../lib/gcc/avr/4.6.2/avrxmega6\libgcc.a(_exit.o)
 .debug_line    0x0000036e       0x96 c:/program files/atmel/avr tools/avr toolchain/bin/../lib/gcc/avr/4.6.2/avrxmega6\libgcc.a(_copy_data.o)
 .debug_line    0x00000404       0x8e c:/program files/atmel/avr tools/avr toolchain/bin/../lib/gcc/avr/4.6.2/avrxmega6\libgcc.a(_clear_bss.o)
 .debug_line    0x00000492      0x157 c:/program files/atmel/avr tools/avr toolchain/bin/../lib/gcc/avr/4.6.2/../../../../avr/lib/avrxmega6\libc.a(sprintf.o)
 .debug_line    0x000005e9      0x291 c:/program files/atmel/avr tools/avr toolchain/bin/../lib/gcc/avr/4.6.2/../../../../avr/lib/avrxmega6\libc.a(vfprintf_std.o)
 .debug_line    0x0000087a       0xe1 c:/program files/atmel/avr tools/avr toolchain/bin/../lib/gcc/avr/4.6.2/../../../../avr/lib/avrxmega6\libc.a(fputc.o)

.debug_frame    0x00000000      0x294
 *(.debug_frame)
 .debug_frame   0x00000000      0x19c wiznetweb.o
 .debug_frame   0x0000019c       0x3c c:/program files/atmel/avr tools/avr toolchain/bin/../lib/gcc/avr/4.6.2/../../../../avr/lib/avrxmega6\libc.a(sprintf.o)
 .debug_frame   0x000001d8       0x84 c:/program files/atmel/avr tools/avr toolchain/bin/../lib/gcc/avr/4.6.2/../../../../avr/lib/avrxmega6\libc.a(vfprintf_std.o)
 .debug_frame   0x0000025c       0x38 c:/program files/atmel/avr tools/avr toolchain/bin/../lib/gcc/avr/4.6.2/../../../../avr/lib/avrxmega6\libc.a(fputc.o)

.debug_str      0x00000000      0x4a7
 *(.debug_str)
 .debug_str     0x00000000      0x319 wiznetweb.o
                                0x361 (size before relaxing)
 .debug_str     0x00000319       0x94 c:/program files/atmel/avr tools/avr toolchain/bin/../lib/gcc/avr/4.6.2/../../../../avr/lib/avrxmega6\libc.a(sprintf.o)
                                0x121 (size before relaxing)
 .debug_str     0x000003ad       0xa4 c:/program files/atmel/avr tools/avr toolchain/bin/../lib/gcc/avr/4.6.2/../../../../avr/lib/avrxmega6\libc.a(vfprintf_std.o)
                                0x16b (size before relaxing)
 .debug_str     0x00000451       0x56 c:/program files/atmel/avr tools/avr toolchain/bin/../lib/gcc/avr/4.6.2/../../../../avr/lib/avrxmega6\libc.a(fputc.o)
                                 0xfb (size before relaxing)

.debug_loc      0x00000000      0xf4c
 *(.debug_loc)
 .debug_loc     0x00000000      0x875 wiznetweb.o
 .debug_loc     0x00000875       0x55 c:/program files/atmel/avr tools/avr toolchain/bin/../lib/gcc/avr/4.6.2/../../../../avr/lib/avrxmega6\libc.a(sprintf.o)
 .debug_loc     0x000008ca      0x5e9 c:/program files/atmel/avr tools/avr toolchain/bin/../lib/gcc/avr/4.6.2/../../../../avr/lib/avrxmega6\libc.a(vfprintf_std.o)
 .debug_loc     0x00000eb3       0x99 c:/program files/atmel/avr tools/avr toolchain/bin/../lib/gcc/avr/4.6.2/../../../../avr/lib/avrxmega6\libc.a(fputc.o)

.debug_macinfo
 *(.debug_macinfo)
OUTPUT(wiznetweb.elf elf32-avr)
LOAD linker stubs

.debug_ranges   0x00000000       0x48
 .debug_ranges  0x00000000       0x18 wiznetweb.o
 .debug_ranges  0x00000018       0x10 c:/program files/atmel/avr tools/avr toolchain/bin/../lib/gcc/avr/4.6.2/../../../../avr/lib/avrxmega6\libc.a(sprintf.o)
 .debug_ranges  0x00000028       0x10 c:/program files/atmel/avr tools/avr toolchain/bin/../lib/gcc/avr/4.6.2/../../../../avr/lib/avrxmega6\libc.a(vfprintf_std.o)
 .debug_ranges  0x00000038       0x10 c:/program files/atmel/avr tools/avr toolchain/bin/../lib/gcc/avr/4.6.2/../../../../avr/lib/avrxmega6\libc.a(fputc.o)
